ARM Linker, 5.03 [Build 24] [MDK-ARM Standard]

==============================================================================

Section Cross References

    main.o(i.OutPutFile) refers to diskio.o(i.disk_initialize) for disk_initialize
    main.o(i.OutPutFile) refers to printf3.o(i.__0printf$3) for __2printf
    main.o(i.OutPutFile) refers to ff.o(i.f_mount) for f_mount
    main.o(i.OutPutFile) refers to ff.o(i.f_opendir) for f_opendir
    main.o(i.OutPutFile) refers to ff.o(i.f_open) for f_open
    main.o(i.OutPutFile) refers to ff.o(i.f_read) for f_read
    main.o(i.OutPutFile) refers to ff.o(i.f_close) for f_close
    main.o(i.OutPutFile) refers to ff.o(i.f_readdir) for f_readdir
    main.o(i.OutPutFile) refers to ff.o(i.f_unlink) for f_unlink
    main.o(i.OutPutFile) refers to ff.o(i.f_write) for f_write
    main.o(i.OutPutFile) refers to main.o(.bss) for fs
    main.o(i.OutPutFile) refers to main.o(.data) for br
    main.o(i.main) refers to system_stm32f4xx.o(i.SystemInit) for SystemInit
    main.o(i.main) refers to delay.o(i.SysTick_Init) for SysTick_Init
    main.o(i.main) refers to usart.o(i.USART1_Conf) for USART1_Conf
    main.o(i.main) refers to sdcard.o(i.SD_Init) for SD_Init
    main.o(i.main) refers to delay.o(i.delay_nms) for delay_nms
    main.o(i.main) refers to printf3.o(i.__0printf$3) for __2printf
    main.o(i.main) refers to ff.o(i.f_mount) for f_mount
    main.o(i.main) refers to ff.o(i.f_opendir) for f_opendir
    main.o(i.main) refers to ff.o(i.f_readdir) for f_readdir
    main.o(i.main) refers to main.o(i.OutPutFile) for OutPutFile
    main.o(i.main) refers to sdcard.o(.bss) for SDCardInfo
    stm32f4xx_it.o(i.DMA2_Stream3_IRQHandler) refers to sdcard.o(i.SD_ProcessDMAIRQ) for SD_ProcessDMAIRQ
    stm32f4xx_it.o(i.SDIO_IRQHandler) refers to sdcard.o(i.SD_ProcessIRQSrc) for SD_ProcessIRQSrc
    stm32f4xx_it.o(i.SysTick_Handler) refers to delay.o(i.TimeTick_Decrement) for TimeTick_Decrement
    delay.o(i.SysTick_Init) refers to system_stm32f4xx.o(.data) for SystemCoreClock
    delay.o(i.TimeTick_Decrement) refers to delay.o(.data) for TimingDelay
    delay.o(i.delay_1ms) refers to delay.o(.data) for TimingDelay
    delay.o(i.delay_nms) refers to delay.o(i.delay_1ms) for delay_1ms
    delay.o(i.delay_nus) refers to delay.o(.data) for TimingDelay
    usart.o(i.USART1_Conf) refers to stm32f4xx_rcc.o(i.RCC_AHB1PeriphClockCmd) for RCC_AHB1PeriphClockCmd
    usart.o(i.USART1_Conf) refers to stm32f4xx_gpio.o(i.GPIO_PinAFConfig) for GPIO_PinAFConfig
    usart.o(i.USART1_Conf) refers to stm32f4xx_rcc.o(i.RCC_APB2PeriphClockCmd) for RCC_APB2PeriphClockCmd
    usart.o(i.USART1_Conf) refers to stm32f4xx_gpio.o(i.GPIO_Init) for GPIO_Init
    usart.o(i.USART1_Conf) refers to stm32f4xx_usart.o(i.USART_Init) for USART_Init
    usart.o(i.USART1_Conf) refers to stm32f4xx_usart.o(i.USART_Cmd) for USART_Cmd
    usart.o(i.fputc) refers to stm32f4xx_usart.o(i.USART_SendData) for USART_SendData
    usart.o(i.fputc) refers to stm32f4xx_usart.o(i.USART_GetFlagStatus) for USART_GetFlagStatus
    sdcard.o(i.CmdError) refers to stm32f4xx_sdio.o(i.SDIO_GetFlagStatus) for SDIO_GetFlagStatus
    sdcard.o(i.CmdError) refers to stm32f4xx_sdio.o(i.SDIO_ClearFlag) for SDIO_ClearFlag
    sdcard.o(i.CmdResp1Error) refers to stm32f4xx_sdio.o(i.SDIO_ClearFlag) for SDIO_ClearFlag
    sdcard.o(i.CmdResp1Error) refers to stm32f4xx_sdio.o(i.SDIO_GetCommandResponse) for SDIO_GetCommandResponse
    sdcard.o(i.CmdResp1Error) refers to stm32f4xx_sdio.o(i.SDIO_GetResponse) for SDIO_GetResponse
    sdcard.o(i.CmdResp2Error) refers to stm32f4xx_sdio.o(i.SDIO_ClearFlag) for SDIO_ClearFlag
    sdcard.o(i.CmdResp3Error) refers to stm32f4xx_sdio.o(i.SDIO_ClearFlag) for SDIO_ClearFlag
    sdcard.o(i.CmdResp6Error) refers to stm32f4xx_sdio.o(i.SDIO_ClearFlag) for SDIO_ClearFlag
    sdcard.o(i.CmdResp6Error) refers to stm32f4xx_sdio.o(i.SDIO_GetCommandResponse) for SDIO_GetCommandResponse
    sdcard.o(i.CmdResp6Error) refers to stm32f4xx_sdio.o(i.SDIO_GetResponse) for SDIO_GetResponse
    sdcard.o(i.CmdResp7Error) refers to stm32f4xx_sdio.o(i.SDIO_ClearFlag) for SDIO_ClearFlag
    sdcard.o(i.FindSCR) refers to stm32f4xx_sdio.o(i.SDIO_SendCommand) for SDIO_SendCommand
    sdcard.o(i.FindSCR) refers to sdcard.o(i.CmdResp1Error) for CmdResp1Error
    sdcard.o(i.FindSCR) refers to stm32f4xx_sdio.o(i.SDIO_DataConfig) for SDIO_DataConfig
    sdcard.o(i.FindSCR) refers to stm32f4xx_sdio.o(i.SDIO_GetFlagStatus) for SDIO_GetFlagStatus
    sdcard.o(i.FindSCR) refers to stm32f4xx_sdio.o(i.SDIO_ReadData) for SDIO_ReadData
    sdcard.o(i.FindSCR) refers to stm32f4xx_sdio.o(i.SDIO_ClearFlag) for SDIO_ClearFlag
    sdcard.o(i.FindSCR) refers to sdcard.o(.bss) for SDIO_CmdInitStructure
    sdcard.o(i.FindSCR) refers to sdcard.o(.data) for RCA
    sdcard.o(i.IsCardProgramming) refers to stm32f4xx_sdio.o(i.SDIO_SendCommand) for SDIO_SendCommand
    sdcard.o(i.IsCardProgramming) refers to stm32f4xx_sdio.o(i.SDIO_ClearFlag) for SDIO_ClearFlag
[...]
    printf6.o(i.__0printf$6) refers to stdout.o(.data) for __stdout
    printf6.o(i.__0snprintf$6) refers to printf6.o(i._printf_core) for _printf_core
    printf6.o(i.__0snprintf$6) refers to printf6.o(i._snputc) for _snputc
    printf6.o(i.__0sprintf$6) refers to printf6.o(i._printf_core) for _printf_core
    printf6.o(i.__0sprintf$6) refers to printf6.o(i._sputc) for _sputc
    printf6.o(i.__0vfprintf$6) refers to printf6.o(i._printf_core) for _printf_core
    printf6.o(i.__0vfprintf$6) refers to usart.o(i.fputc) for fputc
    printf6.o(i.__0vprintf$6) refers to printf6.o(i._printf_core) for _printf_core
    printf6.o(i.__0vprintf$6) refers to usart.o(i.fputc) for fputc
    printf6.o(i.__0vprintf$6) refers to stdout.o(.data) for __stdout
    printf6.o(i.__0vsnprintf$6) refers to printf6.o(i._printf_core) for _printf_core
    printf6.o(i.__0vsnprintf$6) refers to printf6.o(i._snputc) for _snputc
    printf6.o(i.__0vsprintf$6) refers to printf6.o(i._printf_core) for _printf_core
    printf6.o(i.__0vsprintf$6) refers to printf6.o(i._sputc) for _sputc
    printf6.o(i._printf_core) refers to printf6.o(i._printf_pre_padding) for _printf_pre_padding
    printf6.o(i._printf_core) refers to uidiv.o(.text) for __aeabi_uidivmod
    printf6.o(i._printf_core) refers to printf6.o(i._printf_post_padding) for _printf_post_padding
    printf7.o(i.__0fprintf$7) refers to printf7.o(i._printf_core) for _printf_core
    printf7.o(i.__0fprintf$7) refers to usart.o(i.fputc) for fputc
    printf7.o(i.__0printf$7) refers to printf7.o(i._printf_core) for _printf_core
    printf7.o(i.__0printf$7) refers to usart.o(i.fputc) for fputc
    printf7.o(i.__0printf$7) refers to stdout.o(.data) for __stdout
    printf7.o(i.__0snprintf$7) refers to printf7.o(i._printf_core) for _printf_core
    printf7.o(i.__0snprintf$7) refers to printf7.o(i._snputc) for _snputc
    printf7.o(i.__0sprintf$7) refers to printf7.o(i._printf_core) for _printf_core
    printf7.o(i.__0sprintf$7) refers to printf7.o(i._sputc) for _sputc
    printf7.o(i.__0vfprintf$7) refers to printf7.o(i._printf_core) for _printf_core
    printf7.o(i.__0vfprintf$7) refers to usart.o(i.fputc) for fputc
    printf7.o(i.__0vprintf$7) refers to printf7.o(i._printf_core) for _printf_core
    printf7.o(i.__0vprintf$7) refers to usart.o(i.fputc) for fputc
    printf7.o(i.__0vprintf$7) refers to stdout.o(.data) for __stdout
    printf7.o(i.__0vsnprintf$7) refers to printf7.o(i._printf_core) for _printf_core
    printf7.o(i.__0vsnprintf$7) refers to printf7.o(i._snputc) for _snputc
    printf7.o(i.__0vsprintf$7) refers to printf7.o(i._printf_core) for _printf_core
    printf7.o(i.__0vsprintf$7) refers to printf7.o(i._sputc) for _sputc
    printf7.o(i._printf_core) refers to printf7.o(i._printf_pre_padding) for _printf_pre_padding
    printf7.o(i._printf_core) refers to uldiv.o(.text) for __aeabi_uldivmod
    printf7.o(i._printf_core) refers to printf7.o(i._printf_post_padding) for _printf_post_padding
    printf8.o(i.__0fprintf$8) refers to printf8.o(i._printf_core) for _printf_core
    printf8.o(i.__0fprintf$8) refers to usart.o(i.fputc) for fputc
    printf8.o(i.__0printf$8) refers to printf8.o(i._printf_core) for _printf_core
    printf8.o(i.__0printf$8) refers to usart.o(i.fputc) for fputc
    printf8.o(i.__0printf$8) refers to stdout.o(.data) for __stdout
    printf8.o(i.__0snprintf$8) refers to printf8.o(i._printf_core) for _printf_core
    printf8.o(i.__0snprintf$8) refers to printf8.o(i._snputc) for _snputc
    printf8.o(i.__0sprintf$8) refers to printf8.o(i._printf_core) for _printf_core
    printf8.o(i.__0sprintf$8) refers to printf8.o(i._sputc) for _sputc
    printf8.o(i.__0vfprintf$8) refers to printf8.o(i._printf_core) for _printf_core
    printf8.o(i.__0vfprintf$8) refers to usart.o(i.fputc) for fputc
    printf8.o(i.__0vprintf$8) refers to printf8.o(i._printf_core) for _printf_core
    printf8.o(i.__0vprintf$8) refers to usart.o(i.fputc) for fputc
    printf8.o(i.__0vprintf$8) refers to stdout.o(.data) for __stdout
    printf8.o(i.__0vsnprintf$8) refers to printf8.o(i._printf_core) for _printf_core
    printf8.o(i.__0vsnprintf$8) refers to printf8.o(i._snputc) for _snputc
    printf8.o(i.__0vsprintf$8) refers to printf8.o(i._printf_core) for _printf_core
    printf8.o(i.__0vsprintf$8) refers to printf8.o(i._sputc) for _sputc
    printf8.o(i._printf_core) refers to printf8.o(i._printf_pre_padding) for _printf_pre_padding
    printf8.o(i._printf_core) refers to uldiv.o(.text) for __aeabi_uldivmod
    printf8.o(i._printf_core) refers to printf8.o(i._printf_post_padding) for _printf_post_padding
    printfa.o(i.__0fprintf) refers (Special) to iusefp.o(.text) for __I$use$fp
    printfa.o(i.__0fprintf) refers to printfa.o(i._printf_core) for _printf_core
    printfa.o(i.__0fprintf) refers to usart.o(i.fputc) for fputc
    printfa.o(i.__0printf) refers (Special) to iusefp.o(.text) for __I$use$fp
    printfa.o(i.__0printf) refers to printfa.o(i._printf_core) for _printf_core
    printfa.o(i.__0printf) refers to usart.o(i.fputc) for fputc
    printfa.o(i.__0printf) refers to stdout.o(.data) for __stdout
    printfa.o(i.__0snprintf) refers (Special) to iusefp.o(.text) for __I$use$fp
    printfa.o(i.__0snprintf) refers to printfa.o(i._printf_core) for _printf_core
    printfa.o(i.__0snprintf) refers to printfa.o(i._snputc) for _snputc
    printfa.o(i.__0sprintf) refers (Special) to iusefp.o(.text) for __I$use$fp
    printfa.o(i.__0sprintf) refers to printfa.o(i._printf_core) for _printf_core
    printfa.o(i.__0sprintf) refers to printfa.o(i._sputc) for _sputc
    printfa.o(i.__0vfprintf) refers (Special) to iusefp.o(.text) for __I$use$fp
    printfa.o(i.__0vfprintf) refers to printfa.o(i._printf_core) for _printf_core
    printfa.o(i.__0vfprintf) refers to usart.o(i.fputc) for fputc
    printfa.o(i.__0vprintf) refers (Special) to iusefp.o(.text) for __I$use$fp
    printfa.o(i.__0vprintf) refers to printfa.o(i._printf_core) for _printf_core
    printfa.o(i.__0vprintf) refers to usart.o(i.fputc) for fputc
    printfa.o(i.__0vprintf) refers to stdout.o(.data) for __stdout
    printfa.o(i.__0vsnprintf) refers (Special) to iusefp.o(.text) for __I$use$fp
    printfa.o(i.__0vsnprintf) refers to printfa.o(i._printf_core) for _printf_core
    printfa.o(i.__0vsnprintf) refers to printfa.o(i._snputc) for _snputc
    printfa.o(i.__0vsprintf) refers (Special) to iusefp.o(.text) for __I$use$fp
    printfa.o(i.__0vsprintf) refers to printfa.o(i._printf_core) for _printf_core
    printfa.o(i.__0vsprintf) refers to printfa.o(i._sputc) for _sputc
    printfa.o(i._fp_digits) refers (Special) to iusefp.o(.text) for __I$use$fp
    printfa.o(i._fp_digits) refers to dmul.o(.text) for __aeabi_dmul
    printfa.o(i._fp_digits) refers to ddiv.o(.text) for __aeabi_ddiv
    printfa.o(i._fp_digits) refers to cdrcmple.o(.text) for __aeabi_cdrcmple
    printfa.o(i._fp_digits) refers to dadd.o(.text) for __aeabi_dadd
    printfa.o(i._fp_digits) refers to dfixul.o(.text) for __aeabi_d2ulz
    printfa.o(i._fp_digits) refers to uldiv.o(.text) for __aeabi_uldivmod
    printfa.o(i._printf_core) refers (Special) to iusefp.o(.text) for __I$use$fp
    printfa.o(i._printf_core) refers to printfa.o(i._printf_pre_padding) for _printf_pre_padding
    printfa.o(i._printf_core) refers to uldiv.o(.text) for __aeabi_uldivmod
    printfa.o(i._printf_core) refers to printfa.o(i._printf_post_padding) for _printf_post_padding
    printfa.o(i._printf_core) refers to printfa.o(i._fp_digits) for _fp_digits
    printfa.o(i._printf_core) refers to uidiv.o(.text) for __aeabi_uidivmod
    printfa.o(i._printf_post_padding) refers (Special) to iusefp.o(.text) for __I$use$fp
    printfa.o(i._printf_pre_padding) refers (Special) to iusefp.o(.text) for __I$use$fp
    printfa.o(i._snputc) refers (Special) to iusefp.o(.text) for __I$use$fp
    printfa.o(i._sputc) refers (Special) to iusefp.o(.text) for __I$use$fp
    entry2.o(.ARM.Collect$$$$00000001) refers to entry2.o(.ARM.Collect$$$$00002712) for __lit__00000000
    entry2.o(.ARM.Collect$$$$00002712) refers to startup_stm32f4xx.o(STACK) for __initial_sp
    entry2.o(__vectab_stack_and_reset_area) refers to startup_stm32f4xx.o(STACK) for __initial_sp
    entry2.o(__vectab_stack_and_reset_area) refers to entry.o(.ARM.Collect$$$$00000000) for __main
    entry5.o(.ARM.Collect$$$$00000004) refers to init.o(.text) for __scatterload
    entry9a.o(.ARM.Collect$$$$0000000B) refers to main.o(i.main) for main
    entry9b.o(.ARM.Collect$$$$0000000C) refers to main.o(i.main) for main
    uldiv.o(.text) refers to llushr.o(.text) for __aeabi_llsr
    uldiv.o(.text) refers to llshl.o(.text) for __aeabi_llsl
    dadd.o(.text) refers to llshl.o(.text) for __aeabi_llsl
    dadd.o(.text) refers to llsshr.o(.text) for __aeabi_lasr
    dadd.o(.text) refers to depilogue.o(.text) for _double_epilogue
    dmul.o(.text) refers to depilogue.o(.text) for _double_epilogue
    ddiv.o(.text) refers to depilogue.o(.text) for _double_round
    dfixul.o(.text) refers to llushr.o(.text) for __aeabi_llsr
    dfixul.o(.text) refers to llshl.o(.text) for __aeabi_llsl
    init.o(.text) refers to entry5.o(.ARM.Collect$$$$00000004) for __main_after_scatterload
    depilogue.o(.text) refers to llshl.o(.text) for __aeabi_llsl
    depilogue.o(.text) refers to llushr.o(.text) for __aeabi_llsr


==============================================================================

Removing Unused input sections from the image.

    Removing main.o(.emb_text), (8 bytes).
    Removing stm32f4xx_it.o(.emb_text), (8 bytes).
    Removing delay.o(.emb_text), (8 bytes).
    Removing delay.o(i.delay_nus), (20 bytes).
    Removing usart.o(.emb_text), (8 bytes).
    Removing sdcard.o(.emb_text), (8 bytes).
    Removing sdcard.o(i.IsCardProgramming), (412 bytes).
    Removing sdcard.o(i.SD_DeInit), (8 bytes).
    Removing sdcard.o(i.SD_Erase), (320 bytes).
    Removing sdcard.o(i.SD_GetCardStatus), (160 bytes).
    Removing sdcard.o(i.SD_GetTransferState), (24 bytes).
    Removing sdcard.o(i.SD_LowLevel_DeInit), (148 bytes).
    Removing sdcard.o(i.SD_PowerOFF), (14 bytes).
    Removing sdcard.o(i.SD_SendSDStatus), (384 bytes).
    Removing sdcard.o(i.SD_WaitWriteOperation), (124 bytes).
    Removing sdcard.o(i.convert_from_bytes_to_power_of_two), (18 bytes).
    Removing misc.o(.emb_text), (8 bytes).
    Removing misc.o(i.NVIC_SetVectorTable), (20 bytes).
    Removing misc.o(i.NVIC_SystemLPConfig), (32 bytes).
    Removing misc.o(i.SysTick_CLKSourceConfig), (40 bytes).
    Removing stm32f4xx_exti.o(.emb_text), (8 bytes).
    Removing stm32f4xx_exti.o(i.EXTI_ClearFlag), (12 bytes).
    Removing stm32f4xx_exti.o(i.EXTI_ClearITPendingBit), (12 bytes).
    Removing stm32f4xx_exti.o(i.EXTI_DeInit), (36 bytes).
    Removing stm32f4xx_exti.o(i.EXTI_GenerateSWInterrupt), (16 bytes).
    Removing stm32f4xx_exti.o(i.EXTI_GetFlagStatus), (24 bytes).
    Removing stm32f4xx_exti.o(i.EXTI_GetITStatus), (40 bytes).
    Removing stm32f4xx_exti.o(i.EXTI_Init), (148 bytes).
    Removing stm32f4xx_exti.o(i.EXTI_StructInit), (16 bytes).
    Removing stm32f4xx_fsmc.o(.emb_text), (8 bytes).
    Removing stm32f4xx_fsmc.o(i.FSMC_ClearFlag), (72 bytes).
    Removing stm32f4xx_fsmc.o(i.FSMC_ClearITPendingBit), (72 bytes).
    Removing stm32f4xx_fsmc.o(i.FSMC_GetECC), (28 bytes).
    Removing stm32f4xx_fsmc.o(i.FSMC_GetFlagStatus), (56 bytes).
    Removing stm32f4xx_fsmc.o(i.FSMC_GetITStatus), (68 bytes).
    Removing stm32f4xx_fsmc.o(i.FSMC_ITConfig), (136 bytes).
    Removing stm32f4xx_fsmc.o(i.FSMC_NANDCmd), (92 bytes).
    Removing stm32f4xx_fsmc.o(i.FSMC_NANDDeInit), (72 bytes).
    Removing stm32f4xx_fsmc.o(i.FSMC_NANDECCCmd), (92 bytes).
    Removing stm32f4xx_fsmc.o(i.FSMC_NANDInit), (140 bytes).
    Removing stm32f4xx_fsmc.o(i.FSMC_NANDStructInit), (54 bytes).
    Removing stm32f4xx_fsmc.o(i.FSMC_NORSRAMCmd), (52 bytes).
    Removing stm32f4xx_fsmc.o(i.FSMC_NORSRAMDeInit), (56 bytes).
    Removing stm32f4xx_fsmc.o(i.FSMC_NORSRAMInit), (224 bytes).
    Removing stm32f4xx_fsmc.o(i.FSMC_NORSRAMStructInit), (114 bytes).
    Removing stm32f4xx_fsmc.o(i.FSMC_PCCARDCmd), (48 bytes).
    Removing stm32f4xx_fsmc.o(i.FSMC_PCCARDDeInit), (48 bytes).
    Removing stm32f4xx_fsmc.o(i.FSMC_PCCARDInit), (136 bytes).
    Removing stm32f4xx_fsmc.o(i.FSMC_PCCARDStructInit), (60 bytes).
    Removing stm32f4xx_gpio.o(.emb_text), (8 bytes).
    Removing stm32f4xx_gpio.o(i.GPIO_DeInit), (256 bytes).
    Removing stm32f4xx_gpio.o(i.GPIO_PinLockConfig), (34 bytes).
    Removing stm32f4xx_gpio.o(i.GPIO_ReadInputData), (8 bytes).
    Removing stm32f4xx_gpio.o(i.GPIO_ReadInputDataBit), (18 bytes).
    Removing stm32f4xx_gpio.o(i.GPIO_ReadOutputData), (8 bytes).
    Removing stm32f4xx_gpio.o(i.GPIO_ReadOutputDataBit), (18 bytes).
    Removing stm32f4xx_gpio.o(i.GPIO_ResetBits), (4 bytes).
    Removing stm32f4xx_gpio.o(i.GPIO_SetBits), (4 bytes).
    Removing stm32f4xx_gpio.o(i.GPIO_StructInit), (18 bytes).
    Removing stm32f4xx_gpio.o(i.GPIO_ToggleBits), (8 bytes).
    Removing stm32f4xx_gpio.o(i.GPIO_Write), (4 bytes).
    Removing stm32f4xx_gpio.o(i.GPIO_WriteBit), (10 bytes).
    Removing stm32f4xx_usart.o(.emb_text), (8 bytes).
    Removing stm32f4xx_usart.o(i.USART_ClearFlag), (18 bytes).
    Removing stm32f4xx_usart.o(i.USART_ClearITPendingBit), (30 bytes).
    Removing stm32f4xx_usart.o(i.USART_ClockInit), (32 bytes).
    Removing stm32f4xx_usart.o(i.USART_ClockStructInit), (12 bytes).
    Removing stm32f4xx_usart.o(i.USART_DMACmd), (18 bytes).
    Removing stm32f4xx_usart.o(i.USART_DeInit), (180 bytes).
    Removing stm32f4xx_usart.o(i.USART_GetITStatus), (84 bytes).
    Removing stm32f4xx_usart.o(i.USART_HalfDuplexCmd), (24 bytes).
    Removing stm32f4xx_usart.o(i.USART_ITConfig), (74 bytes).
    Removing stm32f4xx_usart.o(i.USART_IrDACmd), (24 bytes).
    Removing stm32f4xx_usart.o(i.USART_IrDAConfig), (18 bytes).
    Removing stm32f4xx_usart.o(i.USART_LINBreakDetectLengthConfig), (18 bytes).
    Removing stm32f4xx_usart.o(i.USART_LINCmd), (24 bytes).
    Removing stm32f4xx_usart.o(i.USART_OneBitMethodCmd), (24 bytes).
    Removing stm32f4xx_usart.o(i.USART_OverSampling8Cmd), (22 bytes).
    Removing stm32f4xx_usart.o(i.USART_ReceiveData), (10 bytes).
    Removing stm32f4xx_usart.o(i.USART_ReceiverWakeUpCmd), (24 bytes).
    Removing stm32f4xx_usart.o(i.USART_SendBreak), (10 bytes).
    Removing stm32f4xx_usart.o(i.USART_SetAddress), (18 bytes).
    Removing stm32f4xx_usart.o(i.USART_SetGuardTime), (16 bytes).
    Removing stm32f4xx_usart.o(i.USART_SetPrescaler), (16 bytes).
    Removing stm32f4xx_usart.o(i.USART_SmartCardCmd), (24 bytes).
    Removing stm32f4xx_usart.o(i.USART_SmartCardNACKCmd), (24 bytes).
    Removing stm32f4xx_usart.o(i.USART_StructInit), (24 bytes).
    Removing stm32f4xx_usart.o(i.USART_WakeUpConfig), (18 bytes).
    Removing stm32f4xx_rcc.o(.emb_text), (8 bytes).
    Removing stm32f4xx_rcc.o(i.RCC_AHB1PeriphClockLPModeCmd), (32 bytes).
    Removing stm32f4xx_rcc.o(i.RCC_AHB1PeriphResetCmd), (32 bytes).
    Removing stm32f4xx_rcc.o(i.RCC_AHB2PeriphClockCmd), (32 bytes).
    Removing stm32f4xx_rcc.o(i.RCC_AHB2PeriphClockLPModeCmd), (32 bytes).
    Removing stm32f4xx_rcc.o(i.RCC_AHB2PeriphResetCmd), (32 bytes).
    Removing stm32f4xx_rcc.o(i.RCC_AHB3PeriphClockCmd), (32 bytes).
    Removing stm32f4xx_rcc.o(i.RCC_AHB3PeriphClockLPModeCmd), (32 bytes).
    Removing stm32f4xx_rcc.o(i.RCC_AHB3PeriphResetCmd), (32 bytes).
    Removing stm32f4xx_rcc.o(i.RCC_APB1PeriphClockCmd), (32 bytes).
    Removing stm32f4xx_rcc.o(i.RCC_APB1PeriphClockLPModeCmd), (32 bytes).
    Removing stm32f4xx_rcc.o(i.RCC_APB1PeriphResetCmd), (32 bytes).
    Removing stm32f4xx_rcc.o(i.RCC_APB2PeriphClockLPModeCmd), (32 bytes).
    Removing stm32f4xx_rcc.o(i.RCC_AdjustHSICalibrationValue), (24 bytes).
    Removing stm32f4xx_rcc.o(i.RCC_BackupResetCmd), (12 bytes).
    Removing stm32f4xx_rcc.o(i.RCC_ClearFlag), (20 bytes).
    Removing stm32f4xx_rcc.o(i.RCC_ClearITPendingBit), (12 bytes).
    Removing stm32f4xx_rcc.o(i.RCC_ClockSecuritySystemCmd), (12 bytes).
    Removing stm32f4xx_rcc.o(i.RCC_DeInit), (72 bytes).
    Removing stm32f4xx_rcc.o(i.RCC_GetFlagStatus), (64 bytes).
    Removing stm32f4xx_rcc.o(i.RCC_GetITStatus), (24 bytes).
    Removing stm32f4xx_rcc.o(i.RCC_GetSYSCLKSource), (16 bytes).
    Removing stm32f4xx_rcc.o(i.RCC_HCLKConfig), (24 bytes).
    Removing stm32f4xx_rcc.o(i.RCC_HSEConfig), (16 bytes).
    Removing stm32f4xx_rcc.o(i.RCC_HSICmd), (12 bytes).
    Removing stm32f4xx_rcc.o(i.RCC_I2SCLKConfig), (12 bytes).
    Removing stm32f4xx_rcc.o(i.RCC_ITConfig), (32 bytes).
    Removing stm32f4xx_rcc.o(i.RCC_LSEConfig), (44 bytes).
    Removing stm32f4xx_rcc.o(i.RCC_LSICmd), (12 bytes).
    Removing stm32f4xx_rcc.o(i.RCC_MCO1Config), (28 bytes).
    Removing stm32f4xx_rcc.o(i.RCC_MCO2Config), (28 bytes).
    Removing stm32f4xx_rcc.o(i.RCC_PCLK1Config), (24 bytes).
    Removing stm32f4xx_rcc.o(i.RCC_PCLK2Config), (24 bytes).
    Removing stm32f4xx_rcc.o(i.RCC_PLLCmd), (12 bytes).
    Removing stm32f4xx_rcc.o(i.RCC_PLLConfig), (36 bytes).
    Removing stm32f4xx_rcc.o(i.RCC_PLLI2SCmd), (12 bytes).
    Removing stm32f4xx_rcc.o(i.RCC_PLLI2SConfig), (16 bytes).
    Removing stm32f4xx_rcc.o(i.RCC_RTCCLKCmd), (12 bytes).
    Removing stm32f4xx_rcc.o(i.RCC_RTCCLKConfig), (60 bytes).
    Removing stm32f4xx_rcc.o(i.RCC_SYSCLKConfig), (24 bytes).
    Removing stm32f4xx_rcc.o(i.RCC_WaitForHSEStartUp), (56 bytes).
    Removing stm32f4xx_spi.o(.emb_text), (8 bytes).
    Removing stm32f4xx_spi.o(i.I2S_Cmd), (24 bytes).
    Removing stm32f4xx_spi.o(i.I2S_FullDuplexConfig), (80 bytes).
    Removing stm32f4xx_spi.o(i.I2S_Init), (356 bytes).
    Removing stm32f4xx_spi.o(i.I2S_StructInit), (20 bytes).
    Removing stm32f4xx_spi.o(i.SPI_BiDirectionalLineConfig), (28 bytes).
    Removing stm32f4xx_spi.o(i.SPI_CalculateCRC), (24 bytes).
    Removing stm32f4xx_spi.o(i.SPI_Cmd), (24 bytes).
    Removing stm32f4xx_spi.o(i.SPI_DataSizeConfig), (18 bytes).
    Removing stm32f4xx_spi.o(i.SPI_GetCRC), (16 bytes).
    Removing stm32f4xx_spi.o(i.SPI_GetCRCPolynomial), (6 bytes).
    Removing stm32f4xx_spi.o(i.SPI_I2S_ClearFlag), (6 bytes).
    Removing stm32f4xx_spi.o(i.SPI_I2S_ClearITPendingBit), (20 bytes).
    Removing stm32f4xx_spi.o(i.SPI_I2S_DMACmd), (18 bytes).
    Removing stm32f4xx_spi.o(i.SPI_I2S_DeInit), (88 bytes).
    Removing stm32f4xx_spi.o(i.SPI_I2S_GetFlagStatus), (18 bytes).
    Removing stm32f4xx_spi.o(i.SPI_I2S_GetITStatus), (52 bytes).
    Removing stm32f4xx_spi.o(i.SPI_I2S_ITConfig), (32 bytes).
    Removing stm32f4xx_spi.o(i.SPI_I2S_ReceiveData), (6 bytes).
    Removing stm32f4xx_spi.o(i.SPI_I2S_SendData), (4 bytes).
    Removing stm32f4xx_spi.o(i.SPI_Init), (60 bytes).
    Removing stm32f4xx_spi.o(i.SPI_NSSInternalSoftwareConfig), (30 bytes).
    Removing stm32f4xx_spi.o(i.SPI_SSOutputCmd), (24 bytes).
    Removing stm32f4xx_spi.o(i.SPI_StructInit), (24 bytes).
    Removing stm32f4xx_spi.o(i.SPI_TIModeCmd), (24 bytes).
    Removing stm32f4xx_spi.o(i.SPI_TransmitCRC), (10 bytes).
    Removing stm32f4xx_sdio.o(.emb_text), (8 bytes).
    Removing stm32f4xx_sdio.o(i.SDIO_CEATAITCmd), (16 bytes).
    Removing stm32f4xx_sdio.o(i.SDIO_CmdStructInit), (14 bytes).
    Removing stm32f4xx_sdio.o(i.SDIO_CommandCompletionCmd), (12 bytes).
    Removing stm32f4xx_sdio.o(i.SDIO_DataStructInit), (20 bytes).
    Removing stm32f4xx_sdio.o(i.SDIO_GetDataCounter), (12 bytes).
    Removing stm32f4xx_sdio.o(i.SDIO_GetFIFOCount), (12 bytes).
    Removing stm32f4xx_sdio.o(i.SDIO_SendCEATACmd), (12 bytes).
    Removing stm32f4xx_sdio.o(i.SDIO_SendSDIOSuspendCmd), (12 bytes).
    Removing stm32f4xx_sdio.o(i.SDIO_SetSDIOOperation), (12 bytes).
    Removing stm32f4xx_sdio.o(i.SDIO_SetSDIOReadWaitMode), (12 bytes).
    Removing stm32f4xx_sdio.o(i.SDIO_StartSDIOReadWait), (12 bytes).
    Removing stm32f4xx_sdio.o(i.SDIO_StopSDIOReadWait), (12 bytes).
    Removing stm32f4xx_sdio.o(i.SDIO_StructInit), (16 bytes).
    Removing stm32f4xx_sdio.o(i.SDIO_WriteData), (12 bytes).
    Removing stm32f4xx_dma.o(.emb_text), (8 bytes).
    Removing stm32f4xx_dma.o(i.DMA_ClearITPendingBit), (52 bytes).
    Removing stm32f4xx_dma.o(i.DMA_DoubleBufferModeCmd), (22 bytes).
    Removing stm32f4xx_dma.o(i.DMA_DoubleBufferModeConfig), (24 bytes).
    Removing stm32f4xx_dma.o(i.DMA_GetCmdStatus), (20 bytes).
    Removing stm32f4xx_dma.o(i.DMA_GetCurrDataCounter), (8 bytes).
    Removing stm32f4xx_dma.o(i.DMA_GetCurrentMemoryTarget), (20 bytes).
    Removing stm32f4xx_dma.o(i.DMA_GetFIFOStatus), (12 bytes).
    Removing stm32f4xx_dma.o(i.DMA_GetFlagStatus), (64 bytes).
    Removing stm32f4xx_dma.o(i.DMA_GetITStatus), (96 bytes).
    Removing stm32f4xx_dma.o(i.DMA_MemoryTargetConfig), (10 bytes).
    Removing stm32f4xx_dma.o(i.DMA_PeriphIncOffsetSizeConfig), (22 bytes).
    Removing stm32f4xx_dma.o(i.DMA_SetCurrDataCounter), (4 bytes).
    Removing stm32f4xx_dma.o(i.DMA_StructInit), (34 bytes).
    Removing system_stm32f4xx.o(.emb_text), (8 bytes).
    Removing system_stm32f4xx.o(i.SystemCoreClockUpdate), (192 bytes).
    Removing startup_stm32f4xx.o(HEAP), (512 bytes).
    Removing diskio.o(.emb_text), (8 bytes).
    Removing ff.o(i.f_chmod), (84 bytes).
    Removing ff.o(i.f_getfree), (276 bytes).
    Removing ff.o(i.f_lseek), (432 bytes).
    Removing ff.o(i.f_mkdir), (384 bytes).
    Removing ff.o(i.f_rename), (288 bytes).
    Removing ff.o(i.f_stat), (58 bytes).
    Removing ff.o(i.f_truncate), (156 bytes).
    Removing ff.o(i.f_utime), (86 bytes).
    Removing dadd.o(.text), (334 bytes).
    Removing dmul.o(.text), (228 bytes).
    Removing ddiv.o(.text), (222 bytes).
    Removing dfixul.o(.text), (48 bytes).
    Removing cdrcmple.o(.text), (40 bytes).
    Removing depilogue.o(.text), (190 bytes).

202 unused section(s) (total 11192 bytes) removed from the image.

==============================================================================

Image Symbol Table

    Local Symbols

    Symbol Name                              Value     Ov Type        Size  Object(Section)

    ../clib/microlib/division.c              0x00000000   Number         0  uidiv.o ABSOLUTE
    ../clib/microlib/division.c              0x00000000   Number         0  uldiv.o ABSOLUTE
    ../clib/microlib/init/entry.s            0x00000000   Number         0  entry2.o ABSOLUTE
    ../clib/microlib/init/entry.s            0x00000000   Number         0  entry8a.o ABSOLUTE
    ../clib/microlib/init/entry.s            0x00000000   Number         0  entry7b.o ABSOLUTE
    ../clib/microlib/init/entry.s            0x00000000   Number         0  entry7a.o ABSOLUTE
    ../clib/microlib/init/entry.s            0x00000000   Number         0  entry5.o ABSOLUTE
    ../clib/microlib/init/entry.s            0x00000000   Number         0  entry.o ABSOLUTE
    ../clib/microlib/init/entry.s            0x00000000   Number         0  entry11a.o ABSOLUTE
    ../clib/microlib/init/entry.s            0x00000000   Number         0  entry10a.o ABSOLUTE
    ../clib/microlib/init/entry.s            0x00000000   Number         0  entry11b.o ABSOLUTE
    ../clib/microlib/init/entry.s            0x00000000   Number         0  entry10b.o ABSOLUTE
    ../clib/microlib/init/entry.s            0x00000000   Number         0  entry9b.o ABSOLUTE
    ../clib/microlib/init/entry.s            0x00000000   Number         0  entry9a.o ABSOLUTE
    ../clib/microlib/init/entry.s            0x00000000   Number         0  entry8b.o ABSOLUTE
    ../clib/microlib/longlong.c              0x00000000   Number         0  llsshr.o ABSOLUTE
    ../clib/microlib/longlong.c              0x00000000   Number         0  llshl.o ABSOLUTE
    ../clib/microlib/longlong.c              0x00000000   Number         0  llushr.o ABSOLUTE
    ../clib/microlib/printf/printf.c         0x00000000   Number         0  printf6.o ABSOLUTE
    ../clib/microlib/printf/printf.c         0x00000000   Number         0  printf8.o ABSOLUTE
    ../clib/microlib/printf/printf.c         0x00000000   Number         0  printf0.o ABSOLUTE
    ../clib/microlib/printf/printf.c         0x00000000   Number         0  printfa.o ABSOLUTE
    ../clib/microlib/printf/printf.c         0x00000000   Number         0  printf4.o ABSOLUTE
    ../clib/microlib/printf/printf.c         0x00000000   Number         0  printf3.o ABSOLUTE
    ../clib/microlib/printf/printf.c         0x00000000   Number         0  printf2.o ABSOLUTE
    ../clib/microlib/printf/printf.c         0x00000000   Number         0  printf5.o ABSOLUTE
    ../clib/microlib/printf/printf.c         0x00000000   Number         0  printf7.o ABSOLUTE
    ../clib/microlib/printf/printf.c         0x00000000   Number         0  printf1.o ABSOLUTE
    ../clib/microlib/printf/printf.c         0x00000000   Number         0  printfb.o ABSOLUTE
    ../clib/microlib/printf/stubs.s          0x00000000   Number         0  stubs.o ABSOLUTE
    ../clib/microlib/stdio/streams.c         0x00000000   Number         0  stdout.o ABSOLUTE
    ../clib/microlib/stubs.s                 0x00000000   Number         0  iusefp.o ABSOLUTE
    ../fplib/microlib/fpadd.c                0x00000000   Number         0  dadd.o ABSOLUTE
    ../fplib/microlib/fpdiv.c                0x00000000   Number         0  ddiv.o ABSOLUTE
    ../fplib/microlib/fpepilogue.c           0x00000000   Number         0  depilogue.o ABSOLUTE
    ../fplib/microlib/fpfix.c                0x00000000   Number         0  dfixul.o ABSOLUTE
    ../fplib/microlib/fpmul.c                0x00000000   Number         0  dmul.o ABSOLUTE
    ..\FATFS\diskio.c                        0x00000000   Number         0  diskio.o ABSOLUTE
    ..\FATFS\ff.c                            0x00000000   Number         0  ff.o ABSOLUTE
    ..\Hardware\delay\delay.c                0x00000000   Number         0  delay.o ABSOLUTE
    ..\Hardware\sdcard\sdcard.c              0x00000000   Number         0  sdcard.o ABSOLUTE
    ..\Hardware\usart\usart.c                0x00000000   Number         0  usart.o ABSOLUTE
    ..\Libraries\CMSIS\src\system_stm32f4xx.c 0x00000000   Number         0  system_stm32f4xx.o ABSOLUTE
    ..\Libraries\FWlib\src\misc.c            0x00000000   Number         0  misc.o ABSOLUTE
    ..\Libraries\FWlib\src\stm32f4xx_dma.c   0x00000000   Number         0  stm32f4xx_dma.o ABSOLUTE
    ..\Libraries\FWlib\src\stm32f4xx_exti.c  0x00000000   Number         0  stm32f4xx_exti.o ABSOLUTE
    ..\Libraries\FWlib\src\stm32f4xx_fsmc.c  0x00000000   Number         0  stm32f4xx_fsmc.o ABSOLUTE
    ..\Libraries\FWlib\src\stm32f4xx_gpio.c  0x00000000   Number         0  stm32f4xx_gpio.o ABSOLUTE
    ..\Libraries\FWlib\src\stm32f4xx_rcc.c   0x00000000   Number         0  stm32f4xx_rcc.o ABSOLUTE
    ..\Libraries\FWlib\src\stm32f4xx_sdio.c  0x00000000   Number         0  stm32f4xx_sdio.o ABSOLUTE
    ..\Libraries\FWlib\src\stm32f4xx_spi.c   0x00000000   Number         0  stm32f4xx_spi.o ABSOLUTE
    ..\Libraries\FWlib\src\stm32f4xx_usart.c 0x00000000   Number         0  stm32f4xx_usart.o ABSOLUTE
    ..\Startup\startup_stm32f4xx.s           0x00000000   Number         0  startup_stm32f4xx.o ABSOLUTE
    ..\User\main.c                           0x00000000   Number         0  main.o ABSOLUTE
    ..\User\stm32f4xx_it.c                   0x00000000   Number         0  stm32f4xx_it.o ABSOLUTE
    ..\\FATFS\\diskio.c                      0x00000000   Number         0  diskio.o ABSOLUTE
    ..\\Hardware\\delay\\delay.c             0x00000000   Number         0  delay.o ABSOLUTE
    ..\\Hardware\\sdcard\\sdcard.c           0x00000000   Number         0  sdcard.o ABSOLUTE
    ..\\Hardware\\usart\\usart.c             0x00000000   Number         0  usart.o ABSOLUTE
    ..\\Libraries\\CMSIS\\src\\system_stm32f4xx.c 0x00000000   Number         0  system_stm32f4xx.o ABSOLUTE
    ..\\Libraries\\FWlib\\src\\misc.c        0x00000000   Number         0  misc.o ABSOLUTE
    ..\\Libraries\\FWlib\\src\\stm32f4xx_dma.c 0x00000000   Number         0  stm32f4xx_dma.o ABSOLUTE
    ..\\Libraries\\FWlib\\src\\stm32f4xx_exti.c 0x00000000   Number         0  stm32f4xx_exti.o ABSOLUTE
    ..\\Libraries\\FWlib\\src\\stm32f4xx_fsmc.c 0x00000000   Number         0  stm32f4xx_fsmc.o ABSOLUTE
    ..\\Libraries\\FWlib\\src\\stm32f4xx_gpio.c 0x00000000   Number         0  stm32f4xx_gpio.o ABSOLUTE
    ..\\Libraries\\FWlib\\src\\stm32f4xx_rcc.c 0x00000000   Number         0  stm32f4xx_rcc.o ABSOLUTE
    ..\\Libraries\\FWlib\\src\\stm32f4xx_sdio.c 0x00000000   Number         0  stm32f4xx_sdio.o ABSOLUTE
    ..\\Libraries\\FWlib\\src\\stm32f4xx_spi.c 0x00000000   Number         0  stm32f4xx_spi.o ABSOLUTE
    ..\\Libraries\\FWlib\\src\\stm32f4xx_usart.c 0x00000000   Number         0  stm32f4xx_usart.o ABSOLUTE
    ..\\User\\main.c                         0x00000000   Number         0  main.o ABSOLUTE
    ..\\User\\stm32f4xx_it.c                 0x00000000   Number         0  stm32f4xx_it.o ABSOLUTE
    cdrcmple.s                               0x00000000   Number         0  cdrcmple.o ABSOLUTE
    dc.s                                     0x00000000   Number         0  dc.o ABSOLUTE
    handlers.s                               0x00000000   Number         0  handlers.o ABSOLUTE
    init.s                                   0x00000000   Number         0  init.o ABSOLUTE
    RESET                                    0x08000000   Section      392  startup_stm32f4xx.o(RESET)
    .ARM.Collect$$$$00000000                 0x08000188   Section        0  entry.o(.ARM.Collect$$$$00000000)
    .ARM.Collect$$$$00000001                 0x08000188   Section        4  entry2.o(.ARM.Collect$$$$00000001)
    .ARM.Collect$$$$00000004                 0x0800018c   Section        4  entry5.o(.ARM.Collect$$$$00000004)
    .ARM.Collect$$$$00000008                 0x08000190   Section        0  entry7b.o(.ARM.Collect$$$$00000008)
    .ARM.Collect$$$$0000000A                 0x08000190   Section        0  entry8b.o(.ARM.Collect$$$$0000000A)
    .ARM.Collect$$$$0000000B                 0x08000190   Section        8  entry9a.o(.ARM.Collect$$$$0000000B)
    .ARM.Collect$$$$0000000D                 0x08000198   Section        0  entry10a.o(.ARM.Collect$$$$0000000D)
    .ARM.Collect$$$$0000000F                 0x08000198   Section        0  entry11a.o(.ARM.Collect$$$$0000000F)
    .ARM.Collect$$$$00002712                 0x08000198   Section        4  entry2.o(.ARM.Collect$$$$00002712)
    __lit__00000000                          0x08000198   Data           4  entry2.o(.ARM.Collect$$$$00002712)
    .text                                    0x0800019c   Section       36  startup_stm32f4xx.o(.text)
    .text                                    0x080001c0   Section        0  uidiv.o(.text)
    .text                                    0x080001ec   Section       36  init.o(.text)
    i.BusFault_Handler                       0x08000210   Section        0  stm32f4xx_it.o(i.BusFault_Handler)
    i.CmdError                               0x08000214   Section        0  sdcard.o(i.CmdError)
    CmdError                                 0x08000215   Thumb Code    44  sdcard.o(i.CmdError)
    i.CmdResp1Error                          0x08000240   Section        0  sdcard.o(i.CmdResp1Error)
    CmdResp1Error                            0x08000241   Thumb Code   296  sdcard.o(i.CmdResp1Error)
    i.CmdResp2Error                          0x08000370   Section        0  sdcard.o(i.CmdResp2Error)
    CmdResp2Error                            0x08000371   Thumb Code    68  sdcard.o(i.CmdResp2Error)
    i.CmdResp3Error                          0x080003b8   Section        0  sdcard.o(i.CmdResp3Error)
    CmdResp3Error                            0x080003b9   Thumb Code    50  sdcard.o(i.CmdResp3Error)
    i.CmdResp6Error                          0x080003f0   Section        0  sdcard.o(i.CmdResp6Error)
    CmdResp6Error                            0x080003f1   Thumb Code   150  sdcard.o(i.CmdResp6Error)
    i.CmdResp7Error                          0x0800048c   Section        0  sdcard.o(i.CmdResp7Error)
    CmdResp7Error                            0x0800048d   Thumb Code    72  sdcard.o(i.CmdResp7Error)
    i.DMA2_Stream3_IRQHandler                0x080004d8   Section        0  stm32f4xx_it.o(i.DMA2_Stream3_IRQHandler)
    i.DMA_ClearFlag                          0x080004e0   Section        0  stm32f4xx_dma.o(i.DMA_ClearFlag)
    i.DMA_Cmd                                0x08000514   Section        0  stm32f4xx_dma.o(i.DMA_Cmd)
    i.DMA_DeInit                             0x0800052c   Section        0  stm32f4xx_dma.o(i.DMA_DeInit)
    i.DMA_FlowControllerConfig               0x08000684   Section        0  stm32f4xx_dma.o(i.DMA_FlowControllerConfig)
    i.DMA_ITConfig                           0x0800069a   Section        0  stm32f4xx_dma.o(i.DMA_ITConfig)
    i.DMA_Init                               0x080006d4   Section        0  stm32f4xx_dma.o(i.DMA_Init)
    i.DebugMon_Handler                       0x0800072c   Section        0  stm32f4xx_it.o(i.DebugMon_Handler)
    i.FindSCR                                0x08000730   Section        0  sdcard.o(i.FindSCR)
    FindSCR                                  0x08000731   Thumb Code   384  sdcard.o(i.FindSCR)
    i.GPIO_Init                              0x080008c0   Section        0  stm32f4xx_gpio.o(i.GPIO_Init)
    i.GPIO_PinAFConfig                       0x08000950   Section        0  stm32f4xx_gpio.o(i.GPIO_PinAFConfig)
    i.HardFault_Handler                      0x08000996   Section        0  stm32f4xx_it.o(i.HardFault_Handler)
    i.MemManage_Handler                      0x0800099a   Section        0  stm32f4xx_it.o(i.MemManage_Handler)
    i.NMI_Handler                            0x0800099e   Section        0  stm32f4xx_it.o(i.NMI_Handler)
    i.NVIC_Configuration                     0x080009a0   Section        0  sdcard.o(i.NVIC_Configuration)
    i.NVIC_Init                              0x080009dc   Section        0  misc.o(i.NVIC_Init)
    i.NVIC_PriorityGroupConfig               0x08000a54   Section        0  misc.o(i.NVIC_PriorityGroupConfig)
    i.OutPutFile                             0x08000a68   Section        0  main.o(i.OutPutFile)
    i.PendSV_Handler                         0x08000d20   Section        0  stm32f4xx_it.o(i.PendSV_Handler)
    i.RCC_AHB1PeriphClockCmd                 0x08000d24   Section        0  stm32f4xx_rcc.o(i.RCC_AHB1PeriphClockCmd)
    i.RCC_APB2PeriphClockCmd                 0x08000d44   Section        0  stm32f4xx_rcc.o(i.RCC_APB2PeriphClockCmd)
    i.RCC_APB2PeriphResetCmd                 0x08000d64   Section        0  stm32f4xx_rcc.o(i.RCC_APB2PeriphResetCmd)
    i.RCC_GetClocksFreq                      0x08000d84   Section        0  stm32f4xx_rcc.o(i.RCC_GetClocksFreq)
    i.SDEnWideBus                            0x08000e6c   Section        0  sdcard.o(i.SDEnWideBus)
    SDEnWideBus                              0x08000e6d   Thumb Code   270  sdcard.o(i.SDEnWideBus)
    i.SDIO_ClearFlag                         0x08000f84   Section        0  stm32f4xx_sdio.o(i.SDIO_ClearFlag)
    i.SDIO_ClearITPendingBit                 0x08000f90   Section        0  stm32f4xx_sdio.o(i.SDIO_ClearITPendingBit)
    i.SDIO_ClockCmd                          0x08000f9c   Section        0  stm32f4xx_sdio.o(i.SDIO_ClockCmd)
    i.SDIO_DMACmd                            0x08000fa8   Section        0  stm32f4xx_sdio.o(i.SDIO_DMACmd)
    i.SDIO_DataConfig                        0x08000fb4   Section        0  stm32f4xx_sdio.o(i.SDIO_DataConfig)
    i.SDIO_DeInit                            0x08000fe8   Section        0  stm32f4xx_sdio.o(i.SDIO_DeInit)
    i.SDIO_GetCommandResponse                0x08001000   Section        0  stm32f4xx_sdio.o(i.SDIO_GetCommandResponse)
    i.SDIO_GetFlagStatus                     0x0800100c   Section        0  stm32f4xx_sdio.o(i.SDIO_GetFlagStatus)
    i.SDIO_GetITStatus                       0x08001024   Section        0  stm32f4xx_sdio.o(i.SDIO_GetITStatus)
    i.SDIO_GetPowerState                     0x0800103c   Section        0  stm32f4xx_sdio.o(i.SDIO_GetPowerState)
    i.SDIO_GetResponse                       0x0800104c   Section        0  stm32f4xx_sdio.o(i.SDIO_GetResponse)
    i.SDIO_IRQHandler                        0x08001064   Section        0  stm32f4xx_it.o(i.SDIO_IRQHandler)
    i.SDIO_ITConfig                          0x0800106c   Section        0  stm32f4xx_sdio.o(i.SDIO_ITConfig)
    i.SDIO_Init                              0x0800108c   Section        0  stm32f4xx_sdio.o(i.SDIO_Init)
    i.SDIO_ReadData                          0x080010bc   Section        0  stm32f4xx_sdio.o(i.SDIO_ReadData)
    i.SDIO_SendCommand                       0x080010c8   Section        0  stm32f4xx_sdio.o(i.SDIO_SendCommand)
    i.SDIO_SetPowerState                     0x080010f4   Section        0  stm32f4xx_sdio.o(i.SDIO_SetPowerState)
    i.SD_Detect                              0x08001100   Section        0  sdcard.o(i.SD_Detect)
    i.SD_EnableWideBusOperation              0x0800110c   Section        0  sdcard.o(i.SD_EnableWideBusOperation)
    i.SD_GetCardInfo                         0x0800119c   Section        0  sdcard.o(i.SD_GetCardInfo)
    i.SD_GetState                            0x08001494   Section        0  sdcard.o(i.SD_GetState)
    i.SD_GetStatus                           0x080014ba   Section        0  sdcard.o(i.SD_GetStatus)
    i.SD_Init                                0x080014d8   Section        0  sdcard.o(i.SD_Init)
    i.SD_InitializeCards                     0x08001560   Section        0  sdcard.o(i.SD_InitializeCards)
    i.SD_LowLevel_DMA_RxConfig               0x0800169c   Section        0  sdcard.o(i.SD_LowLevel_DMA_RxConfig)
    i.SD_LowLevel_DMA_TxConfig               0x08001728   Section        0  sdcard.o(i.SD_LowLevel_DMA_TxConfig)
    i.SD_LowLevel_Init                       0x080017b8   Section        0  sdcard.o(i.SD_LowLevel_Init)
    i.SD_PowerON                             0x08001860   Section        0  sdcard.o(i.SD_PowerON)
    i.SD_ProcessDMAIRQ                       0x08001a00   Section        0  sdcard.o(i.SD_ProcessDMAIRQ)
    i.SD_ProcessIRQSrc                       0x08001a28   Section        0  sdcard.o(i.SD_ProcessIRQSrc)
    i.SD_ReadBlock                           0x08001ad4   Section        0  sdcard.o(i.SD_ReadBlock)
    i.SD_ReadMultiBlocks                     0x08001bb4   Section        0  sdcard.o(i.SD_ReadMultiBlocks)
    i.SD_SelectDeselect                      0x08001c9c   Section        0  sdcard.o(i.SD_SelectDeselect)
    i.SD_SendStatus                          0x08001cd0   Section        0  sdcard.o(i.SD_SendStatus)
    i.SD_StopTransfer                        0x08001d24   Section        0  sdcard.o(i.SD_StopTransfer)
    i.SD_WaitReadOperation                   0x08001d58   Section        0  sdcard.o(i.SD_WaitReadOperation)
    i.SD_WriteBlock                          0x08001dd4   Section        0  sdcard.o(i.SD_WriteBlock)
    i.SD_WriteMultiBlocks                    0x08001eb0   Section        0  sdcard.o(i.SD_WriteMultiBlocks)
    i.SVC_Handler                            0x08001ff8   Section        0  stm32f4xx_it.o(i.SVC_Handler)
    i.SetSysClock                            0x08001ffc   Section        0  system_stm32f4xx.o(i.SetSysClock)
    SetSysClock                              0x08001ffd   Thumb Code   218  system_stm32f4xx.o(i.SetSysClock)
    i.SysTick_Handler                        0x080020e8   Section        0  stm32f4xx_it.o(i.SysTick_Handler)
    i.SysTick_Init                           0x080020f0   Section        0  delay.o(i.SysTick_Init)
    i.SystemInit                             0x08002158   Section        0  system_stm32f4xx.o(i.SystemInit)
    i.TimeTick_Decrement                     0x080021b4   Section        0  delay.o(i.TimeTick_Decrement)
    i.USART1_Conf                            0x080021cc   Section        0  usart.o(i.USART1_Conf)
    i.USART_Cmd                              0x08002270   Section        0  stm32f4xx_usart.o(i.USART_Cmd)
    i.USART_GetFlagStatus                    0x08002288   Section        0  stm32f4xx_usart.o(i.USART_GetFlagStatus)
    i.USART_Init                             0x080022a4   Section        0  stm32f4xx_usart.o(i.USART_Init)
    i.USART_SendData                         0x08002378   Section        0  stm32f4xx_usart.o(i.USART_SendData)
    i.UsageFault_Handler                     0x08002380   Section        0  stm32f4xx_it.o(i.UsageFault_Handler)
    i.__0printf$3                            0x08002384   Section        0  printf3.o(i.__0printf$3)
    i.__scatterload_copy                     0x080023a4   Section       14  handlers.o(i.__scatterload_copy)
    i.__scatterload_null                     0x080023b2   Section        2  handlers.o(i.__scatterload_null)
    i.__scatterload_zeroinit                 0x080023b4   Section       14  handlers.o(i.__scatterload_zeroinit)
    i._printf_core                           0x080023c4   Section        0  printf3.o(i._printf_core)
    _printf_core                             0x080023c5   Thumb Code   436  printf3.o(i._printf_core)
    i.check_fs                               0x0800257c   Section        0  ff.o(i.check_fs)
    check_fs                                 0x0800257d   Thumb Code   138  ff.o(i.check_fs)
    i.chk_chr                                0x0800260c   Section        0  ff.o(i.chk_chr)
    chk_chr                                  0x0800260d   Thumb Code    20  ff.o(i.chk_chr)
    i.chk_mounted                            0x08002620   Section        0  ff.o(i.chk_mounted)
    chk_mounted                              0x08002621   Thumb Code   898  ff.o(i.chk_mounted)
    i.clust2sect                             0x080029b4   Section        0  ff.o(i.clust2sect)
    i.create_chain                           0x080029ce   Section        0  ff.o(i.create_chain)
    create_chain                             0x080029cf   Thumb Code   202  ff.o(i.create_chain)
    i.create_name                            0x08002a98   Section        0  ff.o(i.create_name)
    create_name                              0x08002a99   Thumb Code   336  ff.o(i.create_name)
    i.delay_1ms                              0x08002bf8   Section        0  delay.o(i.delay_1ms)
    i.delay_nms                              0x08002c10   Section        0  delay.o(i.delay_nms)
    i.dir_find                               0x08002c24   Section        0  ff.o(i.dir_find)
    dir_find                                 0x08002c25   Thumb Code    92  ff.o(i.dir_find)
    i.dir_next                               0x08002c80   Section        0  ff.o(i.dir_next)
    dir_next                                 0x08002c81   Thumb Code   276  ff.o(i.dir_next)
    i.dir_read                               0x08002d94   Section        0  ff.o(i.dir_read)
    dir_read                                 0x08002d95   Thumb Code    86  ff.o(i.dir_read)
    i.dir_register                           0x08002dea   Section        0  ff.o(i.dir_register)
    dir_register                             0x08002deb   Thumb Code   110  ff.o(i.dir_register)
    i.dir_remove                             0x08002e58   Section        0  ff.o(i.dir_remove)
    dir_remove                               0x08002e59   Thumb Code    44  ff.o(i.dir_remove)
    i.dir_sdi                                0x08002e84   Section        0  ff.o(i.dir_sdi)
    dir_sdi                                  0x08002e85   Thumb Code   156  ff.o(i.dir_sdi)
    i.disk_initialize                        0x08002f20   Section        0  diskio.o(i.disk_initialize)
    i.disk_ioctl                             0x08002f4c   Section        0  diskio.o(i.disk_ioctl)
    i.disk_read                              0x08002fac   Section        0  diskio.o(i.disk_read)
    i.disk_status                            0x08003020   Section        0  diskio.o(i.disk_status)
    i.disk_write                             0x08003044   Section        0  diskio.o(i.disk_write)
    i.f_close                                0x080030b4   Section        0  ff.o(i.f_close)
    i.f_mount                                0x080030cc   Section        0  ff.o(i.f_mount)
    i.f_open                                 0x080030f8   Section        0  ff.o(i.f_open)
    i.f_opendir                              0x08003260   Section        0  ff.o(i.f_opendir)
    i.f_read                                 0x080032ce   Section        0  ff.o(i.f_read)
    i.f_readdir                              0x08003498   Section        0  ff.o(i.f_readdir)
    i.f_sync                                 0x080034f0   Section        0  ff.o(i.f_sync)
    i.f_unlink                               0x080035a6   Section        0  ff.o(i.f_unlink)
    i.f_write                                0x08003658   Section        0  ff.o(i.f_write)
    i.follow_path                            0x08003864   Section        0  ff.o(i.follow_path)
    follow_path                              0x08003865   Thumb Code   158  ff.o(i.follow_path)
    i.fputc                                  0x08003904   Section        0  usart.o(i.fputc)
    i.get_fat                                0x08003928   Section        0  ff.o(i.get_fat)
    i.get_fattime                            0x08003a0c   Section        0  diskio.o(i.get_fattime)
    i.get_fileinfo                           0x08003a10   Section        0  ff.o(i.get_fileinfo)
    get_fileinfo                             0x08003a11   Thumb Code   152  ff.o(i.get_fileinfo)
    i.main                                   0x08003aa8   Section        0  main.o(i.main)
    i.mem_cmp                                0x08003b64   Section        0  ff.o(i.mem_cmp)
    mem_cmp                                  0x08003b65   Thumb Code    38  ff.o(i.mem_cmp)
    i.mem_cpy                                0x08003b8a   Section        0  ff.o(i.mem_cpy)
    mem_cpy                                  0x08003b8b   Thumb Code    26  ff.o(i.mem_cpy)
    i.mem_set                                0x08003ba4   Section        0  ff.o(i.mem_set)
    mem_set                                  0x08003ba5   Thumb Code    20  ff.o(i.mem_set)
    i.move_window                            0x08003bb8   Section        0  ff.o(i.move_window)
    move_window                              0x08003bb9   Thumb Code   114  ff.o(i.move_window)
    i.put_fat                                0x08003c2a   Section        0  ff.o(i.put_fat)
    i.remove_chain                           0x08003d66   Section        0  ff.o(i.remove_chain)
    remove_chain                             0x08003d67   Thumb Code   104  ff.o(i.remove_chain)
    i.sync                                   0x08003dce   Section        0  ff.o(i.sync)
    sync                                     0x08003dcf   Thumb Code   202  ff.o(i.sync)
    i.validate                               0x08003e98   Section        0  ff.o(i.validate)
    validate                                 0x08003e99   Thumb Code    42  ff.o(i.validate)
    .data                                    0x20000000   Section      112  main.o(.data)
    .data                                    0x20000070   Section        4  delay.o(.data)
    TimingDelay                              0x20000070   Data           4  delay.o(.data)
    .data                                    0x20000074   Section       24  sdcard.o(.data)
    CardType                                 0x20000074   Data           4  sdcard.o(.data)
    RCA                                      0x20000078   Data           4  sdcard.o(.data)
    .data                                    0x2000008c   Section       16  stm32f4xx_rcc.o(.data)
    APBAHBPrescTable                         0x2000008c   Data          16  stm32f4xx_rcc.o(.data)
    .data                                    0x2000009c   Section       20  system_stm32f4xx.o(.data)
    .data                                    0x200000b0   Section        6  ff.o(.data)
    FatFs                                    0x200000b0   Data           4  ff.o(.data)
    Fsid                                     0x200000b4   Data           2  ff.o(.data)
    .data                                    0x200000b8   Section        4  stdout.o(.data)
    .bss                                     0x200000bc   Section     3192  main.o(.bss)
    .bss                                     0x20000d34   Section      196  sdcard.o(.bss)
    CSD_Tab                                  0x20000d34   Data          16  sdcard.o(.bss)
    CID_Tab                                  0x20000d44   Data          16  sdcard.o(.bss)
    SDSTATUS_Tab                             0x20000d54   Data          16  sdcard.o(.bss)
    STACK                                    0x20000df8   Section     1024  startup_stm32f4xx.o(STACK)

    Global Symbols

    Symbol Name                              Value     Ov Type        Size  Object(Section)

    BuildAttributes$$THM_ISAv4$E$P$D$K$B$S$7EM$PE$A:L22UL41UL21$X:L11$S22US41US21$IEEE1$IW$USESV6$~STKCKD$USESV7$~SHL$OSPACE$ROPI$EBA8$MICROLIB$REQ8$PRES8$EABIv2 0x00000000   Number         0  anon$$obj.o ABSOLUTE
    __ARM_use_no_argv                        0x00000000   Number         0  main.o ABSOLUTE
    _printf_a                                0x00000000   Number         0  stubs.o ABSOLUTE
    _printf_c                                0x00000000   Number         0  stubs.o ABSOLUTE
    _printf_charcount                        0x00000000   Number         0  stubs.o ABSOLUTE
    _printf_d                                0x00000000   Number         0  stubs.o ABSOLUTE
    _printf_e                                0x00000000   Number         0  stubs.o ABSOLUTE
    _printf_f                                0x00000000   Number         0  stubs.o ABSOLUTE
    _printf_flags                            0x00000000   Number         0  stubs.o ABSOLUTE
    _printf_fp_dec                           0x00000000   Number         0  stubs.o ABSOLUTE
    _printf_fp_hex                           0x00000000   Number         0  stubs.o ABSOLUTE
    _printf_g                                0x00000000   Number         0  stubs.o ABSOLUTE
    _printf_i                                0x00000000   Number         0  stubs.o ABSOLUTE
    _printf_int_dec                          0x00000000   Number         0  stubs.o ABSOLUTE
    _printf_l                                0x00000000   Number         0  stubs.o ABSOLUTE
    _printf_lc                               0x00000000   Number         0  stubs.o ABSOLUTE
    _printf_ll                               0x00000000   Number         0  stubs.o ABSOLUTE
    _printf_lld                              0x00000000   Number         0  stubs.o ABSOLUTE
    _printf_lli                              0x00000000   Number         0  stubs.o ABSOLUTE
    _printf_llo                              0x00000000   Number         0  stubs.o ABSOLUTE
    _printf_llu                              0x00000000   Number         0  stubs.o ABSOLUTE
    _printf_llx                              0x00000000   Number         0  stubs.o ABSOLUTE
    _printf_longlong_dec                     0x00000000   Number         0  stubs.o ABSOLUTE
    _printf_longlong_hex                     0x00000000   Number         0  stubs.o ABSOLUTE
    _printf_longlong_oct                     0x00000000   Number         0  stubs.o ABSOLUTE
    _printf_ls                               0x00000000   Number         0  stubs.o ABSOLUTE
    _printf_mbtowc                           0x00000000   Number         0  stubs.o ABSOLUTE
    _printf_n                                0x00000000   Number         0  stubs.o ABSOLUTE
    _printf_o                                0x00000000   Number         0  stubs.o ABSOLUTE
    _printf_p                                0x00000000   Number         0  stubs.o ABSOLUTE
    _printf_percent                          0x00000000   Number         0  stubs.o ABSOLUTE
    _printf_pre_padding                      0x00000000   Number         0  stubs.o ABSOLUTE
    _printf_return_value                     0x00000000   Number         0  stubs.o ABSOLUTE
    _printf_s                                0x00000000   Number         0  stubs.o ABSOLUTE
    _printf_sizespec                         0x00000000   Number         0  stubs.o ABSOLUTE
    _printf_str                              0x00000000   Number         0  stubs.o ABSOLUTE
    _printf_truncate_signed                  0x00000000   Number         0  stubs.o ABSOLUTE
    _printf_truncate_unsigned                0x00000000   Number         0  stubs.o ABSOLUTE
    _printf_u                                0x00000000   Number         0  stubs.o ABSOLUTE
    _printf_wc                               0x00000000   Number         0  stubs.o ABSOLUTE
    _printf_wctomb                           0x00000000   Number         0  stubs.o ABSOLUTE
    _printf_widthprec                        0x00000000   Number         0  stubs.o ABSOLUTE
    _printf_x                                0x00000000   Number         0  stubs.o ABSOLUTE
    __cpp_initialize__aeabi_                  - Undefined Weak Reference
    __cxa_finalize                            - Undefined Weak Reference
    __decompress                              - Undefined Weak Reference
    _clock_init                               - Undefined Weak Reference
    _microlib_exit                            - Undefined Weak Reference
    __Vectors_Size                           0x00000188   Number         0  startup_stm32f4xx.o ABSOLUTE
    __Vectors                                0x08000000   Data           4  startup_stm32f4xx.o(RESET)
    __Vectors_End                            0x08000188   Data           0  startup_stm32f4xx.o(RESET)
    __main                                   0x08000189   Thumb Code     0  entry.o(.ARM.Collect$$$$00000000)
    _main_stk                                0x08000189   Thumb Code     0  entry2.o(.ARM.Collect$$$$00000001)
    _main_scatterload                        0x0800018d   Thumb Code     0  entry5.o(.ARM.Collect$$$$00000004)
    __main_after_scatterload                 0x08000191   Thumb Code     0  entry5.o(.ARM.Collect$$$$00000004)
    _main_clock                              0x08000191   Thumb Code     0  entry7b.o(.ARM.Collect$$$$00000008)
    _main_cpp_init                           0x08000191   Thumb Code     0  entry8b.o(.ARM.Collect$$$$0000000A)
    _main_init                               0x08000191   Thumb Code     0  entry9a.o(.ARM.Collect$$$$0000000B)
    __rt_final_cpp                           0x08000199   Thumb Code     0  entry10a.o(.ARM.Collect$$$$0000000D)
    __rt_final_exit                          0x08000199   Thumb Code     0  entry11a.o(.ARM.Collect$$$$0000000F)
    Reset_Handler                            0x0800019d   Thumb Code     8  startup_stm32f4xx.o(.text)
    ADC_IRQHandler                           0x080001b7   Thumb Code     0  startup_stm32f4xx.o(.text)
    CAN1_RX0_IRQHandler                      0x080001b7   Thumb Code     0  startup_stm32f4xx.o(.text)
    CAN1_RX1_IRQHandler                      0x080001b7   Thumb Code     0  startup_stm32f4xx.o(.text)
    CAN1_SCE_IRQHandler                      0x080001b7   Thumb Code     0  startup_stm32f4xx.o(.text)
    CAN1_TX_IRQHandler                       0x080001b7   Thumb Code     0  startup_stm32f4xx.o(.text)
    CAN2_RX0_IRQHandler                      0x080001b7   Thumb Code     0  startup_stm32f4xx.o(.text)
    CAN2_RX1_IRQHandler                      0x080001b7   Thumb Code     0  startup_stm32f4xx.o(.text)
    CAN2_SCE_IRQHandler                      0x080001b7   Thumb Code     0  startup_stm32f4xx.o(.text)
    CAN2_TX_IRQHandler                       0x080001b7   Thumb Code     0  startup_stm32f4xx.o(.text)
    CRYP_IRQHandler                          0x080001b7   Thumb Code     0  startup_stm32f4xx.o(.text)
    DCMI_IRQHandler                          0x080001b7   Thumb Code     0  startup_stm32f4xx.o(.text)
    DMA1_Stream0_IRQHandler                  0x080001b7   Thumb Code     0  startup_stm32f4xx.o(.text)
    DMA1_Stream1_IRQHandler                  0x080001b7   Thumb Code     0  startup_stm32f4xx.o(.text)
    DMA1_Stream2_IRQHandler                  0x080001b7   Thumb Code     0  startup_stm32f4xx.o(.text)
    DMA1_Stream3_IRQHandler                  0x080001b7   Thumb Code     0  startup_stm32f4xx.o(.text)
    DMA1_Stream4_IRQHandler                  0x080001b7   Thumb Code     0  startup_stm32f4xx.o(.text)
    DMA1_Stream5_IRQHandler                  0x080001b7   Thumb Code     0  startup_stm32f4xx.o(.text)
    DMA1_Stream6_IRQHandler                  0x080001b7   Thumb Code     0  startup_stm32f4xx.o(.text)
    DMA1_Stream7_IRQHandler                  0x080001b7   Thumb Code     0  startup_stm32f4xx.o(.text)
    DMA2_Stream0_IRQHandler                  0x080001b7   Thumb Code     0  startup_stm32f4xx.o(.text)
    DMA2_Stream1_IRQHandler                  0x080001b7   Thumb Code     0  startup_stm32f4xx.o(.text)
    DMA2_Stream2_IRQHandler                  0x080001b7   Thumb Code     0  startup_stm32f4xx.o(.text)
    DMA2_Stream4_IRQHandler                  0x080001b7   Thumb Code     0  startup_stm32f4xx.o(.text)
    DMA2_Stream5_IRQHandler                  0x080001b7   Thumb Code     0  startup_stm32f4xx.o(.text)
    DMA2_Stream6_IRQHandler                  0x080001b7   Thumb Code     0  startup_stm32f4xx.o(.text)
    DMA2_Stream7_IRQHandler                  0x080001b7   Thumb Code     0  startup_stm32f4xx.o(.text)
    ETH_IRQHandler                           0x080001b7   Thumb Code     0  startup_stm32f4xx.o(.text)
    ETH_WKUP_IRQHandler                      0x080001b7   Thumb Code     0  startup_stm32f4xx.o(.text)
    EXTI0_IRQHandler                         0x080001b7   Thumb Code     0  startup_stm32f4xx.o(.text)
    EXTI15_10_IRQHandler                     0x080001b7   Thumb Code     0  startup_stm32f4xx.o(.text)
    EXTI1_IRQHandler                         0x080001b7   Thumb Code     0  startup_stm32f4xx.o(.text)
    EXTI2_IRQHandler                         0x080001b7   Thumb Code     0  startup_stm32f4xx.o(.text)
    EXTI3_IRQHandler                         0x080001b7   Thumb Code     0  startup_stm32f4xx.o(.text)
    EXTI4_IRQHandler                         0x080001b7   Thumb Code     0  startup_stm32f4xx.o(.text)
    EXTI9_5_IRQHandler                       0x080001b7   Thumb Code     0  startup_stm32f4xx.o(.text)
    FLASH_IRQHandler                         0x080001b7   Thumb Code     0  startup_stm32f4xx.o(.text)
    FPU_IRQHandler                           0x080001b7   Thumb Code     0  startup_stm32f4xx.o(.text)
    FSMC_IRQHandler                          0x080001b7   Thumb Code     0  startup_stm32f4xx.o(.text)
    HASH_RNG_IRQHandler                      0x080001b7   Thumb Code     0  startup_stm32f4xx.o(.text)
    I2C1_ER_IRQHandler                       0x080001b7   Thumb Code     0  startup_stm32f4xx.o(.text)
    I2C1_EV_IRQHandler                       0x080001b7   Thumb Code     0  startup_stm32f4xx.o(.text)
    I2C2_ER_IRQHandler                       0x080001b7   Thumb Code     0  startup_stm32f4xx.o(.text)
    I2C2_EV_IRQHandler                       0x080001b7   Thumb Code     0  startup_stm32f4xx.o(.text)
    I2C3_ER_IRQHandler                       0x080001b7   Thumb Code     0  startup_stm32f4xx.o(.text)
    I2C3_EV_IRQHandler                       0x080001b7   Thumb Code     0  startup_stm32f4xx.o(.text)
    OTG_FS_IRQHandler                        0x080001b7   Thumb Code     0  startup_stm32f4xx.o(.text)
    OTG_FS_WKUP_IRQHandler                   0x080001b7   Thumb Code     0  startup_stm32f4xx.o(.text)
    OTG_HS_EP1_IN_IRQHandler                 0x080001b7   Thumb Code     0  startup_stm32f4xx.o(.text)
    OTG_HS_EP1_OUT_IRQHandler                0x080001b7   Thumb Code     0  startup_stm32f4xx.o(.text)
    OTG_HS_IRQHandler                        0x080001b7   Thumb Code     0  startup_stm32f4xx.o(.text)
    OTG_HS_WKUP_IRQHandler                   0x080001b7   Thumb Code     0  startup_stm32f4xx.o(.text)
    PVD_IRQHandler                           0x080001b7   Thumb Code     0  startup_stm32f4xx.o(.text)
    RCC_IRQHandler                           0x080001b7   Thumb Code     0  startup_stm32f4xx.o(.text)
    RTC_Alarm_IRQHandler                     0x080001b7   Thumb Code     0  startup_stm32f4xx.o(.text)
    RTC_WKUP_IRQHandler                      0x080001b7   Thumb Code     0  startup_stm32f4xx.o(.text)
    SPI1_IRQHandler                          0x080001b7   Thumb Code     0  startup_stm32f4xx.o(.text)
    SPI2_IRQHandler                          0x080001b7   Thumb Code     0  startup_stm32f4xx.o(.text)
    SPI3_IRQHandler                          0x080001b7   Thumb Code     0  startup_stm32f4xx.o(.text)
    TAMP_STAMP_IRQHandler                    0x080001b7   Thumb Code     0  startup_stm32f4xx.o(.text)
    TIM1_BRK_TIM9_IRQHandler                 0x080001b7   Thumb Code     0  startup_stm32f4xx.o(.text)
    TIM1_CC_IRQHandler                       0x080001b7   Thumb Code     0  startup_stm32f4xx.o(.text)
    TIM1_TRG_COM_TIM11_IRQHandler            0x080001b7   Thumb Code     0  startup_stm32f4xx.o(.text)
    TIM1_UP_TIM10_IRQHandler                 0x080001b7   Thumb Code     0  startup_stm32f4xx.o(.text)
    TIM2_IRQHandler                          0x080001b7   Thumb Code     0  startup_stm32f4xx.o(.text)
    TIM3_IRQHandler                          0x080001b7   Thumb Code     0  startup_stm32f4xx.o(.text)
    TIM4_IRQHandler                          0x080001b7   Thumb Code     0  startup_stm32f4xx.o(.text)
    TIM5_IRQHandler                          0x080001b7   Thumb Code     0  startup_stm32f4xx.o(.text)
    TIM6_DAC_IRQHandler                      0x080001b7   Thumb Code     0  startup_stm32f4xx.o(.text)
    TIM7_IRQHandler                          0x080001b7   Thumb Code     0  startup_stm32f4xx.o(.text)
    TIM8_BRK_TIM12_IRQHandler                0x080001b7   Thumb Code     0  startup_stm32f4xx.o(.text)
    TIM8_CC_IRQHandler                       0x080001b7   Thumb Code     0  startup_stm32f4xx.o(.text)
    TIM8_TRG_COM_TIM14_IRQHandler            0x080001b7   Thumb Code     0  startup_stm32f4xx.o(.text)
    TIM8_UP_TIM13_IRQHandler                 0x080001b7   Thumb Code     0  startup_stm32f4xx.o(.text)
    UART4_IRQHandler                         0x080001b7   Thumb Code     0  startup_stm32f4xx.o(.text)
    UART5_IRQHandler                         0x080001b7   Thumb Code     0  startup_stm32f4xx.o(.text)
    USART1_IRQHandler                        0x080001b7   Thumb Code     0  startup_stm32f4xx.o(.text)
    USART2_IRQHandler                        0x080001b7   Thumb Code     0  startup_stm32f4xx.o(.text)
    USART3_IRQHandler                        0x080001b7   Thumb Code     0  startup_stm32f4xx.o(.text)
    USART6_IRQHandler                        0x080001b7   Thumb Code     0  startup_stm32f4xx.o(.text)
    WWDG_IRQHandler                          0x080001b7   Thumb Code     0  startup_stm32f4xx.o(.text)
    __aeabi_uidiv                            0x080001c1   Thumb Code     0  uidiv.o(.text)
    __aeabi_uidivmod                         0x080001c1   Thumb Code    44  uidiv.o(.text)
    __scatterload                            0x080001ed   Thumb Code    28  init.o(.text)
    __scatterload_rt2                        0x080001ed   Thumb Code     0  init.o(.text)
    BusFault_Handler                         0x08000211   Thumb Code     4  stm32f4xx_it.o(i.BusFault_Handler)
    DMA2_Stream3_IRQHandler                  0x080004d9   Thumb Code     8  stm32f4xx_it.o(i.DMA2_Stream3_IRQHandler)
    DMA_ClearFlag                            0x080004e1   Thumb Code    38  stm32f4xx_dma.o(i.DMA_ClearFlag)
    DMA_Cmd                                  0x08000515   Thumb Code    22  stm32f4xx_dma.o(i.DMA_Cmd)
    DMA_DeInit                               0x0800052d   Thumb Code   324  stm32f4xx_dma.o(i.DMA_DeInit)
    DMA_FlowControllerConfig                 0x08000685   Thumb Code    22  stm32f4xx_dma.o(i.DMA_FlowControllerConfig)
    DMA_ITConfig                             0x0800069b   Thumb Code    58  stm32f4xx_dma.o(i.DMA_ITConfig)
    DMA_Init                                 0x080006d5   Thumb Code    82  stm32f4xx_dma.o(i.DMA_Init)
    DebugMon_Handler                         0x0800072d   Thumb Code     2  stm32f4xx_it.o(i.DebugMon_Handler)
    GPIO_Init                                0x080008c1   Thumb Code   144  stm32f4xx_gpio.o(i.GPIO_Init)
    GPIO_PinAFConfig                         0x08000951   Thumb Code    70  stm32f4xx_gpio.o(i.GPIO_PinAFConfig)
    HardFault_Handler                        0x08000997   Thumb Code     4  stm32f4xx_it.o(i.HardFault_Handler)
    MemManage_Handler                        0x0800099b   Thumb Code     4  stm32f4xx_it.o(i.MemManage_Handler)
    NMI_Handler                              0x0800099f   Thumb Code     2  stm32f4xx_it.o(i.NMI_Handler)
    NVIC_Configuration                       0x080009a1   Thumb Code    58  sdcard.o(i.NVIC_Configuration)
    NVIC_Init                                0x080009dd   Thumb Code   108  misc.o(i.NVIC_Init)
    NVIC_PriorityGroupConfig                 0x08000a55   Thumb Code    10  misc.o(i.NVIC_PriorityGroupConfig)
    OutPutFile                               0x08000a69   Thumb Code   344  main.o(i.OutPutFile)
    PendSV_Handler                           0x08000d21   Thumb Code     2  stm32f4xx_it.o(i.PendSV_Handler)
    RCC_AHB1PeriphClockCmd                   0x08000d25   Thumb Code    26  stm32f4xx_rcc.o(i.RCC_AHB1PeriphClockCmd)
    RCC_APB2PeriphClockCmd                   0x08000d45   Thumb Code    26  stm32f4xx_rcc.o(i.RCC_APB2PeriphClockCmd)
    RCC_APB2PeriphResetCmd                   0x08000d65   Thumb Code    26  stm32f4xx_rcc.o(i.RCC_APB2PeriphResetCmd)
    RCC_GetClocksFreq                        0x08000d85   Thumb Code   214  stm32f4xx_rcc.o(i.RCC_GetClocksFreq)
    SDIO_ClearFlag                           0x08000f85   Thumb Code     6  stm32f4xx_sdio.o(i.SDIO_ClearFlag)
    SDIO_ClearITPendingBit                   0x08000f91   Thumb Code     6  stm32f4xx_sdio.o(i.SDIO_ClearITPendingBit)
    SDIO_ClockCmd                            0x08000f9d   Thumb Code     6  stm32f4xx_sdio.o(i.SDIO_ClockCmd)
    SDIO_DMACmd                              0x08000fa9   Thumb Code     6  stm32f4xx_sdio.o(i.SDIO_DMACmd)
    SDIO_DataConfig                          0x08000fb5   Thumb Code    46  stm32f4xx_sdio.o(i.SDIO_DataConfig)
    SDIO_DeInit                              0x08000fe9   Thumb Code    22  stm32f4xx_sdio.o(i.SDIO_DeInit)
    SDIO_GetCommandResponse                  0x08001001   Thumb Code     8  stm32f4xx_sdio.o(i.SDIO_GetCommandResponse)
    SDIO_GetFlagStatus                       0x0800100d   Thumb Code    20  stm32f4xx_sdio.o(i.SDIO_GetFlagStatus)
    SDIO_GetITStatus                         0x08001025   Thumb Code    20  stm32f4xx_sdio.o(i.SDIO_GetITStatus)
    SDIO_GetPowerState                       0x0800103d   Thumb Code    10  stm32f4xx_sdio.o(i.SDIO_GetPowerState)
    SDIO_GetResponse                         0x0800104d   Thumb Code    20  stm32f4xx_sdio.o(i.SDIO_GetResponse)
    SDIO_IRQHandler                          0x08001065   Thumb Code     8  stm32f4xx_it.o(i.SDIO_IRQHandler)
    SDIO_ITConfig                            0x0800106d   Thumb Code    26  stm32f4xx_sdio.o(i.SDIO_ITConfig)
    SDIO_Init                                0x0800108d   Thumb Code    42  stm32f4xx_sdio.o(i.SDIO_Init)
    SDIO_ReadData                            0x080010bd   Thumb Code     6  stm32f4xx_sdio.o(i.SDIO_ReadData)
    SDIO_SendCommand                         0x080010c9   Thumb Code    40  stm32f4xx_sdio.o(i.SDIO_SendCommand)
    SDIO_SetPowerState                       0x080010f5   Thumb Code     6  stm32f4xx_sdio.o(i.SDIO_SetPowerState)
    SD_Detect                                0x08001101   Thumb Code    12  sdcard.o(i.SD_Detect)
    SD_EnableWideBusOperation                0x0800110d   Thumb Code   136  sdcard.o(i.SD_EnableWideBusOperation)
    SD_GetCardInfo                           0x0800119d   Thumb Code   742  sdcard.o(i.SD_GetCardInfo)
    SD_GetState                              0x08001495   Thumb Code    38  sdcard.o(i.SD_GetState)
    SD_GetStatus                             0x080014bb   Thumb Code    30  sdcard.o(i.SD_GetStatus)
    SD_Init                                  0x080014d9   Thumb Code   126  sdcard.o(i.SD_Init)
    SD_InitializeCards                       0x08001561   Thumb Code   294  sdcard.o(i.SD_InitializeCards)
    SD_LowLevel_DMA_RxConfig                 0x0800169d   Thumb Code   132  sdcard.o(i.SD_LowLevel_DMA_RxConfig)
    SD_LowLevel_DMA_TxConfig                 0x08001729   Thumb Code   134  sdcard.o(i.SD_LowLevel_DMA_TxConfig)
    SD_LowLevel_Init                         0x080017b9   Thumb Code   158  sdcard.o(i.SD_LowLevel_Init)
    SD_PowerON                               0x08001861   Thumb Code   400  sdcard.o(i.SD_PowerON)
    SD_ProcessDMAIRQ                         0x08001a01   Thumb Code    32  sdcard.o(i.SD_ProcessDMAIRQ)
    SD_ProcessIRQSrc                         0x08001a29   Thumb Code   162  sdcard.o(i.SD_ProcessIRQSrc)
    SD_ReadBlock                             0x08001ad5   Thumb Code   194  sdcard.o(i.SD_ReadBlock)
    SD_ReadMultiBlocks                       0x08001bb5   Thumb Code   204  sdcard.o(i.SD_ReadMultiBlocks)
    SD_SelectDeselect                        0x08001c9d   Thumb Code    48  sdcard.o(i.SD_SelectDeselect)
    SD_SendStatus                            0x08001cd1   Thumb Code    74  sdcard.o(i.SD_SendStatus)
    SD_StopTransfer                          0x08001d25   Thumb Code    46  sdcard.o(i.SD_StopTransfer)
    SD_WaitReadOperation                     0x08001d59   Thumb Code   102  sdcard.o(i.SD_WaitReadOperation)
    SD_WriteBlock                            0x08001dd5   Thumb Code   192  sdcard.o(i.SD_WriteBlock)
    SD_WriteMultiBlocks                      0x08001eb1   Thumb Code   294  sdcard.o(i.SD_WriteMultiBlocks)
    SVC_Handler                              0x08001ff9   Thumb Code     2  stm32f4xx_it.o(i.SVC_Handler)
    SysTick_Handler                          0x080020e9   Thumb Code     8  stm32f4xx_it.o(i.SysTick_Handler)
    SysTick_Init                             0x080020f1   Thumb Code    86  delay.o(i.SysTick_Init)
    SystemInit                               0x08002159   Thumb Code    74  system_stm32f4xx.o(i.SystemInit)
    TimeTick_Decrement                       0x080021b5   Thumb Code    18  delay.o(i.TimeTick_Decrement)
    USART1_Conf                              0x080021cd   Thumb Code   154  usart.o(i.USART1_Conf)
    USART_Cmd                                0x08002271   Thumb Code    24  stm32f4xx_usart.o(i.USART_Cmd)
    USART_GetFlagStatus                      0x08002289   Thumb Code    26  stm32f4xx_usart.o(i.USART_GetFlagStatus)
    USART_Init                               0x080022a5   Thumb Code   204  stm32f4xx_usart.o(i.USART_Init)
    USART_SendData                           0x08002379   Thumb Code     8  stm32f4xx_usart.o(i.USART_SendData)
    UsageFault_Handler                       0x08002381   Thumb Code     4  stm32f4xx_it.o(i.UsageFault_Handler)
    __0printf$3                              0x08002385   Thumb Code    22  printf3.o(i.__0printf$3)
    __1printf$3                              0x08002385   Thumb Code     0  printf3.o(i.__0printf$3)
    __2printf                                0x08002385   Thumb Code     0  printf3.o(i.__0printf$3)
    __scatterload_copy                       0x080023a5   Thumb Code    14  handlers.o(i.__scatterload_copy)
    __scatterload_null                       0x080023b3   Thumb Code     2  handlers.o(i.__scatterload_null)
    __scatterload_zeroinit                   0x080023b5   Thumb Code    14  handlers.o(i.__scatterload_zeroinit)
    clust2sect                               0x080029b5   Thumb Code    26  ff.o(i.clust2sect)
    delay_1ms                                0x08002bf9   Thumb Code    20  delay.o(i.delay_1ms)
    delay_nms                                0x08002c11   Thumb Code    20  delay.o(i.delay_nms)
    disk_initialize                          0x08002f21   Thumb Code    44  diskio.o(i.disk_initialize)
    disk_ioctl                               0x08002f4d   Thumb Code    90  diskio.o(i.disk_ioctl)
    disk_read                                0x08002fad   Thumb Code   112  diskio.o(i.disk_read)
    disk_status                              0x08003021   Thumb Code    34  diskio.o(i.disk_status)
    disk_write                               0x08003045   Thumb Code   106  diskio.o(i.disk_write)
    f_close                                  0x080030b5   Thumb Code    22  ff.o(i.f_close)
    f_mount                                  0x080030cd   Thumb Code    38  ff.o(i.f_mount)
    f_open                                   0x080030f9   Thumb Code   360  ff.o(i.f_open)
    f_opendir                                0x08003261   Thumb Code   110  ff.o(i.f_opendir)
    f_read                                   0x080032cf   Thumb Code   458  ff.o(i.f_read)
    f_readdir                                0x08003499   Thumb Code    88  ff.o(i.f_readdir)
    f_sync                                   0x080034f1   Thumb Code   182  ff.o(i.f_sync)
    f_unlink                                 0x080035a7   Thumb Code   178  ff.o(i.f_unlink)
    f_write                                  0x08003659   Thumb Code   524  ff.o(i.f_write)
    fputc                                    0x08003905   Thumb Code    32  usart.o(i.fputc)
    get_fat                                  0x08003929   Thumb Code   228  ff.o(i.get_fat)
    get_fattime                              0x08003a0d   Thumb Code     4  diskio.o(i.get_fattime)
    main                                     0x08003aa9   Thumb Code    96  main.o(i.main)
    put_fat                                  0x08003c2b   Thumb Code   316  ff.o(i.put_fat)
    Region$$Table$$Base                      0x08003ec4   Number         0  anon$$obj.o(Region$$Table)
    Region$$Table$$Limit                     0x08003ee4   Number         0  anon$$obj.o(Region$$Table)
    textFileBuffer                           0x20000000   Data         100  main.o(.data)
    res                                      0x20000064   Data           1  main.o(.data)
    br                                       0x20000068   Data           4  main.o(.data)
    bw                                       0x2000006c   Data           4  main.o(.data)
    StopCondition                            0x2000007c   Data           4  sdcard.o(.data)
    TransferError                            0x20000080   Data           1  sdcard.o(.data)
    TransferEnd                              0x20000084   Data           4  sdcard.o(.data)
    DMAEndOfTransfer                         0x20000088   Data           4  sdcard.o(.data)
    SystemCoreClock                          0x2000009c   Data           4  system_stm32f4xx.o(.data)
    AHBPrescTable                            0x200000a0   Data          16  system_stm32f4xx.o(.data)
    __stdout                                 0x200000b8   Data           4  stdout.o(.data)
    tx_buf                                   0x200000bc   Data         512  main.o(.bss)
    rx_buf                                   0x200002bc   Data         512  main.o(.bss)
    fs                                       0x200004bc   Data         560  main.o(.bss)
    fsrc                                     0x200006ec   Data         548  main.o(.bss)
    fdst                                     0x20000910   Data         548  main.o(.bss)
    buffer                                   0x20000b34   Data         512  main.o(.bss)
    SDCardInfo                               0x20000d64   Data          80  sdcard.o(.bss)
    SDIO_InitStructure                       0x20000db4   Data          24  sdcard.o(.bss)
    SDIO_CmdInitStructure                    0x20000dcc   Data          20  sdcard.o(.bss)
    SDIO_DataInitStructure                   0x20000de0   Data          24  sdcard.o(.bss)
    __initial_sp                             0x200011f8   Data           0  startup_stm32f4xx.o(STACK)



==============================================================================

Memory Map of the image

  Image Entry point : 0x08000189

  Load Region LR_IROM1 (Base: 0x08000000, Size: 0x00003fa0, Max: 0x00100000, ABSOLUTE)

    Execution Region ER_IROM1 (Base: 0x08000000, Size: 0x00003ee4, Max: 0x00100000, ABSOLUTE)

    Base Addr    Size         Type   Attr      Idx    E Section Name        Object

    0x08000000   0x00000188   Data   RO         1837    RESET               startup_stm32f4xx.o
    0x08000188   0x00000000   Code   RO         2122  * .ARM.Collect$$$$00000000  mc_w.l(entry.o)
    0x08000188   0x00000004   Code   RO         2386    .ARM.Collect$$$$00000001  mc_w.l(entry2.o)
    0x0800018c   0x00000004   Code   RO         2389    .ARM.Collect$$$$00000004  mc_w.l(entry5.o)
    0x08000190   0x00000000   Code   RO         2391    .ARM.Collect$$$$00000008  mc_w.l(entry7b.o)
    0x08000190   0x00000000   Code   RO         2393    .ARM.Collect$$$$0000000A  mc_w.l(entry8b.o)
    0x08000190   0x00000008   Code   RO         2394    .ARM.Collect$$$$0000000B  mc_w.l(entry9a.o)
    0x08000198   0x00000000   Code   RO         2396    .ARM.Collect$$$$0000000D  mc_w.l(entry10a.o)
    0x08000198   0x00000000   Code   RO         2398    .ARM.Collect$$$$0000000F  mc_w.l(entry11a.o)
    0x08000198   0x00000004   Code   RO         2387    .ARM.Collect$$$$00002712  mc_w.l(entry2.o)
    0x0800019c   0x00000024   Code   RO         1838    .text               startup_stm32f4xx.o
    0x080001c0   0x0000002c   Code   RO         2401    .text               mc_w.l(uidiv.o)
    0x080001ec   0x00000024   Code   RO         2416    .text               mc_w.l(init.o)
    0x08000210   0x00000004   Code   RO          158    i.BusFault_Handler  stm32f4xx_it.o
    0x08000214   0x0000002c   Code   RO          305    i.CmdError          sdcard.o
    0x08000240   0x00000130   Code   RO          306    i.CmdResp1Error     sdcard.o
    0x08000370   0x00000048   Code   RO          307    i.CmdResp2Error     sdcard.o
    0x080003b8   0x00000038   Code   RO          308    i.CmdResp3Error     sdcard.o
    0x080003f0   0x0000009c   Code   RO          309    i.CmdResp6Error     sdcard.o
    0x0800048c   0x0000004c   Code   RO          310    i.CmdResp7Error     sdcard.o
    0x080004d8   0x00000008   Code   RO          159    i.DMA2_Stream3_IRQHandler  stm32f4xx_it.o
    0x080004e0   0x00000034   Code   RO         1679    i.DMA_ClearFlag     stm32f4xx_dma.o
    0x08000514   0x00000016   Code   RO         1681    i.DMA_Cmd           stm32f4xx_dma.o
    0x0800052a   0x00000002   PAD
    0x0800052c   0x00000158   Code   RO         1682    i.DMA_DeInit        stm32f4xx_dma.o
    0x08000684   0x00000016   Code   RO         1685    i.DMA_FlowControllerConfig  stm32f4xx_dma.o
    0x0800069a   0x0000003a   Code   RO         1692    i.DMA_ITConfig      stm32f4xx_dma.o
    0x080006d4   0x00000058   Code   RO         1693    i.DMA_Init          stm32f4xx_dma.o
    0x0800072c   0x00000002   Code   RO          160    i.DebugMon_Handler  stm32f4xx_it.o
    0x0800072e   0x00000002   PAD
    0x08000730   0x00000190   Code   RO          311    i.FindSCR           sdcard.o
    0x080008c0   0x00000090   Code   RO          776    i.GPIO_Init         stm32f4xx_gpio.o
    0x08000950   0x00000046   Code   RO          777    i.GPIO_PinAFConfig  stm32f4xx_gpio.o
    0x08000996   0x00000004   Code   RO          161    i.HardFault_Handler  stm32f4xx_it.o
    0x0800099a   0x00000004   Code   RO          162    i.MemManage_Handler  stm32f4xx_it.o
    0x0800099e   0x00000002   Code   RO          163    i.NMI_Handler       stm32f4xx_it.o
    0x080009a0   0x0000003a   Code   RO          313    i.NVIC_Configuration  sdcard.o
    0x080009da   0x00000002   PAD
    0x080009dc   0x00000078   Code   RO          553    i.NVIC_Init         misc.o
    0x08000a54   0x00000014   Code   RO          554    i.NVIC_PriorityGroupConfig  misc.o
    0x08000a68   0x000002b8   Code   RO            2    i.OutPutFile        main.o
    0x08000d20   0x00000002   Code   RO          164    i.PendSV_Handler    stm32f4xx_it.o
    0x08000d22   0x00000002   PAD
    0x08000d24   0x00000020   Code   RO         1053    i.RCC_AHB1PeriphClockCmd  stm32f4xx_rcc.o
    0x08000d44   0x00000020   Code   RO         1065    i.RCC_APB2PeriphClockCmd  stm32f4xx_rcc.o
    0x08000d64   0x00000020   Code   RO         1067    i.RCC_APB2PeriphResetCmd  stm32f4xx_rcc.o
    0x08000d84   0x000000e8   Code   RO         1074    i.RCC_GetClocksFreq  stm32f4xx_rcc.o
    0x08000e6c   0x00000118   Code   RO          314    i.SDEnWideBus       sdcard.o
    0x08000f84   0x0000000c   Code   RO         1490    i.SDIO_ClearFlag    stm32f4xx_sdio.o
    0x08000f90   0x0000000c   Code   RO         1491    i.SDIO_ClearITPendingBit  stm32f4xx_sdio.o
    0x08000f9c   0x0000000c   Code   RO         1492    i.SDIO_ClockCmd     stm32f4xx_sdio.o
    0x08000fa8   0x0000000c   Code   RO         1495    i.SDIO_DMACmd       stm32f4xx_sdio.o
    0x08000fb4   0x00000034   Code   RO         1496    i.SDIO_DataConfig   stm32f4xx_sdio.o
    0x08000fe8   0x00000016   Code   RO         1498    i.SDIO_DeInit       stm32f4xx_sdio.o
    0x08000ffe   0x00000002   PAD
    0x08001000   0x0000000c   Code   RO         1499    i.SDIO_GetCommandResponse  stm32f4xx_sdio.o
    0x0800100c   0x00000018   Code   RO         1502    i.SDIO_GetFlagStatus  stm32f4xx_sdio.o
    0x08001024   0x00000018   Code   RO         1503    i.SDIO_GetITStatus  stm32f4xx_sdio.o
    0x0800103c   0x00000010   Code   RO         1504    i.SDIO_GetPowerState  stm32f4xx_sdio.o
    0x0800104c   0x00000018   Code   RO         1505    i.SDIO_GetResponse  stm32f4xx_sdio.o
    0x08001064   0x00000008   Code   RO          165    i.SDIO_IRQHandler   stm32f4xx_it.o
    0x0800106c   0x00000020   Code   RO         1506    i.SDIO_ITConfig     stm32f4xx_sdio.o
    0x0800108c   0x00000030   Code   RO         1507    i.SDIO_Init         stm32f4xx_sdio.o
    0x080010bc   0x0000000c   Code   RO         1508    i.SDIO_ReadData     stm32f4xx_sdio.o
    0x080010c8   0x0000002c   Code   RO         1510    i.SDIO_SendCommand  stm32f4xx_sdio.o
    0x080010f4   0x0000000c   Code   RO         1512    i.SDIO_SetPowerState  stm32f4xx_sdio.o
    0x08001100   0x0000000c   Code   RO          316    i.SD_Detect         sdcard.o
    0x0800110c   0x00000090   Code   RO          317    i.SD_EnableWideBusOperation  sdcard.o
    0x0800119c   0x000002f8   Code   RO          319    i.SD_GetCardInfo    sdcard.o
    0x08001494   0x00000026   Code   RO          321    i.SD_GetState       sdcard.o
    0x080014ba   0x0000001e   Code   RO          322    i.SD_GetStatus      sdcard.o
    0x080014d8   0x00000088   Code   RO          324    i.SD_Init           sdcard.o
    0x08001560   0x0000013c   Code   RO          325    i.SD_InitializeCards  sdcard.o
    0x0800169c   0x0000008c   Code   RO          326    i.SD_LowLevel_DMA_RxConfig  sdcard.o
    0x08001728   0x00000090   Code   RO          327    i.SD_LowLevel_DMA_TxConfig  sdcard.o
    0x080017b8   0x000000a8   Code   RO          329    i.SD_LowLevel_Init  sdcard.o
    0x08001860   0x000001a0   Code   RO          331    i.SD_PowerON        sdcard.o
    0x08001a00   0x00000028   Code   RO          332    i.SD_ProcessDMAIRQ  sdcard.o
    0x08001a28   0x000000ac   Code   RO          333    i.SD_ProcessIRQSrc  sdcard.o
    0x08001ad4   0x000000e0   Code   RO          334    i.SD_ReadBlock      sdcard.o
    0x08001bb4   0x000000e8   Code   RO          335    i.SD_ReadMultiBlocks  sdcard.o
    0x08001c9c   0x00000034   Code   RO          336    i.SD_SelectDeselect  sdcard.o
    0x08001cd0   0x00000054   Code   RO          338    i.SD_SendStatus     sdcard.o
    0x08001d24   0x00000034   Code   RO          339    i.SD_StopTransfer   sdcard.o
    0x08001d58   0x0000007c   Code   RO          340    i.SD_WaitReadOperation  sdcard.o
    0x08001dd4   0x000000dc   Code   RO          342    i.SD_WriteBlock     sdcard.o
    0x08001eb0   0x00000148   Code   RO          343    i.SD_WriteMultiBlocks  sdcard.o
    0x08001ff8   0x00000002   Code   RO          166    i.SVC_Handler       stm32f4xx_it.o
    0x08001ffa   0x00000002   PAD
    0x08001ffc   0x000000ec   Code   RO         1803    i.SetSysClock       system_stm32f4xx.o
    0x080020e8   0x00000008   Code   RO          167    i.SysTick_Handler   stm32f4xx_it.o
    0x080020f0   0x00000068   Code   RO          237    i.SysTick_Init      delay.o
    0x08002158   0x0000005c   Code   RO         1805    i.SystemInit        system_stm32f4xx.o
    0x080021b4   0x00000018   Code   RO          238    i.TimeTick_Decrement  delay.o
    0x080021cc   0x000000a4   Code   RO          283    i.USART1_Conf       usart.o
    0x08002270   0x00000018   Code   RO          873    i.USART_Cmd         stm32f4xx_usart.o
    0x08002288   0x0000001a   Code   RO          876    i.USART_GetFlagStatus  stm32f4xx_usart.o
    0x080022a2   0x00000002   PAD
    0x080022a4   0x000000d4   Code   RO          880    i.USART_Init        stm32f4xx_usart.o
    0x08002378   0x00000008   Code   RO          890    i.USART_SendData    stm32f4xx_usart.o
    0x08002380   0x00000004   Code   RO          168    i.UsageFault_Handler  stm32f4xx_it.o
    0x08002384   0x00000020   Code   RO         2214    i.__0printf$3       mc_w.l(printf3.o)
    0x080023a4   0x0000000e   Code   RO         2428    i.__scatterload_copy  mc_w.l(handlers.o)
    0x080023b2   0x00000002   Code   RO         2429    i.__scatterload_null  mc_w.l(handlers.o)
    0x080023b4   0x0000000e   Code   RO         2430    i.__scatterload_zeroinit  mc_w.l(handlers.o)
    0x080023c2   0x00000002   PAD
    0x080023c4   0x000001b8   Code   RO         2221    i._printf_core      mc_w.l(printf3.o)
    0x0800257c   0x00000090   Code   RO         1891    i.check_fs          ff.o
    0x0800260c   0x00000014   Code   RO         1892    i.chk_chr           ff.o
    0x08002620   0x00000394   Code   RO         1893    i.chk_mounted       ff.o
    0x080029b4   0x0000001a   Code   RO         1894    i.clust2sect        ff.o
    0x080029ce   0x000000ca   Code   RO         1895    i.create_chain      ff.o
    0x08002a98   0x00000160   Code   RO         1896    i.create_name       ff.o
    0x08002bf8   0x00000018   Code   RO          239    i.delay_1ms         delay.o
    0x08002c10   0x00000014   Code   RO          240    i.delay_nms         delay.o
    0x08002c24   0x0000005c   Code   RO         1897    i.dir_find          ff.o
    0x08002c80   0x00000114   Code   RO         1898    i.dir_next          ff.o
    0x08002d94   0x00000056   Code   RO         1899    i.dir_read          ff.o
    0x08002dea   0x0000006e   Code   RO         1900    i.dir_register      ff.o
    0x08002e58   0x0000002c   Code   RO         1901    i.dir_remove        ff.o
    0x08002e84   0x0000009c   Code   RO         1902    i.dir_sdi           ff.o
    0x08002f20   0x0000002c   Code   RO         1843    i.disk_initialize   diskio.o
    0x08002f4c   0x00000060   Code   RO         1844    i.disk_ioctl        diskio.o
    0x08002fac   0x00000074   Code   RO         1845    i.disk_read         diskio.o
    0x08003020   0x00000022   Code   RO         1846    i.disk_status       diskio.o
    0x08003042   0x00000002   PAD
    0x08003044   0x00000070   Code   RO         1847    i.disk_write        diskio.o
    0x080030b4   0x00000016   Code   RO         1904    i.f_close           ff.o
    0x080030ca   0x00000002   PAD
    0x080030cc   0x0000002c   Code   RO         1908    i.f_mount           ff.o
    0x080030f8   0x00000168   Code   RO         1909    i.f_open            ff.o
    0x08003260   0x0000006e   Code   RO         1910    i.f_opendir         ff.o
    0x080032ce   0x000001ca   Code   RO         1911    i.f_read            ff.o
    0x08003498   0x00000058   Code   RO         1912    i.f_readdir         ff.o
    0x080034f0   0x000000b6   Code   RO         1915    i.f_sync            ff.o
    0x080035a6   0x000000b2   Code   RO         1917    i.f_unlink          ff.o
    0x08003658   0x0000020c   Code   RO         1919    i.f_write           ff.o
    0x08003864   0x0000009e   Code   RO         1920    i.follow_path       ff.o
    0x08003902   0x00000002   PAD
    0x08003904   0x00000024   Code   RO          284    i.fputc             usart.o
    0x08003928   0x000000e4   Code   RO         1921    i.get_fat           ff.o
    0x08003a0c   0x00000004   Code   RO         1848    i.get_fattime       diskio.o
    0x08003a10   0x00000098   Code   RO         1922    i.get_fileinfo      ff.o
    0x08003aa8   0x000000bc   Code   RO            3    i.main              main.o
    0x08003b64   0x00000026   Code   RO         1923    i.mem_cmp           ff.o
    0x08003b8a   0x0000001a   Code   RO         1924    i.mem_cpy           ff.o
    0x08003ba4   0x00000014   Code   RO         1925    i.mem_set           ff.o
    0x08003bb8   0x00000072   Code   RO         1926    i.move_window       ff.o
    0x08003c2a   0x0000013c   Code   RO         1927    i.put_fat           ff.o
    0x08003d66   0x00000068   Code   RO         1928    i.remove_chain      ff.o
    0x08003dce   0x000000ca   Code   RO         1929    i.sync              ff.o
    0x08003e98   0x0000002a   Code   RO         1930    i.validate          ff.o
    0x08003ec2   0x00000002   PAD
    0x08003ec4   0x00000020   Data   RO         2426    Region$$Table       anon$$obj.o


    Execution Region RW_IRAM1 (Base: 0x20000000, Size: 0x000011f8, Max: 0x00020000, ABSOLUTE)

    Base Addr    Size         Type   Attr      Idx    E Section Name        Object

    0x20000000   0x00000070   Data   RW            5    .data               main.o
    0x20000070   0x00000004   Data   RW          242    .data               delay.o
    0x20000074   0x00000018   Data   RW          346    .data               sdcard.o
    0x2000008c   0x00000010   Data   RW         1097    .data               stm32f4xx_rcc.o
    0x2000009c   0x00000014   Data   RW         1806    .data               system_stm32f4xx.o
    0x200000b0   0x00000006   Data   RW         1931    .data               ff.o
    0x200000b6   0x00000002   PAD
    0x200000b8   0x00000004   Data   RW         2400    .data               mc_w.l(stdout.o)
    0x200000bc   0x00000c78   Zero   RW            4    .bss                main.o
    0x20000d34   0x000000c4   Zero   RW          345    .bss                sdcard.o
    0x20000df8   0x00000400   Zero   RW         1835    STACK               startup_stm32f4xx.o


==============================================================================

Image component sizes


      Code (inc. data)   RO Data    RW Data    ZI Data      Debug   Object Name

       172         28          0          4          0      20403   delay.o
       406         32          0          0          0       4336   diskio.o
      5790         46          0          6          0      26721   ff.o
       884        444          0        112       3192     272558   main.o
       140         22          0          0          0       1375   misc.o
      5278        336          0         24        196      29099   sdcard.o
        36          8        392          0       1024        740   startup_stm32f4xx.o
       586         40          0          0          0       4508   stm32f4xx_dma.o
       214          0          0          0          0       1599   stm32f4xx_gpio.o
        48          0          0          0          0       4234   stm32f4xx_it.o
       328         36          0         16          0       4019   stm32f4xx_rcc.o
       370         80          0          0          0       9382   stm32f4xx_sdio.o
       270          8          0          0          0       2932   stm32f4xx_usart.o
       328         36          0         20          0       1649   system_stm32f4xx.o
       200         14          0          0          0       1082   usart.o

    ----------------------------------------------------------------------
     15072       1130        424        184       4412     384637   Object Totals
         0          0         32          0          0          0   (incl. Generated)
        22          0          0          2          0          0   (incl. Padding)

    ----------------------------------------------------------------------

      Code (inc. data)   RO Data    RW Data    ZI Data      Debug   Library Member Name

         0          0          0          0          0          0   entry.o
         0          0          0          0          0          0   entry10a.o
         0          0          0          0          0          0   entry11a.o
         8          4          0          0          0          0   entry2.o
         4          0          0          0          0          0   entry5.o
         0          0          0          0          0          0   entry7b.o
         0          0          0          0          0          0   entry8b.o
         8          4          0          0          0          0   entry9a.o
        30          0          0          0          0          0   handlers.o
        36          8          0          0          0         68   init.o
       472         14          0          0          0        180   printf3.o
         0          0          0          4          0          0   stdout.o
        44          0          0          0          0         80   uidiv.o

    ----------------------------------------------------------------------
       604         30          0          4          0        328   Library Totals
         2          0          0          0          0          0   (incl. Padding)

    ----------------------------------------------------------------------

      Code (inc. data)   RO Data    RW Data    ZI Data      Debug   Library Name

       602         30          0          4          0        328   mc_w.l

    ----------------------------------------------------------------------
       604         30          0          4          0        328   Library Totals

    ----------------------------------------------------------------------

==============================================================================


      Code (inc. data)   RO Data    RW Data    ZI Data      Debug   

     15676       1160        424        188       4412     378777   Grand Totals
     15676       1160        424        188       4412     378777   ELF Image Totals
     15676       1160        424        188          0          0   ROM Totals

==============================================================================

    Total RO  Size (Code + RO Data)                16100 (  15.72kB)
    Total RW  Size (RW Data + ZI Data)              4600 (   4.49kB)
    Total ROM Size (Code + RO Data + RW Data)      16288 (  15.91kB)

==============================================================================

