ARM Linker, 5.02 [Build 28] [MDK-ARM Standard]

==============================================================================

Section Cross References

    app.o(i.main) refers to usbd_core.o(i.USBD_Init) for USBD_Init
    app.o(i.main) refers to stm32_eval.o(i.STM_EVAL_LEDToggle) for STM_EVAL_LEDToggle
    app.o(i.main) refers to usbd_usr.o(.data) for USR_cb
    app.o(i.main) refers to usbd_cdc_core.o(.data) for USBD_CDC_cb
    app.o(i.main) refers to usbd_desc.o(.data) for USR_desc
    app.o(i.main) refers to app.o(.bss) for .bss
    stm32fxxx_it.o(i.OTG_HS_EP1_IN_IRQHandler) refers to usb_dcd_int.o(i.USBD_OTG_EP1IN_ISR_Handler) for USBD_OTG_EP1IN_ISR_Handler
    stm32fxxx_it.o(i.OTG_HS_EP1_IN_IRQHandler) refers to app.o(.bss) for USB_OTG_dev
    stm32fxxx_it.o(i.OTG_HS_EP1_OUT_IRQHandler) refers to usb_dcd_int.o(i.USBD_OTG_EP1OUT_ISR_Handler) for USBD_OTG_EP1OUT_ISR_Handler
    stm32fxxx_it.o(i.OTG_HS_EP1_OUT_IRQHandler) refers to app.o(.bss) for USB_OTG_dev
    stm32fxxx_it.o(i.OTG_HS_IRQHandler) refers to usb_dcd_int.o(i.USBD_OTG_ISR_Handler) for USBD_OTG_ISR_Handler
    stm32fxxx_it.o(i.OTG_HS_IRQHandler) refers to app.o(.bss) for USB_OTG_dev
    stm32fxxx_it.o(i.OTG_HS_WKUP_IRQHandler) refers to system_stm32f2xx.o(i.SystemInit) for SystemInit
    stm32fxxx_it.o(i.OTG_HS_WKUP_IRQHandler) refers to usb_core.o(i.USB_OTG_UngateClock) for USB_OTG_UngateClock
    stm32fxxx_it.o(i.OTG_HS_WKUP_IRQHandler) refers to stm32f2xx_exti.o(i.EXTI_ClearITPendingBit) for EXTI_ClearITPendingBit
    stm32fxxx_it.o(i.OTG_HS_WKUP_IRQHandler) refers to app.o(.bss) for USB_OTG_dev
    stm32fxxx_it.o(i.SysTick_Handler) refers to stm322xg_eval_lcd.o(i.LCD_SetTextColor) for LCD_SetTextColor
    usb_bsp.o(i.USB_OTG_BSP_EnableInterrupt) refers to misc.o(i.NVIC_PriorityGroupConfig) for NVIC_PriorityGroupConfig
    usb_bsp.o(i.USB_OTG_BSP_EnableInterrupt) refers to misc.o(i.NVIC_Init) for NVIC_Init
    usb_bsp.o(i.USB_OTG_BSP_Init) refers to stm32f2xx_rcc.o(i.RCC_AHB1PeriphClockCmd) for RCC_AHB1PeriphClockCmd
    usb_bsp.o(i.USB_OTG_BSP_Init) refers to stm32f2xx_gpio.o(i.GPIO_PinAFConfig) for GPIO_PinAFConfig
    usb_bsp.o(i.USB_OTG_BSP_Init) refers to stm32f2xx_gpio.o(i.GPIO_Init) for GPIO_Init
    usb_bsp.o(i.USB_OTG_BSP_mDelay) refers to usb_bsp.o(i.USB_OTG_BSP_uDelay) for USB_OTG_BSP_uDelay
    usbd_usr.o(i.USBD_USR_DeviceConfigured) refers to printfb.o(i.__0printf$bare) for __2printf
    usbd_usr.o(i.USBD_USR_DeviceConfigured) refers to lcd_log.o(.data) for LCD_LineColor
    usbd_usr.o(i.USBD_USR_DeviceReset) refers to lcd_log.o(i.LCD_LOG_SetFooter) for LCD_LOG_SetFooter
    usbd_usr.o(i.USBD_USR_DeviceResumed) refers to printfb.o(i.__0printf$bare) for __2printf
    usbd_usr.o(i.USBD_USR_DeviceResumed) refers to lcd_log.o(.data) for LCD_LineColor
    usbd_usr.o(i.USBD_USR_DeviceSuspended) refers to printfb.o(i.__0printf$bare) for __2printf
    usbd_usr.o(i.USBD_USR_DeviceSuspended) refers to lcd_log.o(.data) for LCD_LineColor
    usbd_usr.o(i.USBD_USR_Init) refers to stm32_eval.o(i.STM_EVAL_LEDInit) for STM_EVAL_LEDInit
    usbd_usr.o(i.USBD_USR_Init) refers to stm322xg_eval_lcd.o(i.STM322xG_LCD_Init) for STM322xG_LCD_Init
    usbd_usr.o(i.USBD_USR_Init) refers to lcd_log.o(i.LCD_LOG_Init) for LCD_LOG_Init
    usbd_usr.o(i.USBD_USR_Init) refers to lcd_log.o(i.LCD_LOG_SetHeader) for LCD_LOG_SetHeader
    usbd_usr.o(i.USBD_USR_Init) refers to printfb.o(i.__0printf$bare) for __2printf
    usbd_usr.o(i.USBD_USR_Init) refers to lcd_log.o(i.LCD_LOG_SetFooter) for LCD_LOG_SetFooter
    usbd_usr.o(i.USBD_USR_Init) refers to lcd_log.o(.data) for LCD_LineColor
    usbd_usr.o(.data) refers to usbd_usr.o(i.USBD_USR_Init) for USBD_USR_Init
    usbd_usr.o(.data) refers to usbd_usr.o(i.USBD_USR_DeviceReset) for USBD_USR_DeviceReset
    usbd_usr.o(.data) refers to usbd_usr.o(i.USBD_USR_DeviceConfigured) for USBD_USR_DeviceConfigured
    usbd_usr.o(.data) refers to usbd_usr.o(i.USBD_USR_DeviceSuspended) for USBD_USR_DeviceSuspended
    usbd_usr.o(.data) refers to usbd_usr.o(i.USBD_USR_DeviceResumed) for USBD_USR_DeviceResumed
    usbd_cdc_vcp.o(i.USART3_IRQHandler) refers to stm32f2xx_usart.o(i.USART_GetITStatus) for USART_GetITStatus
    usbd_cdc_vcp.o(i.USART3_IRQHandler) refers to usbd_cdc_vcp.o(i.VCP_DataTx) for VCP_DataTx
    usbd_cdc_vcp.o(i.USART3_IRQHandler) refers to stm32f2xx_usart.o(i.USART_GetFlagStatus) for USART_GetFlagStatus
    usbd_cdc_vcp.o(i.USART3_IRQHandler) refers to stm32f2xx_usart.o(i.USART_ReceiveData) for USART_ReceiveData
    usbd_cdc_vcp.o(i.VCP_COMConfig) refers to stm32_eval.o(i.STM_EVAL_COMInit) for STM_EVAL_COMInit
    usbd_cdc_vcp.o(i.VCP_COMConfig) refers to stm32f2xx_usart.o(i.USART_ITConfig) for USART_ITConfig
    usbd_cdc_vcp.o(i.VCP_COMConfig) refers to usbd_cdc_vcp.o(.bss) for .bss
    usbd_cdc_vcp.o(i.VCP_COMConfig) refers to usbd_cdc_vcp.o(.data) for .data
    usbd_cdc_vcp.o(i.VCP_Ctrl) refers to usbd_cdc_vcp.o(i.VCP_COMConfig) for VCP_COMConfig
[...]
    Removing stm32f2xx_sdio.o(i.SDIO_SetSDIOReadWaitMode), (12 bytes).
    Removing stm32f2xx_sdio.o(i.SDIO_StartSDIOReadWait), (12 bytes).
    Removing stm32f2xx_sdio.o(i.SDIO_StopSDIOReadWait), (12 bytes).
    Removing stm32f2xx_sdio.o(i.SDIO_StructInit), (16 bytes).
    Removing stm32f2xx_sdio.o(i.SDIO_WriteData), (12 bytes).
    Removing stm32f2xx_usart.o(i.USART_ClearFlag), (6 bytes).
    Removing stm32f2xx_usart.o(i.USART_ClearITPendingBit), (12 bytes).
    Removing stm32f2xx_usart.o(i.USART_ClockInit), (28 bytes).
    Removing stm32f2xx_usart.o(i.USART_ClockStructInit), (12 bytes).
    Removing stm32f2xx_usart.o(i.USART_DMACmd), (16 bytes).
    Removing stm32f2xx_usart.o(i.USART_DeInit), (140 bytes).
    Removing stm32f2xx_usart.o(i.USART_HalfDuplexCmd), (20 bytes).
    Removing stm32f2xx_usart.o(i.USART_IrDACmd), (20 bytes).
    Removing stm32f2xx_usart.o(i.USART_IrDAConfig), (16 bytes).
    Removing stm32f2xx_usart.o(i.USART_LINBreakDetectLengthConfig), (16 bytes).
    Removing stm32f2xx_usart.o(i.USART_LINCmd), (20 bytes).
    Removing stm32f2xx_usart.o(i.USART_OneBitMethodCmd), (20 bytes).
    Removing stm32f2xx_usart.o(i.USART_OverSampling8Cmd), (20 bytes).
    Removing stm32f2xx_usart.o(i.USART_ReceiverWakeUpCmd), (20 bytes).
    Removing stm32f2xx_usart.o(i.USART_SendBreak), (10 bytes).
    Removing stm32f2xx_usart.o(i.USART_SetAddress), (16 bytes).
    Removing stm32f2xx_usart.o(i.USART_SetGuardTime), (16 bytes).
    Removing stm32f2xx_usart.o(i.USART_SetPrescaler), (16 bytes).
    Removing stm32f2xx_usart.o(i.USART_SmartCardCmd), (20 bytes).
    Removing stm32f2xx_usart.o(i.USART_SmartCardNACKCmd), (20 bytes).
    Removing stm32f2xx_usart.o(i.USART_StructInit), (22 bytes).
    Removing stm32f2xx_usart.o(i.USART_WakeUpConfig), (16 bytes).
    Removing usbd_core.o(i.USBD_DeInit), (4 bytes).
    Removing usbd_ioreq.o(i.USBD_GetRxCount), (16 bytes).
    Removing usb_core.o(i.USB_OTG_ActiveRemoteWakeup), (66 bytes).
    Removing usb_core.o(i.USB_OTG_GetEPStatus), (66 bytes).
    Removing usb_core.o(i.USB_OTG_GetMode), (10 bytes).
    Removing usb_core.o(i.USB_OTG_IsHostMode), (14 bytes).
    Removing usb_core.o(i.USB_OTG_ReadOtgItr), (6 bytes).
    Removing usb_core.o(i.USB_OTG_SetEPStatus), (110 bytes).
    Removing usb_core.o(i.USB_OTG_StopDevice), (74 bytes).
    Removing usb_dcd.o(i.DCD_DevConnect), (16 bytes).
    Removing usb_dcd.o(i.DCD_DevDisconnect), (16 bytes).
    Removing usb_dcd.o(i.DCD_EP_Flush), (24 bytes).
    Removing usb_dcd.o(i.DCD_GetEPStatus), (38 bytes).
    Removing usb_dcd.o(i.DCD_SetEPStatus), (38 bytes).
    Removing dflti.o(.text), (34 bytes).
    Removing dfltui.o(.text), (26 bytes).
    Removing cdcmple.o(.text), (40 bytes).
    Removing cdrcmple.o(.text), (40 bytes).
    Removing depilogue.o(.text), (190 bytes).
    Removing dadd.o(.text), (334 bytes).
    Removing dmul.o(.text), (228 bytes).
    Removing ddiv.o(.text), (222 bytes).
    Removing dfixul.o(.text), (48 bytes).

318 unused section(s) (total 14638 bytes) removed from the image.

==============================================================================

Image Symbol Table

    Local Symbols

    Symbol Name                              Value     Ov Type        Size  Object(Section)

    ../clib/../cmprslib/zerorunl2.c          0x00000000   Number         0  __dczerorl2.o ABSOLUTE
    ../clib/microlib/division.c              0x00000000   Number         0  uldiv.o ABSOLUTE
    ../clib/microlib/division.c              0x00000000   Number         0  uidiv.o ABSOLUTE
    ../clib/microlib/init/entry.s            0x00000000   Number         0  entry8.o ABSOLUTE
    ../clib/microlib/init/entry.s            0x00000000   Number         0  entry.o ABSOLUTE
    ../clib/microlib/init/entry.s            0x00000000   Number         0  entry7b.o ABSOLUTE
    ../clib/microlib/init/entry.s            0x00000000   Number         0  entry7a.o ABSOLUTE
    ../clib/microlib/init/entry.s            0x00000000   Number         0  entry2.o ABSOLUTE
    ../clib/microlib/init/entry.s            0x00000000   Number         0  entry5.o ABSOLUTE
    ../clib/microlib/longlong.c              0x00000000   Number         0  llsshr.o ABSOLUTE
    ../clib/microlib/longlong.c              0x00000000   Number         0  llushr.o ABSOLUTE
    ../clib/microlib/longlong.c              0x00000000   Number         0  llshl.o ABSOLUTE
    ../clib/microlib/printf/printf.c         0x00000000   Number         0  printf5.o ABSOLUTE
    ../clib/microlib/printf/printf.c         0x00000000   Number         0  printf3.o ABSOLUTE
    ../clib/microlib/printf/printf.c         0x00000000   Number         0  printf0.o ABSOLUTE
    ../clib/microlib/printf/printf.c         0x00000000   Number         0  printfb.o ABSOLUTE
    ../clib/microlib/printf/printf.c         0x00000000   Number         0  printf7.o ABSOLUTE
    ../clib/microlib/printf/printf.c         0x00000000   Number         0  printf1.o ABSOLUTE
    ../clib/microlib/printf/printf.c         0x00000000   Number         0  printf2.o ABSOLUTE
    ../clib/microlib/printf/printf.c         0x00000000   Number         0  printf4.o ABSOLUTE
    ../clib/microlib/printf/printf.c         0x00000000   Number         0  printf6.o ABSOLUTE
    ../clib/microlib/printf/printf.c         0x00000000   Number         0  printf8.o ABSOLUTE
    ../clib/microlib/printf/printf.c         0x00000000   Number         0  printfa.o ABSOLUTE
    ../clib/microlib/stdio/streams.c         0x00000000   Number         0  stdout.o ABSOLUTE
    ../clib/microlib/stubs.s                 0x00000000   Number         0  iusefp.o ABSOLUTE
    ../fplib/microlib/fpadd.c                0x00000000   Number         0  dadd.o ABSOLUTE
    ../fplib/microlib/fpdiv.c                0x00000000   Number         0  ddiv.o ABSOLUTE
    ../fplib/microlib/fpepilogue.c           0x00000000   Number         0  depilogue.o ABSOLUTE
    ../fplib/microlib/fpfix.c                0x00000000   Number         0  dfixul.o ABSOLUTE
    ../fplib/microlib/fpflt.c                0x00000000   Number         0  dflti.o ABSOLUTE
    ../fplib/microlib/fpflt.c                0x00000000   Number         0  dfltui.o ABSOLUTE
    ../fplib/microlib/fpmul.c                0x00000000   Number         0  dmul.o ABSOLUTE
    ..\..\..\..\Libraries\CMSIS\CM3\CoreSupport\core_cm3.c 0x00000000   Number         0  core_cm3.o ABSOLUTE
    ..\..\..\..\Libraries\CMSIS\CM3\DeviceSupport\ST\STM32F2xx\startup\arm\startup_stm32f2xx.s 0x00000000   Number         0  startup_stm32f2xx.o ABSOLUTE
    ..\..\..\..\Libraries\STM32F2xx_StdPeriph_Driver\src\misc.c 0x00000000   Number         0  misc.o ABSOLUTE
    ..\..\..\..\Libraries\STM32F2xx_StdPeriph_Driver\src\stm32f2xx_dma.c 0x00000000   Number         0  stm32f2xx_dma.o ABSOLUTE
    ..\..\..\..\Libraries\STM32F2xx_StdPeriph_Driver\src\stm32f2xx_exti.c 0x00000000   Number         0  stm32f2xx_exti.o ABSOLUTE
    ..\..\..\..\Libraries\STM32F2xx_StdPeriph_Driver\src\stm32f2xx_flash.c 0x00000000   Number         0  stm32f2xx_flash.o ABSOLUTE
    ..\..\..\..\Libraries\STM32F2xx_StdPeriph_Driver\src\stm32f2xx_fsmc.c 0x00000000   Number         0  stm32f2xx_fsmc.o ABSOLUTE
    ..\..\..\..\Libraries\STM32F2xx_StdPeriph_Driver\src\stm32f2xx_gpio.c 0x00000000   Number         0  stm32f2xx_gpio.o ABSOLUTE
    ..\..\..\..\Libraries\STM32F2xx_StdPeriph_Driver\src\stm32f2xx_i2c.c 0x00000000   Number         0  stm32f2xx_i2c.o ABSOLUTE
    ..\..\..\..\Libraries\STM32F2xx_StdPeriph_Driver\src\stm32f2xx_pwr.c 0x00000000   Number         0  stm32f2xx_pwr.o ABSOLUTE
    ..\..\..\..\Libraries\STM32F2xx_StdPeriph_Driver\src\stm32f2xx_rcc.c 0x00000000   Number         0  stm32f2xx_rcc.o ABSOLUTE
    ..\..\..\..\Libraries\STM32F2xx_StdPeriph_Driver\src\stm32f2xx_sdio.c 0x00000000   Number         0  stm32f2xx_sdio.o ABSOLUTE
    ..\..\..\..\Libraries\STM32F2xx_StdPeriph_Driver\src\stm32f2xx_spi.c 0x00000000   Number         0  stm32f2xx_spi.o ABSOLUTE
    ..\..\..\..\Libraries\STM32F2xx_StdPeriph_Driver\src\stm32f2xx_syscfg.c 0x00000000   Number         0  stm32f2xx_syscfg.o ABSOLUTE
    ..\..\..\..\Libraries\STM32F2xx_StdPeriph_Driver\src\stm32f2xx_usart.c 0x00000000   Number         0  stm32f2xx_usart.o ABSOLUTE
    ..\..\..\..\Libraries\STM32_USB_Device_Library\Class\cdc\src\usbd_cdc_core.c 0x00000000   Number         0  usbd_cdc_core.o ABSOLUTE
    ..\..\..\..\Libraries\STM32_USB_Device_Library\Core\src\usbd_core.c 0x00000000   Number         0  usbd_core.o ABSOLUTE
    ..\..\..\..\Libraries\STM32_USB_Device_Library\Core\src\usbd_ioreq.c 0x00000000   Number         0  usbd_ioreq.o ABSOLUTE
    ..\..\..\..\Libraries\STM32_USB_Device_Library\Core\src\usbd_req.c 0x00000000   Number         0  usbd_req.o ABSOLUTE
    ..\..\..\..\Libraries\STM32_USB_OTG_Driver\src\usb_core.c 0x00000000   Number         0  usb_core.o ABSOLUTE
    ..\..\..\..\Libraries\STM32_USB_OTG_Driver\src\usb_dcd.c 0x00000000   Number         0  usb_dcd.o ABSOLUTE
    ..\..\..\..\Libraries\STM32_USB_OTG_Driver\src\usb_dcd_int.c 0x00000000   Number         0  usb_dcd_int.o ABSOLUTE
    ..\..\..\..\Utilities\STM32_EVAL\Common\lcd_log.c 0x00000000   Number         0  lcd_log.o ABSOLUTE
    ..\..\..\..\Utilities\STM32_EVAL\STM322xG_EVAL\stm322xg_eval_lcd.c 0x00000000   Number         0  stm322xg_eval_lcd.o ABSOLUTE
    ..\..\..\..\Utilities\STM32_EVAL\stm32_eval.c 0x00000000   Number         0  stm32_eval.o ABSOLUTE
    ..\\..\\..\\..\\Libraries\\CMSIS\\CM3\\CoreSupport\\core_cm3.c 0x00000000   Number         0  core_cm3.o ABSOLUTE
    ..\src\app.c                             0x00000000   Number         0  app.o ABSOLUTE
    ..\src\stm32fxxx_it.c                    0x00000000   Number         0  stm32fxxx_it.o ABSOLUTE
    ..\src\system_stm32f2xx.c                0x00000000   Number         0  system_stm32f2xx.o ABSOLUTE
    ..\src\usb_bsp.c                         0x00000000   Number         0  usb_bsp.o ABSOLUTE
    ..\src\usbd_cdc_vcp.c                    0x00000000   Number         0  usbd_cdc_vcp.o ABSOLUTE
    ..\src\usbd_desc.c                       0x00000000   Number         0  usbd_desc.o ABSOLUTE
    ..\src\usbd_usr.c                        0x00000000   Number         0  usbd_usr.o ABSOLUTE
    cdcmple.s                                0x00000000   Number         0  cdcmple.o ABSOLUTE
    cdrcmple.s                               0x00000000   Number         0  cdrcmple.o ABSOLUTE
    dc.s                                     0x00000000   Number         0  dc.o ABSOLUTE
    handlers.s                               0x00000000   Number         0  handlers.o ABSOLUTE
    init.s                                   0x00000000   Number         0  init.o ABSOLUTE
    RESET                                    0x08000000   Section      388  startup_stm32f2xx.o(RESET)
    .ARM.Collect$$$$00000000                 0x08000184   Section        0  entry.o(.ARM.Collect$$$$00000000)
    .ARM.Collect$$$$00000001                 0x08000184   Section        4  entry2.o(.ARM.Collect$$$$00000001)
    .ARM.Collect$$$$00000004                 0x08000188   Section        4  entry5.o(.ARM.Collect$$$$00000004)
    .ARM.Collect$$$$00000008                 0x0800018c   Section        0  entry7b.o(.ARM.Collect$$$$00000008)
    .ARM.Collect$$$$00000009                 0x0800018c   Section        8  entry8.o(.ARM.Collect$$$$00000009)
    .ARM.Collect$$$$00002712                 0x08000194   Section        4  entry2.o(.ARM.Collect$$$$00002712)
    __lit__00000000                          0x08000194   Data           4  entry2.o(.ARM.Collect$$$$00002712)
    .text                                    0x08000198   Section       36  startup_stm32f2xx.o(.text)
    .text                                    0x080001bc   Section       36  init.o(.text)
    .text                                    0x080001e0   Section        0  __dczerorl2.o(.text)
    i.BusFault_Handler                       0x0800023c   Section        0  stm32fxxx_it.o(i.BusFault_Handler)
    i.DCD_EP_Close                           0x0800023e   Section        0  usb_dcd.o(i.DCD_EP_Close)
    i.DCD_EP_ClrStall                        0x0800026a   Section        0  usb_dcd.o(i.DCD_EP_ClrStall)
    i.DCD_EP_Open                            0x080002a2   Section        0  usb_dcd.o(i.DCD_EP_Open)
    i.DCD_EP_PrepareRx                       0x080002de   Section        0  usb_dcd.o(i.DCD_EP_PrepareRx)
    i.DCD_EP_SetAddress                      0x08000318   Section        0  usb_dcd.o(i.DCD_EP_SetAddress)
    i.DCD_EP_Stall                           0x08000328   Section        0  usb_dcd.o(i.DCD_EP_Stall)
    i.DCD_EP_Tx                              0x08000360   Section        0  usb_dcd.o(i.DCD_EP_Tx)
    i.DCD_HandleInEP_ISR                     0x08000398   Section        0  usb_dcd_int.o(i.DCD_HandleInEP_ISR)
    DCD_HandleInEP_ISR                       0x08000399   Thumb Code   226  usb_dcd_int.o(i.DCD_HandleInEP_ISR)
    i.DCD_HandleOutEP_ISR                    0x08000480   Section        0  usb_dcd_int.o(i.DCD_HandleOutEP_ISR)
    DCD_HandleOutEP_ISR                      0x08000481   Thumb Code   180  usb_dcd_int.o(i.DCD_HandleOutEP_ISR)
    i.DCD_HandleRxStatusQueueLevel_ISR       0x08000538   Section        0  usb_dcd_int.o(i.DCD_HandleRxStatusQueueLevel_ISR)
    DCD_HandleRxStatusQueueLevel_ISR         0x08000539   Thumb Code   124  usb_dcd_int.o(i.DCD_HandleRxStatusQueueLevel_ISR)
    i.DCD_HandleUsbReset_ISR                 0x080005b4   Section        0  usb_dcd_int.o(i.DCD_HandleUsbReset_ISR)
    DCD_HandleUsbReset_ISR                   0x080005b5   Thumb Code   138  usb_dcd_int.o(i.DCD_HandleUsbReset_ISR)
    i.DCD_Init                               0x08000644   Section        0  usb_dcd.o(i.DCD_Init)
    i.DCD_WriteEmptyTxFifo                   0x080006ce   Section        0  usb_dcd_int.o(i.DCD_WriteEmptyTxFifo)
    DCD_WriteEmptyTxFifo                     0x080006cf   Thumb Code   122  usb_dcd_int.o(i.DCD_WriteEmptyTxFifo)
    i.DebugMon_Handler                       0x08000748   Section        0  stm32fxxx_it.o(i.DebugMon_Handler)
    i.EXTI_ClearITPendingBit                 0x0800074c   Section        0  stm32f2xx_exti.o(i.EXTI_ClearITPendingBit)
    i.FSMC_NORSRAMCmd                        0x08000758   Section        0  stm32f2xx_fsmc.o(i.FSMC_NORSRAMCmd)
    i.FSMC_NORSRAMInit                       0x08000778   Section        0  stm32f2xx_fsmc.o(i.FSMC_NORSRAMInit)
    i.GPIO_Init                              0x08000838   Section        0  stm32f2xx_gpio.o(i.GPIO_Init)
    i.GPIO_PinAFConfig                       0x080008da   Section        0  stm32f2xx_gpio.o(i.GPIO_PinAFConfig)
    i.Handle_USBAsynchXfer                   0x080008fc   Section        0  usbd_cdc_core.o(i.Handle_USBAsynchXfer)
    Handle_USBAsynchXfer                     0x080008fd   Thumb Code   100  usbd_cdc_core.o(i.Handle_USBAsynchXfer)
    i.HardFault_Handler                      0x08000968   Section        0  stm32fxxx_it.o(i.HardFault_Handler)
    i.LCD_Clear                              0x0800096c   Section        0  stm322xg_eval_lcd.o(i.LCD_Clear)
    i.LCD_ClearLine                          0x08000998   Section        0  stm322xg_eval_lcd.o(i.LCD_ClearLine)
    i.LCD_CtrlLinesConfig                    0x080009c8   Section        0  stm322xg_eval_lcd.o(i.LCD_CtrlLinesConfig)
    i.LCD_DisplayChar                        0x08000b08   Section        0  stm322xg_eval_lcd.o(i.LCD_DisplayChar)
    i.LCD_DisplayStringLine                  0x08000b28   Section        0  stm322xg_eval_lcd.o(i.LCD_DisplayStringLine)
    i.LCD_DrawChar                           0x08000b60   Section        0  stm322xg_eval_lcd.o(i.LCD_DrawChar)
    i.LCD_FSMCConfig                         0x08000be4   Section        0  stm322xg_eval_lcd.o(i.LCD_FSMCConfig)
    i.LCD_GetFont                            0x08000c34   Section        0  stm322xg_eval_lcd.o(i.LCD_GetFont)
    i.LCD_LOG_DeInit                         0x08000c40   Section        0  lcd_log.o(i.LCD_LOG_DeInit)
    i.LCD_LOG_Init                           0x08000c68   Section        0  lcd_log.o(i.LCD_LOG_Init)
    i.LCD_LOG_SetFooter                      0x08000c78   Section        0  lcd_log.o(i.LCD_LOG_SetFooter)
    i.LCD_LOG_SetHeader                      0x08000cdc   Section        0  lcd_log.o(i.LCD_LOG_SetHeader)
    i.LCD_LOG_UpdateDisplay                  0x08000d6c   Section        0  lcd_log.o(i.LCD_LOG_UpdateDisplay)
    LCD_LOG_UpdateDisplay                    0x08000d6d   Thumb Code   150  lcd_log.o(i.LCD_LOG_UpdateDisplay)
    i.LCD_ReadReg                            0x08000e0c   Section        0  stm322xg_eval_lcd.o(i.LCD_ReadReg)
    i.LCD_SetBackColor                       0x08000e1c   Section        0  stm322xg_eval_lcd.o(i.LCD_SetBackColor)
    i.LCD_SetCursor                          0x08000e28   Section        0  stm322xg_eval_lcd.o(i.LCD_SetCursor)
    i.LCD_SetFont                            0x08000e4c   Section        0  stm322xg_eval_lcd.o(i.LCD_SetFont)
    i.LCD_SetTextColor                       0x08000e58   Section        0  stm322xg_eval_lcd.o(i.LCD_SetTextColor)
    i.LCD_WriteReg                           0x08000e64   Section        0  stm322xg_eval_lcd.o(i.LCD_WriteReg)
    i.MemManage_Handler                      0x08000e74   Section        0  stm32fxxx_it.o(i.MemManage_Handler)
    i.NMI_Handler                            0x08000e76   Section        0  stm32fxxx_it.o(i.NMI_Handler)
    i.NVIC_Init                              0x08000e78   Section        0  misc.o(i.NVIC_Init)
    i.NVIC_PriorityGroupConfig               0x08000edc   Section        0  misc.o(i.NVIC_PriorityGroupConfig)
    i.OTG_HS_EP1_IN_IRQHandler               0x08000ef0   Section        0  stm32fxxx_it.o(i.OTG_HS_EP1_IN_IRQHandler)
    i.OTG_HS_EP1_OUT_IRQHandler              0x08000efc   Section        0  stm32fxxx_it.o(i.OTG_HS_EP1_OUT_IRQHandler)
    i.OTG_HS_IRQHandler                      0x08000f08   Section        0  stm32fxxx_it.o(i.OTG_HS_IRQHandler)
    i.OTG_HS_WKUP_IRQHandler                 0x08000f14   Section        0  stm32fxxx_it.o(i.OTG_HS_WKUP_IRQHandler)
    i.PendSV_Handler                         0x08000f44   Section        0  stm32fxxx_it.o(i.PendSV_Handler)
    i.RCC_AHB1PeriphClockCmd                 0x08000f48   Section        0  stm32f2xx_rcc.o(i.RCC_AHB1PeriphClockCmd)
    i.RCC_AHB3PeriphClockCmd                 0x08000f60   Section        0  stm32f2xx_rcc.o(i.RCC_AHB3PeriphClockCmd)
    i.RCC_APB1PeriphClockCmd                 0x08000f78   Section        0  stm32f2xx_rcc.o(i.RCC_APB1PeriphClockCmd)
    i.RCC_GetClocksFreq                      0x08000f90   Section        0  stm32f2xx_rcc.o(i.RCC_GetClocksFreq)
    i.STM322xG_LCD_Init                      0x08001028   Section        0  stm322xg_eval_lcd.o(i.STM322xG_LCD_Init)
    i.STM_EVAL_COMInit                       0x080012c0   Section        0  stm32_eval.o(i.STM_EVAL_COMInit)
    i.STM_EVAL_LEDInit                       0x08001380   Section        0  stm32_eval.o(i.STM_EVAL_LEDInit)
    i.STM_EVAL_LEDToggle                     0x080013c8   Section        0  stm32_eval.o(i.STM_EVAL_LEDToggle)
    i.SVC_Handler                            0x080013e4   Section        0  stm32fxxx_it.o(i.SVC_Handler)
    i.SetSysClock                            0x080013e8   Section        0  system_stm32f2xx.o(i.SetSysClock)
    SetSysClock                              0x080013e9   Thumb Code   118  system_stm32f2xx.o(i.SetSysClock)
    i.SysTick_Handler                        0x0800146c   Section        0  stm32fxxx_it.o(i.SysTick_Handler)
    i.SystemInit                             0x08001484   Section        0  system_stm32f2xx.o(i.SystemInit)
    i.USART3_IRQHandler                      0x080014d4   Section        0  usbd_cdc_vcp.o(i.USART3_IRQHandler)
    i.USART_Cmd                              0x08001508   Section        0  stm32f2xx_usart.o(i.USART_Cmd)
    i.USART_GetFlagStatus                    0x0800151c   Section        0  stm32f2xx_usart.o(i.USART_GetFlagStatus)
    i.USART_GetITStatus                      0x0800152a   Section        0  stm32f2xx_usart.o(i.USART_GetITStatus)
    i.USART_ITConfig                         0x08001568   Section        0  stm32f2xx_usart.o(i.USART_ITConfig)
    i.USART_Init                             0x08001598   Section        0  stm32f2xx_usart.o(i.USART_Init)
    i.USART_ReceiveData                      0x08001650   Section        0  stm32f2xx_usart.o(i.USART_ReceiveData)
    i.USART_SendData                         0x08001658   Section        0  stm32f2xx_usart.o(i.USART_SendData)
    i.USBD_ClrCfg                            0x08001660   Section        0  usbd_core.o(i.USBD_ClrCfg)
    i.USBD_CtlContinueRx                     0x0800166e   Section        0  usbd_ioreq.o(i.USBD_CtlContinueRx)
    i.USBD_CtlContinueSendData               0x08001680   Section        0  usbd_ioreq.o(i.USBD_CtlContinueSendData)
    i.USBD_CtlError                          0x08001692   Section        0  usbd_req.o(i.USBD_CtlError)
    i.USBD_CtlPrepareRx                      0x080016b6   Section        0  usbd_ioreq.o(i.USBD_CtlPrepareRx)
    i.USBD_CtlReceiveStatus                  0x080016d6   Section        0  usbd_ioreq.o(i.USBD_CtlReceiveStatus)
    i.USBD_CtlSendData                       0x080016f8   Section        0  usbd_ioreq.o(i.USBD_CtlSendData)
    i.USBD_CtlSendStatus                     0x08001718   Section        0  usbd_ioreq.o(i.USBD_CtlSendStatus)
    i.USBD_DataInStage                       0x0800173a   Section        0  usbd_core.o(i.USBD_DataInStage)
    USBD_DataInStage                         0x0800173b   Thumb Code   150  usbd_core.o(i.USBD_DataInStage)
    i.USBD_DataOutStage                      0x080017d0   Section        0  usbd_core.o(i.USBD_DataOutStage)
    USBD_DataOutStage                        0x080017d1   Thumb Code   120  usbd_core.o(i.USBD_DataOutStage)
    i.USBD_GetDescriptor                     0x08001848   Section        0  usbd_req.o(i.USBD_GetDescriptor)
    USBD_GetDescriptor                       0x08001849   Thumb Code   288  usbd_req.o(i.USBD_GetDescriptor)
    i.USBD_GetString                         0x0800196c   Section        0  usbd_req.o(i.USBD_GetString)
    i.USBD_Init                              0x080019b6   Section        0  usbd_core.o(i.USBD_Init)
    i.USBD_IsoINIncomplete                   0x080019ec   Section        0  usbd_core.o(i.USBD_IsoINIncomplete)
    USBD_IsoINIncomplete                     0x080019ed   Thumb Code    14  usbd_core.o(i.USBD_IsoINIncomplete)
    i.USBD_IsoOUTIncomplete                  0x080019fa   Section        0  usbd_core.o(i.USBD_IsoOUTIncomplete)
    USBD_IsoOUTIncomplete                    0x080019fb   Thumb Code    14  usbd_core.o(i.USBD_IsoOUTIncomplete)
    i.USBD_OTG_EP1IN_ISR_Handler             0x08001a08   Section        0  usb_dcd_int.o(i.USBD_OTG_EP1IN_ISR_Handler)
    i.USBD_OTG_EP1OUT_ISR_Handler            0x08001a94   Section        0  usb_dcd_int.o(i.USBD_OTG_EP1OUT_ISR_Handler)
    i.USBD_OTG_ISR_Handler                   0x08001aec   Section        0  usb_dcd_int.o(i.USBD_OTG_ISR_Handler)
    i.USBD_ParseSetupRequest                 0x08001c6c   Section        0  usbd_req.o(i.USBD_ParseSetupRequest)
    i.USBD_Reset                             0x08001cb0   Section        0  usbd_core.o(i.USBD_Reset)
    USBD_Reset                               0x08001cb1   Thumb Code    46  usbd_core.o(i.USBD_Reset)
    i.USBD_Resume                            0x08001cde   Section        0  usbd_core.o(i.USBD_Resume)
    USBD_Resume                              0x08001cdf   Thumb Code    22  usbd_core.o(i.USBD_Resume)
    i.USBD_SOF                               0x08001cf4   Section        0  usbd_core.o(i.USBD_SOF)
    USBD_SOF                                 0x08001cf5   Thumb Code    16  usbd_core.o(i.USBD_SOF)
    i.USBD_SetCfg                            0x08001d04   Section        0  usbd_core.o(i.USBD_SetCfg)
    i.USBD_SetConfig                         0x08001d20   Section        0  usbd_req.o(i.USBD_SetConfig)
    USBD_SetConfig                           0x08001d21   Thumb Code   114  usbd_req.o(i.USBD_SetConfig)
    i.USBD_SetFeature                        0x08001d98   Section        0  usbd_req.o(i.USBD_SetFeature)
    USBD_SetFeature                          0x08001d99   Thumb Code   112  usbd_req.o(i.USBD_SetFeature)
    i.USBD_SetupStage                        0x08001e08   Section        0  usbd_core.o(i.USBD_SetupStage)
    USBD_SetupStage                          0x08001e09   Thumb Code    72  usbd_core.o(i.USBD_SetupStage)
    i.USBD_StdDevReq                         0x08001e50   Section        0  usbd_req.o(i.USBD_StdDevReq)
    i.USBD_StdEPReq                          0x08001f44   Section        0  usbd_req.o(i.USBD_StdEPReq)
    i.USBD_StdItfReq                         0x0800201c   Section        0  usbd_req.o(i.USBD_StdItfReq)
    i.USBD_Suspend                           0x08002052   Section        0  usbd_core.o(i.USBD_Suspend)
    USBD_Suspend                             0x08002053   Thumb Code    20  usbd_core.o(i.USBD_Suspend)
    i.USBD_USR_ConfigStrDescriptor           0x08002068   Section        0  usbd_desc.o(i.USBD_USR_ConfigStrDescriptor)
    i.USBD_USR_DeviceConfigured              0x08002088   Section        0  usbd_usr.o(i.USBD_USR_DeviceConfigured)
    i.USBD_USR_DeviceDescriptor              0x080020bc   Section        0  usbd_desc.o(i.USBD_USR_DeviceDescriptor)
    i.USBD_USR_DeviceReset                   0x080020c8   Section        0  usbd_usr.o(i.USBD_USR_DeviceReset)
    i.USBD_USR_DeviceResumed                 0x08002148   Section        0  usbd_usr.o(i.USBD_USR_DeviceResumed)
    i.USBD_USR_DeviceSuspended               0x08002178   Section        0  usbd_usr.o(i.USBD_USR_DeviceSuspended)
    i.USBD_USR_Init                          0x080021ac   Section        0  usbd_usr.o(i.USBD_USR_Init)
    i.USBD_USR_InterfaceStrDescriptor        0x08002248   Section        0  usbd_desc.o(i.USBD_USR_InterfaceStrDescriptor)
    i.USBD_USR_LangIDStrDescriptor           0x0800226c   Section        0  usbd_desc.o(i.USBD_USR_LangIDStrDescriptor)
    i.USBD_USR_ManufacturerStrDescriptor     0x08002278   Section        0  usbd_desc.o(i.USBD_USR_ManufacturerStrDescriptor)
    i.USBD_USR_ProductStrDescriptor          0x080022a0   Section        0  usbd_desc.o(i.USBD_USR_ProductStrDescriptor)
    i.USBD_USR_SerialStrDescriptor           0x08002304   Section        0  usbd_desc.o(i.USBD_USR_SerialStrDescriptor)
    i.USBD_cdc_GetCfgDesc                    0x08002340   Section        0  usbd_cdc_core.o(i.USBD_cdc_GetCfgDesc)
    USBD_cdc_GetCfgDesc                      0x08002341   Thumb Code     8  usbd_cdc_core.o(i.USBD_cdc_GetCfgDesc)
    i.USBD_cdc_GetOtherCfgDesc               0x0800234c   Section        0  usbd_cdc_core.o(i.USBD_cdc_GetOtherCfgDesc)
    USBD_cdc_GetOtherCfgDesc                 0x0800234d   Thumb Code     8  usbd_cdc_core.o(i.USBD_cdc_GetOtherCfgDesc)
    i.USB_OTG_BSP_EnableInterrupt            0x08002358   Section        0  usb_bsp.o(i.USB_OTG_BSP_EnableInterrupt)
    i.USB_OTG_BSP_Init                       0x080023c0   Section        0  usb_bsp.o(i.USB_OTG_BSP_Init)
    i.USB_OTG_BSP_mDelay                     0x080024f8   Section        0  usb_bsp.o(i.USB_OTG_BSP_mDelay)
    i.USB_OTG_BSP_uDelay                     0x08002502   Section        0  usb_bsp.o(i.USB_OTG_BSP_uDelay)
    i.USB_OTG_CoreInit                       0x08002518   Section        0  usb_core.o(i.USB_OTG_CoreInit)
    i.USB_OTG_CoreInitDev                    0x080025f4   Section        0  usb_core.o(i.USB_OTG_CoreInitDev)
    i.USB_OTG_CoreReset                      0x08002754   Section        0  usb_core.o(i.USB_OTG_CoreReset)
    USB_OTG_CoreReset                        0x08002755   Thumb Code    84  usb_core.o(i.USB_OTG_CoreReset)
    i.USB_OTG_DisableGlobalInt               0x080027ac   Section        0  usb_core.o(i.USB_OTG_DisableGlobalInt)
    i.USB_OTG_EP0Activate                    0x080027bc   Section        0  usb_core.o(i.USB_OTG_EP0Activate)
    i.USB_OTG_EP0StartXfer                   0x080027f8   Section        0  usb_core.o(i.USB_OTG_EP0StartXfer)
    i.USB_OTG_EP0_OutStart                   0x080028b0   Section        0  usb_core.o(i.USB_OTG_EP0_OutStart)
    i.USB_OTG_EPActivate                     0x080028d4   Section        0  usb_core.o(i.USB_OTG_EPActivate)
    i.USB_OTG_EPClearStall                   0x0800293c   Section        0  usb_core.o(i.USB_OTG_EPClearStall)
    i.USB_OTG_EPDeactivate                   0x0800296e   Section        0  usb_core.o(i.USB_OTG_EPDeactivate)
    i.USB_OTG_EPSetStall                     0x080029bc   Section        0  usb_core.o(i.USB_OTG_EPSetStall)
    i.USB_OTG_EPStartXfer                    0x080029ec   Section        0  usb_core.o(i.USB_OTG_EPStartXfer)
    i.USB_OTG_EnableDevInt                   0x08002b10   Section        0  usb_core.o(i.USB_OTG_EnableDevInt)
    i.USB_OTG_EnableGlobalInt                0x08002b54   Section        0  usb_core.o(i.USB_OTG_EnableGlobalInt)
    i.USB_OTG_FlushRxFifo                    0x08002b64   Section        0  usb_core.o(i.USB_OTG_FlushRxFifo)
    i.USB_OTG_FlushTxFifo                    0x08002b9c   Section        0  usb_core.o(i.USB_OTG_FlushTxFifo)
    i.USB_OTG_GetDeviceSpeed                 0x08002bdc   Section        0  usb_core.o(i.USB_OTG_GetDeviceSpeed)
    i.USB_OTG_InitDevSpeed                   0x08002c02   Section        0  usb_core.o(i.USB_OTG_InitDevSpeed)
    i.USB_OTG_IsDeviceMode                   0x08002c0e   Section        0  usb_core.o(i.USB_OTG_IsDeviceMode)
    i.USB_OTG_ReadCoreItr                    0x08002c20   Section        0  usb_core.o(i.USB_OTG_ReadCoreItr)
    i.USB_OTG_ReadDevAllInEPItr              0x08002c2a   Section        0  usb_core.o(i.USB_OTG_ReadDevAllInEPItr)
    i.USB_OTG_ReadDevAllOutEp_itr            0x08002c36   Section        0  usb_core.o(i.USB_OTG_ReadDevAllOutEp_itr)
    i.USB_OTG_ReadDevOutEP_itr               0x08002c42   Section        0  usb_core.o(i.USB_OTG_ReadDevOutEP_itr)
    i.USB_OTG_ReadPacket                     0x08002c52   Section        0  usb_core.o(i.USB_OTG_ReadPacket)
    i.USB_OTG_SelectCore                     0x08002c74   Section        0  usb_core.o(i.USB_OTG_SelectCore)
    i.USB_OTG_SetCurrentMode                 0x08002d38   Section        0  usb_core.o(i.USB_OTG_SetCurrentMode)
    i.USB_OTG_UngateClock                    0x08002d62   Section        0  usb_core.o(i.USB_OTG_UngateClock)
    i.USB_OTG_WritePacket                    0x08002d80   Section        0  usb_core.o(i.USB_OTG_WritePacket)
    i.UsageFault_Handler                     0x08002da8   Section        0  stm32fxxx_it.o(i.UsageFault_Handler)
    i.VCP_COMConfig                          0x08002dac   Section        0  usbd_cdc_vcp.o(i.VCP_COMConfig)
    VCP_COMConfig                            0x08002dad   Thumb Code   162  usbd_cdc_vcp.o(i.VCP_COMConfig)
    i.VCP_Ctrl                               0x08002e5c   Section        0  usbd_cdc_vcp.o(i.VCP_Ctrl)
    VCP_Ctrl                                 0x08002e5d   Thumb Code    86  usbd_cdc_vcp.o(i.VCP_Ctrl)
    i.VCP_DataRx                             0x08002eb8   Section        0  usbd_cdc_vcp.o(i.VCP_DataRx)
    VCP_DataRx                               0x08002eb9   Thumb Code    46  usbd_cdc_vcp.o(i.VCP_DataRx)
    i.VCP_DataTx                             0x08002eec   Section        0  usbd_cdc_vcp.o(i.VCP_DataTx)
    VCP_DataTx                               0x08002eed   Thumb Code    60  usbd_cdc_vcp.o(i.VCP_DataTx)
    i.VCP_DeInit                             0x08002f38   Section        0  usbd_cdc_vcp.o(i.VCP_DeInit)
    VCP_DeInit                               0x08002f39   Thumb Code     4  usbd_cdc_vcp.o(i.VCP_DeInit)
    i.VCP_Init                               0x08002f3c   Section        0  usbd_cdc_vcp.o(i.VCP_Init)
    VCP_Init                                 0x08002f3d   Thumb Code    78  usbd_cdc_vcp.o(i.VCP_Init)
    i.__0printf$bare                         0x08002f94   Section        0  printfb.o(i.__0printf$bare)
    i.__scatterload_copy                     0x08002fa4   Section       14  handlers.o(i.__scatterload_copy)
    i.__scatterload_null                     0x08002fb2   Section        2  handlers.o(i.__scatterload_null)
    i.__scatterload_zeroinit                 0x08002fb4   Section       14  handlers.o(i.__scatterload_zeroinit)
    i._printf_core                           0x08002fc2   Section        0  printfb.o(i._printf_core)
    _printf_core                             0x08002fc3   Thumb Code    34  printfb.o(i._printf_core)
    i.delay_ms                               0x08002fe4   Section        0  stm322xg_eval_lcd.o(i.delay_ms)
    i.fputc                                  0x08003000   Section        0  lcd_log.o(i.fputc)
    i.main                                   0x080030e8   Section        0  app.o(i.main)
    i.usbd_cdc_DataIn                        0x08003134   Section        0  usbd_cdc_core.o(i.usbd_cdc_DataIn)
    usbd_cdc_DataIn                          0x08003135   Thumb Code    70  usbd_cdc_core.o(i.usbd_cdc_DataIn)
    i.usbd_cdc_DataOut                       0x08003184   Section        0  usbd_cdc_core.o(i.usbd_cdc_DataOut)
    usbd_cdc_DataOut                         0x08003185   Thumb Code    48  usbd_cdc_core.o(i.usbd_cdc_DataOut)
    i.usbd_cdc_DeInit                        0x080031bc   Section        0  usbd_cdc_core.o(i.usbd_cdc_DeInit)
    usbd_cdc_DeInit                          0x080031bd   Thumb Code    36  usbd_cdc_core.o(i.usbd_cdc_DeInit)
    i.usbd_cdc_EP0_RxReady                   0x080031e4   Section        0  usbd_cdc_core.o(i.usbd_cdc_EP0_RxReady)
    usbd_cdc_EP0_RxReady                     0x080031e5   Thumb Code    30  usbd_cdc_core.o(i.usbd_cdc_EP0_RxReady)
    i.usbd_cdc_Init                          0x0800320c   Section        0  usbd_cdc_core.o(i.usbd_cdc_Init)
    usbd_cdc_Init                            0x0800320d   Thumb Code    90  usbd_cdc_core.o(i.usbd_cdc_Init)
    i.usbd_cdc_SOF                           0x08003274   Section        0  usbd_cdc_core.o(i.usbd_cdc_SOF)
    usbd_cdc_SOF                             0x08003275   Thumb Code    26  usbd_cdc_core.o(i.usbd_cdc_SOF)
    i.usbd_cdc_Setup                         0x08003294   Section        0  usbd_cdc_core.o(i.usbd_cdc_Setup)
    usbd_cdc_Setup                           0x08003295   Thumb Code   168  usbd_cdc_core.o(i.usbd_cdc_Setup)
    .constdata                               0x08003344   Section       80  stm32_eval.o(.constdata)
    .constdata                               0x08003394   Section     4560  stm322xg_eval_lcd.o(.constdata)
    .constdata                               0x08004564   Section     2304  stm322xg_eval_lcd.o(.constdata)
    .constdata                               0x08004e64   Section     2304  stm322xg_eval_lcd.o(.constdata)
    .data                                    0x20000000   Section       28  usbd_usr.o(.data)
    .data                                    0x2000001c   Section        8  usbd_cdc_vcp.o(.data)
    .data                                    0x20000024   Section       20  usbd_cdc_vcp.o(.data)
    .data                                    0x20000038   Section       28  usbd_desc.o(.data)
    .data                                    0x20000054   Section       22  usbd_desc.o(.data)
    .data                                    0x2000006a   Section       10  usbd_desc.o(.data)
    .data                                    0x20000074   Section       44  stm32_eval.o(.data)
    .data                                    0x200000a0   Section       18  lcd_log.o(.data)
    .data                                    0x200000b4   Section       20  stm322xg_eval_lcd.o(.data)
    LCD_Currentfonts                         0x200000bc   Data           4  stm322xg_eval_lcd.o(.data)
    .data                                    0x200000c8   Section        8  stm322xg_eval_lcd.o(.data)
    .data                                    0x200000d0   Section        8  stm322xg_eval_lcd.o(.data)
    .data                                    0x200000d8   Section       16  stm32f2xx_rcc.o(.data)
    APBAHBPrescTable                         0x200000d8   Data          16  stm32f2xx_rcc.o(.data)
    .data                                    0x200000e8   Section       16  usbd_req.o(.data)
    cfgidx                                   0x200000e8   Data           1  usbd_req.o(.data)
    .data                                    0x200000f8   Section       44  usbd_core.o(.data)
    .data                                    0x20000124   Section        4  usbd_core.o(.data)
    .data                                    0x20000128   Section      174  usbd_cdc_core.o(.data)
    usbd_cdc_AltSet                          0x2000012c   Data           4  usbd_cdc_core.o(.data)
    cdcCmd                                   0x2000013c   Data           4  usbd_cdc_core.o(.data)
    cdcLen                                   0x20000140   Data           4  usbd_cdc_core.o(.data)
    FrameCount                               0x20000144   Data           4  usbd_cdc_core.o(.data)
    .data                                    0x200001d8   Section       48  usbd_cdc_core.o(.data)
    .data                                    0x20000208   Section        4  stdout.o(.data)
    .bss                                     0x2000020c   Section     1520  app.o(.bss)
    .bss                                     0x200007fc   Section       16  usbd_cdc_vcp.o(.bss)
    .bss                                     0x2000080c   Section      468  lcd_log.o(.bss)
    .bss                                     0x200009e0   Section       50  usbd_req.o(.bss)
    .bss                                     0x20000a12   Section     2560  usbd_cdc_core.o(.bss)
    STACK                                    0x20001418   Section     1024  startup_stm32f2xx.o(STACK)

    Global Symbols

    Symbol Name                              Value     Ov Type        Size  Object(Section)

    BuildAttributes$$THM_ISAv4$P$D$K$B$S$PE$A:L22UL41UL21$X:L11$S22US41US21$IEEE1$IW$USESV6$~STKCKD$USESV7$~SHL$OSPACE$ROPI$EBA8$MICROLIB$REQ8$PRES8$EABIv2 0x00000000   Number         0  anon$$obj.o ABSOLUTE
    __ARM_use_no_argv                        0x00000000   Number         0  app.o ABSOLUTE
    _clock_init                               - Undefined Weak Reference
    __Vectors_Size                           0x00000184   Number         0  startup_stm32f2xx.o ABSOLUTE
    __Vectors                                0x08000000   Data           4  startup_stm32f2xx.o(RESET)
    __Vectors_End                            0x08000184   Data           0  startup_stm32f2xx.o(RESET)
    __main                                   0x08000185   Thumb Code     0  entry.o(.ARM.Collect$$$$00000000)
    _main_stk                                0x08000185   Thumb Code     0  entry2.o(.ARM.Collect$$$$00000001)
    _main_scatterload                        0x08000189   Thumb Code     0  entry5.o(.ARM.Collect$$$$00000004)
    __main_after_scatterload                 0x0800018d   Thumb Code     0  entry5.o(.ARM.Collect$$$$00000004)
    _main_clock                              0x0800018d   Thumb Code     0  entry7b.o(.ARM.Collect$$$$00000008)
    _main_init                               0x0800018d   Thumb Code     0  entry8.o(.ARM.Collect$$$$00000009)
    Reset_Handler                            0x08000199   Thumb Code     8  startup_stm32f2xx.o(.text)
    ADC_IRQHandler                           0x080001b3   Thumb Code     0  startup_stm32f2xx.o(.text)
    CAN1_RX0_IRQHandler                      0x080001b3   Thumb Code     0  startup_stm32f2xx.o(.text)
    CAN1_RX1_IRQHandler                      0x080001b3   Thumb Code     0  startup_stm32f2xx.o(.text)
    CAN1_SCE_IRQHandler                      0x080001b3   Thumb Code     0  startup_stm32f2xx.o(.text)
    CAN1_TX_IRQHandler                       0x080001b3   Thumb Code     0  startup_stm32f2xx.o(.text)
    CAN2_RX0_IRQHandler                      0x080001b3   Thumb Code     0  startup_stm32f2xx.o(.text)
    CAN2_RX1_IRQHandler                      0x080001b3   Thumb Code     0  startup_stm32f2xx.o(.text)
    CAN2_SCE_IRQHandler                      0x080001b3   Thumb Code     0  startup_stm32f2xx.o(.text)
    CAN2_TX_IRQHandler                       0x080001b3   Thumb Code     0  startup_stm32f2xx.o(.text)
    CRYP_IRQHandler                          0x080001b3   Thumb Code     0  startup_stm32f2xx.o(.text)
    DCMI_IRQHandler                          0x080001b3   Thumb Code     0  startup_stm32f2xx.o(.text)
    DMA1_Stream0_IRQHandler                  0x080001b3   Thumb Code     0  startup_stm32f2xx.o(.text)
    DMA1_Stream1_IRQHandler                  0x080001b3   Thumb Code     0  startup_stm32f2xx.o(.text)
    DMA1_Stream2_IRQHandler                  0x080001b3   Thumb Code     0  startup_stm32f2xx.o(.text)
    DMA1_Stream3_IRQHandler                  0x080001b3   Thumb Code     0  startup_stm32f2xx.o(.text)
    DMA1_Stream4_IRQHandler                  0x080001b3   Thumb Code     0  startup_stm32f2xx.o(.text)
    DMA1_Stream5_IRQHandler                  0x080001b3   Thumb Code     0  startup_stm32f2xx.o(.text)
    DMA1_Stream6_IRQHandler                  0x080001b3   Thumb Code     0  startup_stm32f2xx.o(.text)
    DMA1_Stream7_IRQHandler                  0x080001b3   Thumb Code     0  startup_stm32f2xx.o(.text)
    DMA2_Stream0_IRQHandler                  0x080001b3   Thumb Code     0  startup_stm32f2xx.o(.text)
    DMA2_Stream1_IRQHandler                  0x080001b3   Thumb Code     0  startup_stm32f2xx.o(.text)
    DMA2_Stream2_IRQHandler                  0x080001b3   Thumb Code     0  startup_stm32f2xx.o(.text)
    DMA2_Stream3_IRQHandler                  0x080001b3   Thumb Code     0  startup_stm32f2xx.o(.text)
    DMA2_Stream4_IRQHandler                  0x080001b3   Thumb Code     0  startup_stm32f2xx.o(.text)
    DMA2_Stream5_IRQHandler                  0x080001b3   Thumb Code     0  startup_stm32f2xx.o(.text)
    DMA2_Stream6_IRQHandler                  0x080001b3   Thumb Code     0  startup_stm32f2xx.o(.text)
    DMA2_Stream7_IRQHandler                  0x080001b3   Thumb Code     0  startup_stm32f2xx.o(.text)
    ETH_IRQHandler                           0x080001b3   Thumb Code     0  startup_stm32f2xx.o(.text)
    ETH_WKUP_IRQHandler                      0x080001b3   Thumb Code     0  startup_stm32f2xx.o(.text)
    EXTI0_IRQHandler                         0x080001b3   Thumb Code     0  startup_stm32f2xx.o(.text)
    EXTI15_10_IRQHandler                     0x080001b3   Thumb Code     0  startup_stm32f2xx.o(.text)
    EXTI1_IRQHandler                         0x080001b3   Thumb Code     0  startup_stm32f2xx.o(.text)
    EXTI2_IRQHandler                         0x080001b3   Thumb Code     0  startup_stm32f2xx.o(.text)
    EXTI3_IRQHandler                         0x080001b3   Thumb Code     0  startup_stm32f2xx.o(.text)
    EXTI4_IRQHandler                         0x080001b3   Thumb Code     0  startup_stm32f2xx.o(.text)
    EXTI9_5_IRQHandler                       0x080001b3   Thumb Code     0  startup_stm32f2xx.o(.text)
    FLASH_IRQHandler                         0x080001b3   Thumb Code     0  startup_stm32f2xx.o(.text)
    FSMC_IRQHandler                          0x080001b3   Thumb Code     0  startup_stm32f2xx.o(.text)
    HASH_RNG_IRQHandler                      0x080001b3   Thumb Code     0  startup_stm32f2xx.o(.text)
    I2C1_ER_IRQHandler                       0x080001b3   Thumb Code     0  startup_stm32f2xx.o(.text)
    I2C1_EV_IRQHandler                       0x080001b3   Thumb Code     0  startup_stm32f2xx.o(.text)
    I2C2_ER_IRQHandler                       0x080001b3   Thumb Code     0  startup_stm32f2xx.o(.text)
    I2C2_EV_IRQHandler                       0x080001b3   Thumb Code     0  startup_stm32f2xx.o(.text)
    I2C3_ER_IRQHandler                       0x080001b3   Thumb Code     0  startup_stm32f2xx.o(.text)
    I2C3_EV_IRQHandler                       0x080001b3   Thumb Code     0  startup_stm32f2xx.o(.text)
    OTG_FS_IRQHandler                        0x080001b3   Thumb Code     0  startup_stm32f2xx.o(.text)
    OTG_FS_WKUP_IRQHandler                   0x080001b3   Thumb Code     0  startup_stm32f2xx.o(.text)
    PVD_IRQHandler                           0x080001b3   Thumb Code     0  startup_stm32f2xx.o(.text)
    RCC_IRQHandler                           0x080001b3   Thumb Code     0  startup_stm32f2xx.o(.text)
    RTC_Alarm_IRQHandler                     0x080001b3   Thumb Code     0  startup_stm32f2xx.o(.text)
    RTC_WKUP_IRQHandler                      0x080001b3   Thumb Code     0  startup_stm32f2xx.o(.text)
    SDIO_IRQHandler                          0x080001b3   Thumb Code     0  startup_stm32f2xx.o(.text)
    SPI1_IRQHandler                          0x080001b3   Thumb Code     0  startup_stm32f2xx.o(.text)
    SPI2_IRQHandler                          0x080001b3   Thumb Code     0  startup_stm32f2xx.o(.text)
    SPI3_IRQHandler                          0x080001b3   Thumb Code     0  startup_stm32f2xx.o(.text)
    TAMP_STAMP_IRQHandler                    0x080001b3   Thumb Code     0  startup_stm32f2xx.o(.text)
    TIM1_BRK_TIM9_IRQHandler                 0x080001b3   Thumb Code     0  startup_stm32f2xx.o(.text)
    TIM1_CC_IRQHandler                       0x080001b3   Thumb Code     0  startup_stm32f2xx.o(.text)
    TIM1_TRG_COM_TIM11_IRQHandler            0x080001b3   Thumb Code     0  startup_stm32f2xx.o(.text)
    TIM1_UP_TIM10_IRQHandler                 0x080001b3   Thumb Code     0  startup_stm32f2xx.o(.text)
    TIM2_IRQHandler                          0x080001b3   Thumb Code     0  startup_stm32f2xx.o(.text)
    TIM3_IRQHandler                          0x080001b3   Thumb Code     0  startup_stm32f2xx.o(.text)
    TIM4_IRQHandler                          0x080001b3   Thumb Code     0  startup_stm32f2xx.o(.text)
    TIM5_IRQHandler                          0x080001b3   Thumb Code     0  startup_stm32f2xx.o(.text)
    TIM6_DAC_IRQHandler                      0x080001b3   Thumb Code     0  startup_stm32f2xx.o(.text)
    TIM7_IRQHandler                          0x080001b3   Thumb Code     0  startup_stm32f2xx.o(.text)
    TIM8_BRK_TIM12_IRQHandler                0x080001b3   Thumb Code     0  startup_stm32f2xx.o(.text)
    TIM8_CC_IRQHandler                       0x080001b3   Thumb Code     0  startup_stm32f2xx.o(.text)
    TIM8_TRG_COM_TIM14_IRQHandler            0x080001b3   Thumb Code     0  startup_stm32f2xx.o(.text)
    TIM8_UP_TIM13_IRQHandler                 0x080001b3   Thumb Code     0  startup_stm32f2xx.o(.text)
    UART4_IRQHandler                         0x080001b3   Thumb Code     0  startup_stm32f2xx.o(.text)
    UART5_IRQHandler                         0x080001b3   Thumb Code     0  startup_stm32f2xx.o(.text)
    USART1_IRQHandler                        0x080001b3   Thumb Code     0  startup_stm32f2xx.o(.text)
    USART2_IRQHandler                        0x080001b3   Thumb Code     0  startup_stm32f2xx.o(.text)
    USART6_IRQHandler                        0x080001b3   Thumb Code     0  startup_stm32f2xx.o(.text)
    WWDG_IRQHandler                          0x080001b3   Thumb Code     0  startup_stm32f2xx.o(.text)
    __scatterload                            0x080001bd   Thumb Code    28  init.o(.text)
    __scatterload_rt2                        0x080001bd   Thumb Code     0  init.o(.text)
    __decompress                             0x080001e1   Thumb Code     0  __dczerorl2.o(.text)
    __decompress1                            0x080001e1   Thumb Code    92  __dczerorl2.o(.text)
    BusFault_Handler                         0x0800023d   Thumb Code     2  stm32fxxx_it.o(i.BusFault_Handler)
    DCD_EP_Close                             0x0800023f   Thumb Code    44  usb_dcd.o(i.DCD_EP_Close)
    DCD_EP_ClrStall                          0x0800026b   Thumb Code    56  usb_dcd.o(i.DCD_EP_ClrStall)
    DCD_EP_Open                              0x080002a3   Thumb Code    60  usb_dcd.o(i.DCD_EP_Open)
    DCD_EP_PrepareRx                         0x080002df   Thumb Code    58  usb_dcd.o(i.DCD_EP_PrepareRx)
    DCD_EP_SetAddress                        0x08000319   Thumb Code    16  usb_dcd.o(i.DCD_EP_SetAddress)
    DCD_EP_Stall                             0x08000329   Thumb Code    56  usb_dcd.o(i.DCD_EP_Stall)
    DCD_EP_Tx                                0x08000361   Thumb Code    54  usb_dcd.o(i.DCD_EP_Tx)
    DCD_Init                                 0x08000645   Thumb Code   138  usb_dcd.o(i.DCD_Init)
    DebugMon_Handler                         0x08000749   Thumb Code     2  stm32fxxx_it.o(i.DebugMon_Handler)
    EXTI_ClearITPendingBit                   0x0800074d   Thumb Code     6  stm32f2xx_exti.o(i.EXTI_ClearITPendingBit)
    FSMC_NORSRAMCmd                          0x08000759   Thumb Code    28  stm32f2xx_fsmc.o(i.FSMC_NORSRAMCmd)
    FSMC_NORSRAMInit                         0x08000779   Thumb Code   192  stm32f2xx_fsmc.o(i.FSMC_NORSRAMInit)
    GPIO_Init                                0x08000839   Thumb Code   162  stm32f2xx_gpio.o(i.GPIO_Init)
    GPIO_PinAFConfig                         0x080008db   Thumb Code    32  stm32f2xx_gpio.o(i.GPIO_PinAFConfig)
    HardFault_Handler                        0x08000969   Thumb Code     2  stm32fxxx_it.o(i.HardFault_Handler)
    LCD_Clear                                0x0800096d   Thumb Code    40  stm322xg_eval_lcd.o(i.LCD_Clear)
    LCD_ClearLine                            0x08000999   Thumb Code    44  stm322xg_eval_lcd.o(i.LCD_ClearLine)
    LCD_CtrlLinesConfig                      0x080009c9   Thumb Code   308  stm322xg_eval_lcd.o(i.LCD_CtrlLinesConfig)
    LCD_DisplayChar                          0x08000b09   Thumb Code    26  stm322xg_eval_lcd.o(i.LCD_DisplayChar)
    LCD_DisplayStringLine                    0x08000b29   Thumb Code    52  stm322xg_eval_lcd.o(i.LCD_DisplayStringLine)
    LCD_DrawChar                             0x08000b61   Thumb Code   122  stm322xg_eval_lcd.o(i.LCD_DrawChar)
    LCD_FSMCConfig                           0x08000be5   Thumb Code    78  stm322xg_eval_lcd.o(i.LCD_FSMCConfig)
    LCD_GetFont                              0x08000c35   Thumb Code     6  stm322xg_eval_lcd.o(i.LCD_GetFont)
    LCD_LOG_DeInit                           0x08000c41   Thumb Code    34  lcd_log.o(i.LCD_LOG_DeInit)
    LCD_LOG_Init                             0x08000c69   Thumb Code    16  lcd_log.o(i.LCD_LOG_Init)
    LCD_LOG_SetFooter                        0x08000c79   Thumb Code   100  lcd_log.o(i.LCD_LOG_SetFooter)
    LCD_LOG_SetHeader                        0x08000cdd   Thumb Code   136  lcd_log.o(i.LCD_LOG_SetHeader)
    LCD_ReadReg                              0x08000e0d   Thumb Code    12  stm322xg_eval_lcd.o(i.LCD_ReadReg)
    LCD_SetBackColor                         0x08000e1d   Thumb Code     6  stm322xg_eval_lcd.o(i.LCD_SetBackColor)
    LCD_SetCursor                            0x08000e29   Thumb Code    36  stm322xg_eval_lcd.o(i.LCD_SetCursor)
    LCD_SetFont                              0x08000e4d   Thumb Code     6  stm322xg_eval_lcd.o(i.LCD_SetFont)
    LCD_SetTextColor                         0x08000e59   Thumb Code     6  stm322xg_eval_lcd.o(i.LCD_SetTextColor)
    LCD_WriteReg                             0x08000e65   Thumb Code    12  stm322xg_eval_lcd.o(i.LCD_WriteReg)
    MemManage_Handler                        0x08000e75   Thumb Code     2  stm32fxxx_it.o(i.MemManage_Handler)
    NMI_Handler                              0x08000e77   Thumb Code     2  stm32fxxx_it.o(i.NMI_Handler)
    NVIC_Init                                0x08000e79   Thumb Code    92  misc.o(i.NVIC_Init)
    NVIC_PriorityGroupConfig                 0x08000edd   Thumb Code    10  misc.o(i.NVIC_PriorityGroupConfig)
    OTG_HS_EP1_IN_IRQHandler                 0x08000ef1   Thumb Code     6  stm32fxxx_it.o(i.OTG_HS_EP1_IN_IRQHandler)
    OTG_HS_EP1_OUT_IRQHandler                0x08000efd   Thumb Code     6  stm32fxxx_it.o(i.OTG_HS_EP1_OUT_IRQHandler)
    OTG_HS_IRQHandler                        0x08000f09   Thumb Code     6  stm32fxxx_it.o(i.OTG_HS_IRQHandler)
    OTG_HS_WKUP_IRQHandler                   0x08000f15   Thumb Code    40  stm32fxxx_it.o(i.OTG_HS_WKUP_IRQHandler)
    PendSV_Handler                           0x08000f45   Thumb Code     2  stm32fxxx_it.o(i.PendSV_Handler)
    RCC_AHB1PeriphClockCmd                   0x08000f49   Thumb Code    18  stm32f2xx_rcc.o(i.RCC_AHB1PeriphClockCmd)
    RCC_AHB3PeriphClockCmd                   0x08000f61   Thumb Code    18  stm32f2xx_rcc.o(i.RCC_AHB3PeriphClockCmd)
    RCC_APB1PeriphClockCmd                   0x08000f79   Thumb Code    18  stm32f2xx_rcc.o(i.RCC_APB1PeriphClockCmd)
    RCC_GetClocksFreq                        0x08000f91   Thumb Code   134  stm32f2xx_rcc.o(i.RCC_GetClocksFreq)
    STM322xG_LCD_Init                        0x08001029   Thumb Code   656  stm322xg_eval_lcd.o(i.STM322xG_LCD_Init)
    STM_EVAL_COMInit                         0x080012c1   Thumb Code   182  stm32_eval.o(i.STM_EVAL_COMInit)
    STM_EVAL_LEDInit                         0x08001381   Thumb Code    62  stm32_eval.o(i.STM_EVAL_LEDInit)
    STM_EVAL_LEDToggle                       0x080013c9   Thumb Code    20  stm32_eval.o(i.STM_EVAL_LEDToggle)
    SVC_Handler                              0x080013e5   Thumb Code     2  stm32fxxx_it.o(i.SVC_Handler)
    SysTick_Handler                          0x0800146d   Thumb Code    22  stm32fxxx_it.o(i.SysTick_Handler)
    SystemInit                               0x08001485   Thumb Code    62  system_stm32f2xx.o(i.SystemInit)
    USART3_IRQHandler                        0x080014d5   Thumb Code    48  usbd_cdc_vcp.o(i.USART3_IRQHandler)
    USART_Cmd                                0x08001509   Thumb Code    20  stm32f2xx_usart.o(i.USART_Cmd)
    USART_GetFlagStatus                      0x0800151d   Thumb Code    14  stm32f2xx_usart.o(i.USART_GetFlagStatus)
    USART_GetITStatus                        0x0800152b   Thumb Code    62  stm32f2xx_usart.o(i.USART_GetITStatus)
    USART_ITConfig                           0x08001569   Thumb Code    48  stm32f2xx_usart.o(i.USART_ITConfig)
    USART_Init                               0x08001599   Thumb Code   174  stm32f2xx_usart.o(i.USART_Init)
    USART_ReceiveData                        0x08001651   Thumb Code     8  stm32f2xx_usart.o(i.USART_ReceiveData)
    USART_SendData                           0x08001659   Thumb Code     8  stm32f2xx_usart.o(i.USART_SendData)
    USBD_ClrCfg                              0x08001661   Thumb Code    14  usbd_core.o(i.USBD_ClrCfg)
    USBD_CtlContinueRx                       0x0800166f   Thumb Code    18  usbd_ioreq.o(i.USBD_CtlContinueRx)
    USBD_CtlContinueSendData                 0x08001681   Thumb Code    18  usbd_ioreq.o(i.USBD_CtlContinueSendData)
    USBD_CtlError                            0x08001693   Thumb Code    36  usbd_req.o(i.USBD_CtlError)
    USBD_CtlPrepareRx                        0x080016b7   Thumb Code    32  usbd_ioreq.o(i.USBD_CtlPrepareRx)
    USBD_CtlReceiveStatus                    0x080016d7   Thumb Code    34  usbd_ioreq.o(i.USBD_CtlReceiveStatus)
    USBD_CtlSendData                         0x080016f9   Thumb Code    32  usbd_ioreq.o(i.USBD_CtlSendData)
    USBD_CtlSendStatus                       0x08001719   Thumb Code    34  usbd_ioreq.o(i.USBD_CtlSendStatus)
    USBD_GetString                           0x0800196d   Thumb Code    74  usbd_req.o(i.USBD_GetString)
    USBD_Init                                0x080019b7   Thumb Code    54  usbd_core.o(i.USBD_Init)
    USBD_OTG_EP1IN_ISR_Handler               0x08001a09   Thumb Code   136  usb_dcd_int.o(i.USBD_OTG_EP1IN_ISR_Handler)
    USBD_OTG_EP1OUT_ISR_Handler              0x08001a95   Thumb Code    84  usb_dcd_int.o(i.USBD_OTG_EP1OUT_ISR_Handler)
    USBD_OTG_ISR_Handler                     0x08001aed   Thumb Code   376  usb_dcd_int.o(i.USBD_OTG_ISR_Handler)
    USBD_ParseSetupRequest                   0x08001c6d   Thumb Code    68  usbd_req.o(i.USBD_ParseSetupRequest)
    USBD_SetCfg                              0x08001d05   Thumb Code    26  usbd_core.o(i.USBD_SetCfg)
    USBD_StdDevReq                           0x08001e51   Thumb Code   238  usbd_req.o(i.USBD_StdDevReq)
    USBD_StdEPReq                            0x08001f45   Thumb Code   210  usbd_req.o(i.USBD_StdEPReq)
    USBD_StdItfReq                           0x0800201d   Thumb Code    54  usbd_req.o(i.USBD_StdItfReq)
    USBD_USR_ConfigStrDescriptor             0x08002069   Thumb Code    16  usbd_desc.o(i.USBD_USR_ConfigStrDescriptor)
    USBD_USR_DeviceConfigured                0x08002089   Thumb Code    14  usbd_usr.o(i.USBD_USR_DeviceConfigured)
    USBD_USR_DeviceDescriptor                0x080020bd   Thumb Code     8  usbd_desc.o(i.USBD_USR_DeviceDescriptor)
    USBD_USR_DeviceReset                     0x080020c9   Thumb Code    20  usbd_usr.o(i.USBD_USR_DeviceReset)
    USBD_USR_DeviceResumed                   0x08002149   Thumb Code    14  usbd_usr.o(i.USBD_USR_DeviceResumed)
    USBD_USR_DeviceSuspended                 0x08002179   Thumb Code    14  usbd_usr.o(i.USBD_USR_DeviceSuspended)
    USBD_USR_Init                            0x080021ad   Thumb Code    64  usbd_usr.o(i.USBD_USR_Init)
    USBD_USR_InterfaceStrDescriptor          0x08002249   Thumb Code    16  usbd_desc.o(i.USBD_USR_InterfaceStrDescriptor)
    USBD_USR_LangIDStrDescriptor             0x0800226d   Thumb Code     8  usbd_desc.o(i.USBD_USR_LangIDStrDescriptor)
    USBD_USR_ManufacturerStrDescriptor       0x08002279   Thumb Code    16  usbd_desc.o(i.USBD_USR_ManufacturerStrDescriptor)
    USBD_USR_ProductStrDescriptor            0x080022a1   Thumb Code    24  usbd_desc.o(i.USBD_USR_ProductStrDescriptor)
    USBD_USR_SerialStrDescriptor             0x08002305   Thumb Code    24  usbd_desc.o(i.USBD_USR_SerialStrDescriptor)
    USB_OTG_BSP_EnableInterrupt              0x08002359   Thumb Code   104  usb_bsp.o(i.USB_OTG_BSP_EnableInterrupt)
    USB_OTG_BSP_Init                         0x080023c1   Thumb Code   298  usb_bsp.o(i.USB_OTG_BSP_Init)
    USB_OTG_BSP_mDelay                       0x080024f9   Thumb Code    10  usb_bsp.o(i.USB_OTG_BSP_mDelay)
    USB_OTG_BSP_uDelay                       0x08002503   Thumb Code    22  usb_bsp.o(i.USB_OTG_BSP_uDelay)
    USB_OTG_CoreInit                         0x08002519   Thumb Code   218  usb_core.o(i.USB_OTG_CoreInit)
    USB_OTG_CoreInitDev                      0x080025f5   Thumb Code   352  usb_core.o(i.USB_OTG_CoreInitDev)
    USB_OTG_DisableGlobalInt                 0x080027ad   Thumb Code    16  usb_core.o(i.USB_OTG_DisableGlobalInt)
    USB_OTG_EP0Activate                      0x080027bd   Thumb Code    58  usb_core.o(i.USB_OTG_EP0Activate)
    USB_OTG_EP0StartXfer                     0x080027f9   Thumb Code   182  usb_core.o(i.USB_OTG_EP0StartXfer)
    USB_OTG_EP0_OutStart                     0x080028b1   Thumb Code    32  usb_core.o(i.USB_OTG_EP0_OutStart)
    USB_OTG_EPActivate                       0x080028d5   Thumb Code   104  usb_core.o(i.USB_OTG_EPActivate)
    USB_OTG_EPClearStall                     0x0800293d   Thumb Code    50  usb_core.o(i.USB_OTG_EPClearStall)
    USB_OTG_EPDeactivate                     0x0800296f   Thumb Code    78  usb_core.o(i.USB_OTG_EPDeactivate)
    USB_OTG_EPSetStall                       0x080029bd   Thumb Code    48  usb_core.o(i.USB_OTG_EPSetStall)
    USB_OTG_EPStartXfer                      0x080029ed   Thumb Code   290  usb_core.o(i.USB_OTG_EPStartXfer)
    USB_OTG_EnableDevInt                     0x08002b11   Thumb Code    62  usb_core.o(i.USB_OTG_EnableDevInt)
    USB_OTG_EnableGlobalInt                  0x08002b55   Thumb Code    16  usb_core.o(i.USB_OTG_EnableGlobalInt)
    USB_OTG_FlushRxFifo                      0x08002b65   Thumb Code    52  usb_core.o(i.USB_OTG_FlushRxFifo)
    USB_OTG_FlushTxFifo                      0x08002b9d   Thumb Code    60  usb_core.o(i.USB_OTG_FlushTxFifo)
    USB_OTG_GetDeviceSpeed                   0x08002bdd   Thumb Code    38  usb_core.o(i.USB_OTG_GetDeviceSpeed)
    USB_OTG_InitDevSpeed                     0x08002c03   Thumb Code    12  usb_core.o(i.USB_OTG_InitDevSpeed)
    USB_OTG_IsDeviceMode                     0x08002c0f   Thumb Code    18  usb_core.o(i.USB_OTG_IsDeviceMode)
    USB_OTG_ReadCoreItr                      0x08002c21   Thumb Code    10  usb_core.o(i.USB_OTG_ReadCoreItr)
    USB_OTG_ReadDevAllInEPItr                0x08002c2b   Thumb Code    12  usb_core.o(i.USB_OTG_ReadDevAllInEPItr)
    USB_OTG_ReadDevAllOutEp_itr              0x08002c37   Thumb Code    12  usb_core.o(i.USB_OTG_ReadDevAllOutEp_itr)
    USB_OTG_ReadDevOutEP_itr                 0x08002c43   Thumb Code    16  usb_core.o(i.USB_OTG_ReadDevOutEP_itr)
    USB_OTG_ReadPacket                       0x08002c53   Thumb Code    32  usb_core.o(i.USB_OTG_ReadPacket)
    USB_OTG_SelectCore                       0x08002c75   Thumb Code   192  usb_core.o(i.USB_OTG_SelectCore)
    USB_OTG_SetCurrentMode                   0x08002d39   Thumb Code    42  usb_core.o(i.USB_OTG_SetCurrentMode)
    USB_OTG_UngateClock                      0x08002d63   Thumb Code    30  usb_core.o(i.USB_OTG_UngateClock)
    USB_OTG_WritePacket                      0x08002d81   Thumb Code    40  usb_core.o(i.USB_OTG_WritePacket)
    UsageFault_Handler                       0x08002da9   Thumb Code     2  stm32fxxx_it.o(i.UsageFault_Handler)
    __0printf$bare                           0x08002f95   Thumb Code     8  printfb.o(i.__0printf$bare)
    __1printf$bare                           0x08002f95   Thumb Code     0  printfb.o(i.__0printf$bare)
    __2printf                                0x08002f95   Thumb Code     0  printfb.o(i.__0printf$bare)
    __scatterload_copy                       0x08002fa5   Thumb Code    14  handlers.o(i.__scatterload_copy)
    __scatterload_null                       0x08002fb3   Thumb Code     2  handlers.o(i.__scatterload_null)
    __scatterload_zeroinit                   0x08002fb5   Thumb Code    14  handlers.o(i.__scatterload_zeroinit)
    delay_ms                                 0x08002fe5   Thumb Code    28  stm322xg_eval_lcd.o(i.delay_ms)
    fputc                                    0x08003001   Thumb Code   222  lcd_log.o(i.fputc)
    main                                     0x080030e9   Thumb Code    60  app.o(i.main)
    COM_TX_PIN_SOURCE                        0x08003344   Data           1  stm32_eval.o(.constdata)
    COM_RX_PIN_SOURCE                        0x08003345   Data           1  stm32_eval.o(.constdata)
    COM_TX_AF                                0x08003346   Data           1  stm32_eval.o(.constdata)
    COM_RX_AF                                0x08003347   Data           1  stm32_eval.o(.constdata)
    COM_TX_PIN                               0x08003348   Data           2  stm32_eval.o(.constdata)
    COM_RX_PIN                               0x0800334a   Data           2  stm32_eval.o(.constdata)
    BUTTON_PORT_SOURCE                       0x0800334c   Data           3  stm32_eval.o(.constdata)
    BUTTON_PIN_SOURCE                        0x0800334f   Data           3  stm32_eval.o(.constdata)
    BUTTON_IRQn                              0x08003352   Data           3  stm32_eval.o(.constdata)
    COM_USART_CLK                            0x08003358   Data           4  stm32_eval.o(.constdata)
    COM_TX_PORT_CLK                          0x0800335c   Data           4  stm32_eval.o(.constdata)
    COM_RX_PORT_CLK                          0x08003360   Data           4  stm32_eval.o(.constdata)
    BUTTON_PIN                               0x08003364   Data           6  stm32_eval.o(.constdata)
    BUTTON_EXTI_LINE                         0x0800336a   Data           6  stm32_eval.o(.constdata)
    GPIO_PIN                                 0x08003370   Data           8  stm32_eval.o(.constdata)
    GPIO_CLK                                 0x08003378   Data          16  stm32_eval.o(.constdata)
    BUTTON_CLK                               0x08003388   Data          12  stm32_eval.o(.constdata)
    ASCII16x24_Table                         0x08003394   Data        4560  stm322xg_eval_lcd.o(.constdata)
    ASCII12x12_Table                         0x08004564   Data        2304  stm322xg_eval_lcd.o(.constdata)
    ASCII8x12_Table                          0x08004e64   Data        2304  stm322xg_eval_lcd.o(.constdata)
    Region$$Table$$Base                      0x08005764   Number         0  anon$$obj.o(Region$$Table)
    Region$$Table$$Limit                     0x08005784   Number         0  anon$$obj.o(Region$$Table)
    USR_cb                                   0x20000000   Data          28  usbd_usr.o(.data)
    linecoding                               0x2000001c   Data           8  usbd_cdc_vcp.o(.data)
    VCP_fops                                 0x20000024   Data          20  usbd_cdc_vcp.o(.data)
    USR_desc                                 0x20000038   Data          28  usbd_desc.o(.data)
    USBD_LangIDDesc                          0x20000054   Data           4  usbd_desc.o(.data)
    USBD_DeviceDesc                          0x20000058   Data          18  usbd_desc.o(.data)
    USBD_DeviceQualifierDesc                 0x2000006a   Data          10  usbd_desc.o(.data)
    COM_USART                                0x20000074   Data           4  stm32_eval.o(.data)
    COM_TX_PORT                              0x20000078   Data           4  stm32_eval.o(.data)
    COM_RX_PORT                              0x2000007c   Data           4  stm32_eval.o(.data)
    NVIC_InitStructure                       0x20000080   Data           4  stm32_eval.o(.data)
    GPIO_PORT                                0x20000084   Data          16  stm32_eval.o(.data)
    BUTTON_PORT                              0x20000094   Data          12  stm32_eval.o(.data)
    LCD_CacheBuffer_yptr_invert              0x200000a0   Data           1  lcd_log.o(.data)
    LCD_ScrollActive                         0x200000a1   Data           1  lcd_log.o(.data)
    LCD_Lock                                 0x200000a2   Data           1  lcd_log.o(.data)
    LCD_Scrolled                             0x200000a3   Data           1  lcd_log.o(.data)
    LCD_LineColor                            0x200000a4   Data           2  lcd_log.o(.data)
    LCD_CacheBuffer_xptr                     0x200000a6   Data           2  lcd_log.o(.data)
    LCD_CacheBuffer_yptr_top                 0x200000a8   Data           2  lcd_log.o(.data)
    LCD_CacheBuffer_yptr_bottom              0x200000aa   Data           2  lcd_log.o(.data)
    LCD_CacheBuffer_yptr_top_bak             0x200000ac   Data           2  lcd_log.o(.data)
    LCD_CacheBuffer_yptr_bottom_bak          0x200000ae   Data           2  lcd_log.o(.data)
    LCD_ScrollBackStep                       0x200000b0   Data           2  lcd_log.o(.data)
    TextColor                                0x200000b4   Data           2  stm322xg_eval_lcd.o(.data)
    BackColor                                0x200000b6   Data           2  stm322xg_eval_lcd.o(.data)
    lcdid                                    0x200000b8   Data           4  stm322xg_eval_lcd.o(.data)
    Font16x24                                0x200000c0   Data           8  stm322xg_eval_lcd.o(.data)
    Font12x12                                0x200000c8   Data           8  stm322xg_eval_lcd.o(.data)
    Font8x12                                 0x200000d0   Data           8  stm322xg_eval_lcd.o(.data)
    USBD_ep_status                           0x200000ec   Data           4  usbd_req.o(.data)
    USBD_default_cfg                         0x200000f0   Data           4  usbd_req.o(.data)
    USBD_cfg_status                          0x200000f4   Data           4  usbd_req.o(.data)
    USBD_DCD_INT_cb                          0x200000f8   Data          44  usbd_core.o(.data)
    USBD_DCD_INT_fops                        0x20000124   Data           4  usbd_core.o(.data)
    USB_Tx_State                             0x20000128   Data           1  usbd_cdc_core.o(.data)
    APP_Rx_ptr_in                            0x20000130   Data           4  usbd_cdc_core.o(.data)
    APP_Rx_ptr_out                           0x20000134   Data           4  usbd_cdc_core.o(.data)
    APP_Rx_length                            0x20000138   Data           4  usbd_cdc_core.o(.data)
    CmdBuff                                  0x20000148   Data           8  usbd_cdc_core.o(.data)
    usbd_cdc_CfgDesc                         0x20000150   Data          67  usbd_cdc_core.o(.data)
    usbd_cdc_OtherCfgDesc                    0x20000193   Data          67  usbd_cdc_core.o(.data)
    USBD_CDC_cb                              0x200001d8   Data          48  usbd_cdc_core.o(.data)
    __stdout                                 0x20000208   Data           4  stdout.o(.data)
    USB_OTG_dev                              0x2000020c   Data        1520  app.o(.bss)
    USART_InitStructure                      0x200007fc   Data          16  usbd_cdc_vcp.o(.bss)
    LCD_CacheBuffer                          0x2000080c   Data         468  lcd_log.o(.bss)
    USBD_StrDesc                             0x200009e0   Data          50  usbd_req.o(.bss)
    USB_Rx_Buffer                            0x20000a12   Data         512  usbd_cdc_core.o(.bss)
    APP_Rx_Buffer                            0x20000c12   Data        2048  usbd_cdc_core.o(.bss)
    __initial_sp                             0x20001818   Data           0  startup_stm32f2xx.o(STACK)



==============================================================================

Memory Map of the image

  Image Entry point : 0x08000185

  Load Region LR_IROM1 (Base: 0x08000000, Size: 0x00005990, Max: 0x00100000, ABSOLUTE, COMPRESSED[0x000058ac])

    Execution Region ER_IROM1 (Base: 0x08000000, Size: 0x00005784, Max: 0x00100000, ABSOLUTE)

    Base Addr    Size         Type   Attr      Idx    E Section Name        Object

    0x08000000   0x00000184   Data   RO          624    RESET               startup_stm32f2xx.o
    0x08000184   0x00000000   Code   RO         3325  * .ARM.Collect$$$$00000000  mc_w.l(entry.o)
    0x08000184   0x00000004   Code   RO         3596    .ARM.Collect$$$$00000001  mc_w.l(entry2.o)
    0x08000188   0x00000004   Code   RO         3599    .ARM.Collect$$$$00000004  mc_w.l(entry5.o)
    0x0800018c   0x00000000   Code   RO         3601    .ARM.Collect$$$$00000008  mc_w.l(entry7b.o)
    0x0800018c   0x00000008   Code   RO         3602    .ARM.Collect$$$$00000009  mc_w.l(entry8.o)
    0x08000194   0x00000004   Code   RO         3597    .ARM.Collect$$$$00002712  mc_w.l(entry2.o)
    0x08000198   0x00000024   Code   RO          625    .text               startup_stm32f2xx.o
    0x080001bc   0x00000024   Code   RO         3619    .text               mc_w.l(init.o)
    0x080001e0   0x0000005c   Code   RO         3635    .text               mc_w.l(__dczerorl2.o)
    0x0800023c   0x00000002   Code   RO          158    i.BusFault_Handler  stm32fxxx_it.o
    0x0800023e   0x0000002c   Code   RO         3243    i.DCD_EP_Close      usb_dcd.o
    0x0800026a   0x00000038   Code   RO         3244    i.DCD_EP_ClrStall   usb_dcd.o
    0x080002a2   0x0000003c   Code   RO         3246    i.DCD_EP_Open       usb_dcd.o
    0x080002de   0x0000003a   Code   RO         3247    i.DCD_EP_PrepareRx  usb_dcd.o
    0x08000318   0x00000010   Code   RO         3248    i.DCD_EP_SetAddress  usb_dcd.o
    0x08000328   0x00000038   Code   RO         3249    i.DCD_EP_Stall      usb_dcd.o
    0x08000360   0x00000036   Code   RO         3250    i.DCD_EP_Tx         usb_dcd.o
    0x08000396   0x00000002   PAD
    0x08000398   0x000000e8   Code   RO         2960    i.DCD_HandleInEP_ISR  usb_dcd_int.o
    0x08000480   0x000000b8   Code   RO         2961    i.DCD_HandleOutEP_ISR  usb_dcd_int.o
    0x08000538   0x0000007c   Code   RO         2962    i.DCD_HandleRxStatusQueueLevel_ISR  usb_dcd_int.o
    0x080005b4   0x00000090   Code   RO         2963    i.DCD_HandleUsbReset_ISR  usb_dcd_int.o
    0x08000644   0x0000008a   Code   RO         3252    i.DCD_Init          usb_dcd.o
    0x080006ce   0x0000007a   Code   RO         2964    i.DCD_WriteEmptyTxFifo  usb_dcd_int.o
    0x08000748   0x00000002   Code   RO          159    i.DebugMon_Handler  stm32fxxx_it.o
    0x0800074a   0x00000002   PAD
    0x0800074c   0x0000000c   Code   RO         1187    i.EXTI_ClearITPendingBit  stm32f2xx_exti.o
    0x08000758   0x00000020   Code   RO         1437    i.FSMC_NORSRAMCmd   stm32f2xx_fsmc.o
    0x08000778   0x000000c0   Code   RO         1439    i.FSMC_NORSRAMInit  stm32f2xx_fsmc.o
    0x08000838   0x000000a2   Code   RO         1547    i.GPIO_Init         stm32f2xx_gpio.o
    0x080008da   0x00000020   Code   RO         1548    i.GPIO_PinAFConfig  stm32f2xx_gpio.o
    0x080008fa   0x00000002   PAD
    0x080008fc   0x0000006c   Code   RO         2895    i.Handle_USBAsynchXfer  usbd_cdc_core.o
    0x08000968   0x00000002   Code   RO          160    i.HardFault_Handler  stm32fxxx_it.o
    0x0800096a   0x00000002   PAD
    0x0800096c   0x0000002c   Code   RO          787    i.LCD_Clear         stm322xg_eval_lcd.o
    0x08000998   0x00000030   Code   RO          788    i.LCD_ClearLine     stm322xg_eval_lcd.o
    0x080009c8   0x00000140   Code   RO          791    i.LCD_CtrlLinesConfig  stm322xg_eval_lcd.o
    0x08000b08   0x00000020   Code   RO          793    i.LCD_DisplayChar   stm322xg_eval_lcd.o
    0x08000b28   0x00000038   Code   RO          794    i.LCD_DisplayStringLine  stm322xg_eval_lcd.o
    0x08000b60   0x00000084   Code   RO          795    i.LCD_DrawChar      stm322xg_eval_lcd.o
    0x08000be4   0x0000004e   Code   RO          803    i.LCD_FSMCConfig    stm322xg_eval_lcd.o
    0x08000c32   0x00000002   PAD
    0x08000c34   0x0000000c   Code   RO          806    i.LCD_GetFont       stm322xg_eval_lcd.o
    0x08000c40   0x00000028   Code   RO          734    i.LCD_LOG_DeInit    lcd_log.o
    0x08000c68   0x00000010   Code   RO          735    i.LCD_LOG_Init      lcd_log.o
    0x08000c78   0x00000064   Code   RO          736    i.LCD_LOG_SetFooter  lcd_log.o
    0x08000cdc   0x00000090   Code   RO          737    i.LCD_LOG_SetHeader  lcd_log.o
    0x08000d6c   0x000000a0   Code   RO          738    i.LCD_LOG_UpdateDisplay  lcd_log.o
    0x08000e0c   0x00000010   Code   RO          811    i.LCD_ReadReg       stm322xg_eval_lcd.o
    0x08000e1c   0x0000000c   Code   RO          812    i.LCD_SetBackColor  stm322xg_eval_lcd.o
    0x08000e28   0x00000024   Code   RO          814    i.LCD_SetCursor     stm322xg_eval_lcd.o
    0x08000e4c   0x0000000c   Code   RO          815    i.LCD_SetFont       stm322xg_eval_lcd.o
    0x08000e58   0x0000000c   Code   RO          816    i.LCD_SetTextColor  stm322xg_eval_lcd.o
    0x08000e64   0x00000010   Code   RO          820    i.LCD_WriteReg      stm322xg_eval_lcd.o
    0x08000e74   0x00000002   Code   RO          161    i.MemManage_Handler  stm32fxxx_it.o
    0x08000e76   0x00000002   Code   RO          162    i.NMI_Handler       stm32fxxx_it.o
    0x08000e78   0x00000064   Code   RO          343    i.NVIC_Init         misc.o
    0x08000edc   0x00000014   Code   RO          344    i.NVIC_PriorityGroupConfig  misc.o
    0x08000ef0   0x0000000c   Code   RO          163    i.OTG_HS_EP1_IN_IRQHandler  stm32fxxx_it.o
    0x08000efc   0x0000000c   Code   RO          164    i.OTG_HS_EP1_OUT_IRQHandler  stm32fxxx_it.o
    0x08000f08   0x0000000c   Code   RO          165    i.OTG_HS_IRQHandler  stm32fxxx_it.o
    0x08000f14   0x00000030   Code   RO          166    i.OTG_HS_WKUP_IRQHandler  stm32fxxx_it.o
    0x08000f44   0x00000002   Code   RO          167    i.PendSV_Handler    stm32fxxx_it.o
    0x08000f46   0x00000002   PAD
    0x08000f48   0x00000018   Code   RO         1912    i.RCC_AHB1PeriphClockCmd  stm32f2xx_rcc.o
    0x08000f60   0x00000018   Code   RO         1918    i.RCC_AHB3PeriphClockCmd  stm32f2xx_rcc.o
    0x08000f78   0x00000018   Code   RO         1921    i.RCC_APB1PeriphClockCmd  stm32f2xx_rcc.o
    0x08000f90   0x00000098   Code   RO         1933    i.RCC_GetClocksFreq  stm32f2xx_rcc.o
    0x08001028   0x00000298   Code   RO          822    i.STM322xG_LCD_Init  stm322xg_eval_lcd.o
    0x080012c0   0x000000c0   Code   RO          634    i.STM_EVAL_COMInit  stm32_eval.o
    0x08001380   0x00000048   Code   RO          635    i.STM_EVAL_LEDInit  stm32_eval.o
    0x080013c8   0x0000001c   Code   RO          638    i.STM_EVAL_LEDToggle  stm32_eval.o
    0x080013e4   0x00000002   Code   RO          168    i.SVC_Handler       stm32fxxx_it.o
    0x080013e6   0x00000002   PAD
    0x080013e8   0x00000084   Code   RO          593    i.SetSysClock       system_stm32f2xx.o
    0x0800146c   0x00000016   Code   RO          169    i.SysTick_Handler   stm32fxxx_it.o
    0x08001482   0x00000002   PAD
    0x08001484   0x00000050   Code   RO          595    i.SystemInit        system_stm32f2xx.o
    0x080014d4   0x00000034   Code   RO          471    i.USART3_IRQHandler  usbd_cdc_vcp.o
    0x08001508   0x00000014   Code   RO         2524    i.USART_Cmd         stm32f2xx_usart.o
    0x0800151c   0x0000000e   Code   RO         2527    i.USART_GetFlagStatus  stm32f2xx_usart.o
    0x0800152a   0x0000003e   Code   RO         2528    i.USART_GetITStatus  stm32f2xx_usart.o
    0x08001568   0x00000030   Code   RO         2530    i.USART_ITConfig    stm32f2xx_usart.o
    0x08001598   0x000000b8   Code   RO         2531    i.USART_Init        stm32f2xx_usart.o
    0x08001650   0x00000008   Code   RO         2538    i.USART_ReceiveData  stm32f2xx_usart.o
    0x08001658   0x00000008   Code   RO         2541    i.USART_SendData    stm32f2xx_usart.o
    0x08001660   0x0000000e   Code   RO         2765    i.USBD_ClrCfg       usbd_core.o
    0x0800166e   0x00000012   Code   RO         2847    i.USBD_CtlContinueRx  usbd_ioreq.o
    0x08001680   0x00000012   Code   RO         2848    i.USBD_CtlContinueSendData  usbd_ioreq.o
    0x08001692   0x00000024   Code   RO         2700    i.USBD_CtlError     usbd_req.o
    0x080016b6   0x00000020   Code   RO         2849    i.USBD_CtlPrepareRx  usbd_ioreq.o
    0x080016d6   0x00000022   Code   RO         2850    i.USBD_CtlReceiveStatus  usbd_ioreq.o
    0x080016f8   0x00000020   Code   RO         2851    i.USBD_CtlSendData  usbd_ioreq.o
    0x08001718   0x00000022   Code   RO         2852    i.USBD_CtlSendStatus  usbd_ioreq.o
    0x0800173a   0x00000096   Code   RO         2766    i.USBD_DataInStage  usbd_core.o
    0x080017d0   0x00000078   Code   RO         2767    i.USBD_DataOutStage  usbd_core.o
    0x08001848   0x00000124   Code   RO         2701    i.USBD_GetDescriptor  usbd_req.o
    0x0800196c   0x0000004a   Code   RO         2702    i.USBD_GetString    usbd_req.o
    0x080019b6   0x00000036   Code   RO         2769    i.USBD_Init         usbd_core.o
    0x080019ec   0x0000000e   Code   RO         2770    i.USBD_IsoINIncomplete  usbd_core.o
    0x080019fa   0x0000000e   Code   RO         2771    i.USBD_IsoOUTIncomplete  usbd_core.o
    0x08001a08   0x0000008c   Code   RO         2965    i.USBD_OTG_EP1IN_ISR_Handler  usb_dcd_int.o
    0x08001a94   0x00000058   Code   RO         2966    i.USBD_OTG_EP1OUT_ISR_Handler  usb_dcd_int.o
    0x08001aec   0x00000180   Code   RO         2967    i.USBD_OTG_ISR_Handler  usb_dcd_int.o
    0x08001c6c   0x00000044   Code   RO         2703    i.USBD_ParseSetupRequest  usbd_req.o
    0x08001cb0   0x0000002e   Code   RO         2772    i.USBD_Reset        usbd_core.o
    0x08001cde   0x00000016   Code   RO         2773    i.USBD_Resume       usbd_core.o
    0x08001cf4   0x00000010   Code   RO         2774    i.USBD_SOF          usbd_core.o
    0x08001d04   0x0000001a   Code   RO         2775    i.USBD_SetCfg       usbd_core.o
    0x08001d1e   0x00000002   PAD
    0x08001d20   0x00000078   Code   RO         2704    i.USBD_SetConfig    usbd_req.o
    0x08001d98   0x00000070   Code   RO         2705    i.USBD_SetFeature   usbd_req.o
    0x08001e08   0x00000048   Code   RO         2776    i.USBD_SetupStage   usbd_core.o
    0x08001e50   0x000000f4   Code   RO         2706    i.USBD_StdDevReq    usbd_req.o
    0x08001f44   0x000000d8   Code   RO         2707    i.USBD_StdEPReq     usbd_req.o
    0x0800201c   0x00000036   Code   RO         2708    i.USBD_StdItfReq    usbd_req.o
    0x08002052   0x00000014   Code   RO         2777    i.USBD_Suspend      usbd_core.o
    0x08002066   0x00000002   PAD
    0x08002068   0x00000020   Code   RO          522    i.USBD_USR_ConfigStrDescriptor  usbd_desc.o
    0x08002088   0x00000034   Code   RO          300    i.USBD_USR_DeviceConfigured  usbd_usr.o
    0x080020bc   0x0000000c   Code   RO          523    i.USBD_USR_DeviceDescriptor  usbd_desc.o
    0x080020c8   0x00000080   Code   RO          301    i.USBD_USR_DeviceReset  usbd_usr.o
    0x08002148   0x00000030   Code   RO          302    i.USBD_USR_DeviceResumed  usbd_usr.o
    0x08002178   0x00000034   Code   RO          303    i.USBD_USR_DeviceSuspended  usbd_usr.o
    0x080021ac   0x0000009c   Code   RO          304    i.USBD_USR_Init     usbd_usr.o
    0x08002248   0x00000024   Code   RO          524    i.USBD_USR_InterfaceStrDescriptor  usbd_desc.o
    0x0800226c   0x0000000c   Code   RO          525    i.USBD_USR_LangIDStrDescriptor  usbd_desc.o
    0x08002278   0x00000028   Code   RO          526    i.USBD_USR_ManufacturerStrDescriptor  usbd_desc.o
    0x080022a0   0x00000064   Code   RO          527    i.USBD_USR_ProductStrDescriptor  usbd_desc.o
    0x08002304   0x0000003c   Code   RO          528    i.USBD_USR_SerialStrDescriptor  usbd_desc.o
    0x08002340   0x0000000c   Code   RO         2896    i.USBD_cdc_GetCfgDesc  usbd_cdc_core.o
    0x0800234c   0x0000000c   Code   RO         2897    i.USBD_cdc_GetOtherCfgDesc  usbd_cdc_core.o
    0x08002358   0x00000068   Code   RO          267    i.USB_OTG_BSP_EnableInterrupt  usb_bsp.o
    0x080023c0   0x00000138   Code   RO          268    i.USB_OTG_BSP_Init  usb_bsp.o
    0x080024f8   0x0000000a   Code   RO          269    i.USB_OTG_BSP_mDelay  usb_bsp.o
    0x08002502   0x00000016   Code   RO          270    i.USB_OTG_BSP_uDelay  usb_bsp.o
    0x08002518   0x000000da   Code   RO         3029    i.USB_OTG_CoreInit  usb_core.o
    0x080025f2   0x00000002   PAD
    0x080025f4   0x00000160   Code   RO         3030    i.USB_OTG_CoreInitDev  usb_core.o
    0x08002754   0x00000058   Code   RO         3031    i.USB_OTG_CoreReset  usb_core.o
    0x080027ac   0x00000010   Code   RO         3032    i.USB_OTG_DisableGlobalInt  usb_core.o
    0x080027bc   0x0000003a   Code   RO         3033    i.USB_OTG_EP0Activate  usb_core.o
    0x080027f6   0x00000002   PAD
    0x080027f8   0x000000b6   Code   RO         3034    i.USB_OTG_EP0StartXfer  usb_core.o
    0x080028ae   0x00000002   PAD
    0x080028b0   0x00000024   Code   RO         3035    i.USB_OTG_EP0_OutStart  usb_core.o
    0x080028d4   0x00000068   Code   RO         3036    i.USB_OTG_EPActivate  usb_core.o
    0x0800293c   0x00000032   Code   RO         3037    i.USB_OTG_EPClearStall  usb_core.o
    0x0800296e   0x0000004e   Code   RO         3038    i.USB_OTG_EPDeactivate  usb_core.o
    0x080029bc   0x00000030   Code   RO         3039    i.USB_OTG_EPSetStall  usb_core.o
    0x080029ec   0x00000122   Code   RO         3040    i.USB_OTG_EPStartXfer  usb_core.o
    0x08002b0e   0x00000002   PAD
    0x08002b10   0x00000044   Code   RO         3041    i.USB_OTG_EnableDevInt  usb_core.o
    0x08002b54   0x00000010   Code   RO         3042    i.USB_OTG_EnableGlobalInt  usb_core.o
    0x08002b64   0x00000038   Code   RO         3043    i.USB_OTG_FlushRxFifo  usb_core.o
    0x08002b9c   0x00000040   Code   RO         3044    i.USB_OTG_FlushTxFifo  usb_core.o
    0x08002bdc   0x00000026   Code   RO         3045    i.USB_OTG_GetDeviceSpeed  usb_core.o
    0x08002c02   0x0000000c   Code   RO         3048    i.USB_OTG_InitDevSpeed  usb_core.o
    0x08002c0e   0x00000012   Code   RO         3049    i.USB_OTG_IsDeviceMode  usb_core.o
    0x08002c20   0x0000000a   Code   RO         3051    i.USB_OTG_ReadCoreItr  usb_core.o
    0x08002c2a   0x0000000c   Code   RO         3052    i.USB_OTG_ReadDevAllInEPItr  usb_core.o
    0x08002c36   0x0000000c   Code   RO         3053    i.USB_OTG_ReadDevAllOutEp_itr  usb_core.o
    0x08002c42   0x00000010   Code   RO         3054    i.USB_OTG_ReadDevOutEP_itr  usb_core.o
    0x08002c52   0x00000020   Code   RO         3056    i.USB_OTG_ReadPacket  usb_core.o
    0x08002c72   0x00000002   PAD
    0x08002c74   0x000000c4   Code   RO         3057    i.USB_OTG_SelectCore  usb_core.o
    0x08002d38   0x0000002a   Code   RO         3058    i.USB_OTG_SetCurrentMode  usb_core.o
    0x08002d62   0x0000001e   Code   RO         3061    i.USB_OTG_UngateClock  usb_core.o
    0x08002d80   0x00000028   Code   RO         3062    i.USB_OTG_WritePacket  usb_core.o
    0x08002da8   0x00000002   Code   RO          170    i.UsageFault_Handler  stm32fxxx_it.o
    0x08002daa   0x00000002   PAD
    0x08002dac   0x000000b0   Code   RO          472    i.VCP_COMConfig     usbd_cdc_vcp.o
    0x08002e5c   0x0000005c   Code   RO          473    i.VCP_Ctrl          usbd_cdc_vcp.o
    0x08002eb8   0x00000034   Code   RO          474    i.VCP_DataRx        usbd_cdc_vcp.o
    0x08002eec   0x0000004c   Code   RO          475    i.VCP_DataTx        usbd_cdc_vcp.o
    0x08002f38   0x00000004   Code   RO          476    i.VCP_DeInit        usbd_cdc_vcp.o
    0x08002f3c   0x00000058   Code   RO          477    i.VCP_Init          usbd_cdc_vcp.o
    0x08002f94   0x00000010   Code   RO         3329    i.__0printf$bare    mc_w.l(printfb.o)
    0x08002fa4   0x0000000e   Code   RO         3629    i.__scatterload_copy  mc_w.l(handlers.o)
    0x08002fb2   0x00000002   Code   RO         3630    i.__scatterload_null  mc_w.l(handlers.o)
    0x08002fb4   0x0000000e   Code   RO         3631    i.__scatterload_zeroinit  mc_w.l(handlers.o)
    0x08002fc2   0x00000022   Code   RO         3336    i._printf_core      mc_w.l(printfb.o)
    0x08002fe4   0x0000001c   Code   RO          823    i.delay_ms          stm322xg_eval_lcd.o
    0x08003000   0x000000e8   Code   RO          739    i.fputc             lcd_log.o
    0x080030e8   0x0000004c   Code   RO            1    i.main              app.o
    0x08003134   0x00000050   Code   RO         2898    i.usbd_cdc_DataIn   usbd_cdc_core.o
    0x08003184   0x00000038   Code   RO         2899    i.usbd_cdc_DataOut  usbd_cdc_core.o
    0x080031bc   0x00000028   Code   RO         2900    i.usbd_cdc_DeInit   usbd_cdc_core.o
    0x080031e4   0x00000028   Code   RO         2901    i.usbd_cdc_EP0_RxReady  usbd_cdc_core.o
    0x0800320c   0x00000068   Code   RO         2902    i.usbd_cdc_Init     usbd_cdc_core.o
    0x08003274   0x00000020   Code   RO         2903    i.usbd_cdc_SOF      usbd_cdc_core.o
    0x08003294   0x000000b0   Code   RO         2904    i.usbd_cdc_Setup    usbd_cdc_core.o
    0x08003344   0x00000050   Data   RO          645    .constdata          stm32_eval.o
    0x08003394   0x000011d0   Data   RO          824    .constdata          stm322xg_eval_lcd.o
    0x08004564   0x00000900   Data   RO          825    .constdata          stm322xg_eval_lcd.o
    0x08004e64   0x00000900   Data   RO          826    .constdata          stm322xg_eval_lcd.o
    0x08005764   0x00000020   Data   RO         3627    Region$$Table       anon$$obj.o


    Execution Region RW_IRAM1 (Base: 0x20000000, Size: 0x00001818, Max: 0x00020000, ABSOLUTE, COMPRESSED[0x00000128])

    Base Addr    Size         Type   Attr      Idx    E Section Name        Object

    0x20000000   0x0000001c   Data   RW          305    .data               usbd_usr.o
    0x2000001c   0x00000008   Data   RW          479    .data               usbd_cdc_vcp.o
    0x20000024   0x00000014   Data   RW          480    .data               usbd_cdc_vcp.o
    0x20000038   0x0000001c   Data   RW          529    .data               usbd_desc.o
    0x20000054   0x00000016   Data   RW          530    .data               usbd_desc.o
    0x2000006a   0x0000000a   Data   RW          531    .data               usbd_desc.o
    0x20000074   0x0000002c   Data   RW          646    .data               stm32_eval.o
    0x200000a0   0x00000012   Data   RW          741    .data               lcd_log.o
    0x200000b2   0x00000002   PAD
    0x200000b4   0x00000014   Data   RW          828    .data               stm322xg_eval_lcd.o
    0x200000c8   0x00000008   Data   RW          829    .data               stm322xg_eval_lcd.o
    0x200000d0   0x00000008   Data   RW          830    .data               stm322xg_eval_lcd.o
    0x200000d8   0x00000010   Data   RW         1956    .data               stm32f2xx_rcc.o
    0x200000e8   0x00000010   Data   RW         2710    .data               usbd_req.o
    0x200000f8   0x0000002c   Data   RW         2778    .data               usbd_core.o
    0x20000124   0x00000004   Data   RW         2779    .data               usbd_core.o
    0x20000128   0x000000ae   Data   RW         2906    .data               usbd_cdc_core.o
    0x200001d6   0x00000002   PAD
    0x200001d8   0x00000030   Data   RW         2907    .data               usbd_cdc_core.o
    0x20000208   0x00000004   Data   RW         3603    .data               mc_w.l(stdout.o)
    0x2000020c   0x000005f0   Zero   RW            2    .bss                app.o
    0x200007fc   0x00000010   Zero   RW          478    .bss                usbd_cdc_vcp.o
    0x2000080c   0x000001d4   Zero   RW          740    .bss                lcd_log.o
    0x200009e0   0x00000032   Zero   RW         2709    .bss                usbd_req.o
    0x20000a12   0x00000a00   Zero   RW         2905    .bss                usbd_cdc_core.o
    0x20001412   0x00000006   PAD
    0x20001418   0x00000400   Zero   RW          622    STACK               startup_stm32f2xx.o


==============================================================================

Image component sizes


      Code (inc. data)   RO Data    RW Data    ZI Data      Debug   Object Name

        76         16          0          0       1520     261535   app.o
         0          0          0          0          0         32   core_cm3.o
       692         34          0         18        468       6057   lcd_log.o
       120         18          0          0          0     240247   misc.o
        36          8        388          0       1024        900   startup_stm32f2xx.o
      1518         80       9168         36          0      12926   stm322xg_eval_lcd.o
       292         28         80         44          0       3851   stm32_eval.o
        12          6          0          0          0        549   stm32f2xx_exti.o
       224          4          0          0          0       1993   stm32f2xx_fsmc.o
       194          0          0          0          0       1819   stm32f2xx_gpio.o
       224         36          0         16          0       4515   stm32f2xx_rcc.o
       344         10          0          0          0       5405   stm32f2xx_usart.o
       122         26          0          0          0       7421   stm32fxxx_it.o
       212         32          0          0          0       1493   system_stm32f2xx.o
       448         14          0          0          0       2531   usb_bsp.o
      2182         26          0          0          0      20026   usb_core.o
       482          0          0          0          0       5520   usb_dcd.o
      1418         40          0          0          0      24806   usb_dcd_int.o
       660         76          0        222       2560       9324   usbd_cdc_core.o
       540         56          0         28         16       4916   usbd_cdc_vcp.o
       568          0          0         48          0       9008   usbd_core.o
       292        180          0         60          0       5040   usbd_desc.o
       168          0          0          0          0       4168   usbd_ioreq.o
      1216         52          0         16         50       7807   usbd_req.o
       436        310          0         28          0       2432   usbd_usr.o

    ----------------------------------------------------------------------
     12508       1052       9668        520       5644     644321   Object Totals
         0          0         32          0          0          0   (incl. Generated)
        32          0          0          4          6          0   (incl. Padding)

    ----------------------------------------------------------------------

      Code (inc. data)   RO Data    RW Data    ZI Data      Debug   Library Member Name

        92          0          0          0          0          0   __dczerorl2.o
         0          0          0          0          0          0   entry.o
         8          4          0          0          0          0   entry2.o
         4          0          0          0          0          0   entry5.o
         0          0          0          0          0          0   entry7b.o
         8          4          0          0          0          0   entry8.o
        30          0          0          0          0          0   handlers.o
        36          8          0          0          0         68   init.o
        50          8          0          0          0        152   printfb.o
         0          0          0          4          0          0   stdout.o

    ----------------------------------------------------------------------
       228         24          0          4          0        220   Library Totals
         0          0          0          0          0          0   (incl. Padding)

    ----------------------------------------------------------------------

      Code (inc. data)   RO Data    RW Data    ZI Data      Debug   Library Name

       228         24          0          4          0        220   mc_w.l

    ----------------------------------------------------------------------
       228         24          0          4          0        220   Library Totals

    ----------------------------------------------------------------------

==============================================================================


      Code (inc. data)   RO Data    RW Data    ZI Data      Debug   

     12736       1076       9668        524       5644     636273   Grand Totals
     12736       1076       9668        296       5644     636273   ELF Image Totals (compressed)
     12736       1076       9668        296          0          0   ROM Totals

==============================================================================

    Total RO  Size (Code + RO Data)                22404 (  21.88kB)
    Total RW  Size (RW Data + ZI Data)              6168 (   6.02kB)
    Total ROM Size (Code + RO Data + RW Data)      22700 (  22.17kB)

==============================================================================

